Archive member included because of file (symbol)

C:\Users\aluno\Desktop\Lib_CMSISv1p30_LPC17xx\Debug\libCMSISv1p30_LPC17xx.a(system_LPC17xx.o)
                              ./cr_startup_lpc17.o (SystemInit)
C:\Users\aluno\Desktop\FreeRTOS_Library\Debug\libFreeRTOS_Library.a(port.o)
                              ./cr_startup_lpc17.o (vPortSVCHandler)
C:\Users\aluno\Desktop\FreeRTOS_Library\Debug\libFreeRTOS_Library.a(basic_io.o)
                              ./main.o (vPrintString)
C:\Users\aluno\Desktop\FreeRTOS_Library\Debug\libFreeRTOS_Library.a(consoleprint.o)
                              C:\Users\aluno\Desktop\FreeRTOS_Library\Debug\libFreeRTOS_Library.a(basic_io.o) (consoleprint)
C:\Users\aluno\Desktop\FreeRTOS_Library\Debug\libFreeRTOS_Library.a(queue.o)
                              ./main.o (xQueueCreate)
C:\Users\aluno\Desktop\FreeRTOS_Library\Debug\libFreeRTOS_Library.a(tasks.o)
                              ./main.o (xTaskGenericCreate)
C:\Users\aluno\Desktop\FreeRTOS_Library\Debug\libFreeRTOS_Library.a(heap_2.o)
                              C:\Users\aluno\Desktop\FreeRTOS_Library\Debug\libFreeRTOS_Library.a(queue.o) (pvPortMalloc)
C:\Users\aluno\Desktop\FreeRTOS_Library\Debug\libFreeRTOS_Library.a(list.o)
                              C:\Users\aluno\Desktop\FreeRTOS_Library\Debug\libFreeRTOS_Library.a(queue.o) (vListInitialise)
C:\Users\aluno\Desktop\Lib_EaBaseBoard\Debug\libLib_EaBaseBoard.a(led7seg.o)
                              ./sensor.o (led7seg_setChar)
C:\Users\aluno\Desktop\Lib_EaBaseBoard\Debug\libLib_EaBaseBoard.a(light.o)
                              ./sensor.o (light_init)
C:\Users\aluno\Desktop\Lib_EaBaseBoard\Debug\libLib_EaBaseBoard.a(oled.o)
                              ./display_oled.o (oled_init)
C:\Users\aluno\Desktop\Lib_EaBaseBoard\Debug\libLib_EaBaseBoard.a(font5x7.o)
                              C:\Users\aluno\Desktop\Lib_EaBaseBoard\Debug\libLib_EaBaseBoard.a(oled.o) (font5x7)
C:\Users\aluno\Desktop\Lib_MCU\Debug\libLib_MCU.a(lpc17xx_gpio.o)
                              C:\Users\aluno\Desktop\Lib_EaBaseBoard\Debug\libLib_EaBaseBoard.a(led7seg.o) (GPIO_SetDir)
C:\Users\aluno\Desktop\Lib_MCU\Debug\libLib_MCU.a(lpc17xx_i2c.o)
                              ./sensor.o (I2C_Init)
C:\Users\aluno\Desktop\Lib_MCU\Debug\libLib_MCU.a(lpc17xx_libcfg_default.o)
                              C:\Users\aluno\Desktop\Lib_MCU\Debug\libLib_MCU.a(lpc17xx_i2c.o) (check_failed)
C:\Users\aluno\Desktop\Lib_MCU\Debug\libLib_MCU.a(lpc17xx_pinsel.o)
                              ./display_oled.o (PINSEL_ConfigPin)
C:\Users\aluno\Desktop\Lib_MCU\Debug\libLib_MCU.a(lpc17xx_ssp.o)
                              ./display_oled.o (SSP_Init)
C:\Users\aluno\Desktop\Lib_MCU\Debug\libLib_MCU.a(lpc17xx_timer.o)
                              ./sensor.o (TIM_GetIntStatus)
C:\Users\aluno\Desktop\Lib_MCU\Debug\libLib_MCU.a(lpc17xx_clkpwr.o)
                              C:\Users\aluno\Desktop\Lib_MCU\Debug\libLib_MCU.a(lpc17xx_i2c.o) (CLKPWR_SetPCLKDiv)
c:/nxp/lpcxpresso_5.2.6_2137/lpcxpresso/tools/bin/../lib/gcc/arm-none-eabi/4.6.2/../../../../arm-none-eabi/lib/armv7-m\libcr_semihost.a(__sys_write.o)
                              C:\Users\aluno\Desktop\FreeRTOS_Library\Debug\libFreeRTOS_Library.a(consoleprint.o) (__write)
c:/nxp/lpcxpresso_5.2.6_2137/lpcxpresso/tools/bin/../lib/gcc/arm-none-eabi/4.6.2/../../../../arm-none-eabi/lib/armv7-m\libcr_semihost.a(_cr__main.o)
                              ./cr_startup_lpc17.o (__main)
c:/nxp/lpcxpresso_5.2.6_2137/lpcxpresso/tools/bin/../lib/gcc/arm-none-eabi/4.6.2/../../../../arm-none-eabi/lib/armv7-m\libcr_c.a(memcpy.o)
                              C:\Users\aluno\Desktop\FreeRTOS_Library\Debug\libFreeRTOS_Library.a(queue.o) (memcpy)
c:/nxp/lpcxpresso_5.2.6_2137/lpcxpresso/tools/bin/../lib/gcc/arm-none-eabi/4.6.2/../../../../arm-none-eabi/lib/armv7-m\libcr_c.a(memset.o)
                              C:\Users\aluno\Desktop\FreeRTOS_Library\Debug\libFreeRTOS_Library.a(tasks.o) (memset)
c:/nxp/lpcxpresso_5.2.6_2137/lpcxpresso/tools/bin/../lib/gcc/arm-none-eabi/4.6.2/../../../../arm-none-eabi/lib/armv7-m\libcr_c.a(fpprintf.o)
                              C:\Users\aluno\Desktop\FreeRTOS_Library\Debug\libFreeRTOS_Library.a(basic_io.o) (sprintf)
c:/nxp/lpcxpresso_5.2.6_2137/lpcxpresso/tools/bin/../lib/gcc/arm-none-eabi/4.6.2/../../../../arm-none-eabi/lib/armv7-m\libcr_c.a(initio.o)
                              c:/nxp/lpcxpresso_5.2.6_2137/lpcxpresso/tools/bin/../lib/gcc/arm-none-eabi/4.6.2/../../../../arm-none-eabi/lib/armv7-m\libcr_semihost.a(_cr__main.o) (_initio)
c:/nxp/lpcxpresso_5.2.6_2137/lpcxpresso/tools/bin/../lib/gcc/arm-none-eabi/4.6.2/../../../../arm-none-eabi/lib/armv7-m\libcr_c.a(memcmp.o)
                              C:\Users\aluno\Desktop\FreeRTOS_Library\Debug\libFreeRTOS_Library.a(tasks.o) (memcmp)
c:/nxp/lpcxpresso_5.2.6_2137/lpcxpresso/tools/bin/../lib/gcc/arm-none-eabi/4.6.2/../../../../arm-none-eabi/lib/armv7-m\libcr_c.a(printf.o)
[...]
Memory Configuration

Name             Origin             Length             Attributes
MFlash512        0x00000000         0x00080000         xr
RamLoc32         0x10000000         0x00008000         xrw
RamAHB32         0x2007c000         0x00008000         xrw
*default*        0x00000000         0xffffffff

Linker script and memory map

LOAD ./cr_startup_lpc17.o
LOAD ./display_oled.o
LOAD ./main.o
LOAD ./sensor.o
LOAD C:\Users\aluno\Desktop\Lib_CMSISv1p30_LPC17xx\Debug\libCMSISv1p30_LPC17xx.a
LOAD C:\Users\aluno\Desktop\FreeRTOS_Library\Debug\libFreeRTOS_Library.a
LOAD C:\Users\aluno\Desktop\Lib_EaBaseBoard\Debug\libLib_EaBaseBoard.a
LOAD C:\Users\aluno\Desktop\Lib_MCU\Debug\libLib_MCU.a
START GROUP
LOAD c:/nxp/lpcxpresso_5.2.6_2137/lpcxpresso/tools/bin/../lib/gcc/arm-none-eabi/4.6.2/../../../../arm-none-eabi/lib/armv7-m\libcr_semihost.a
LOAD c:/nxp/lpcxpresso_5.2.6_2137/lpcxpresso/tools/bin/../lib/gcc/arm-none-eabi/4.6.2/../../../../arm-none-eabi/lib/armv7-m\libcr_c.a
LOAD c:/nxp/lpcxpresso_5.2.6_2137/lpcxpresso/tools/bin/../lib/gcc/arm-none-eabi/4.6.2/armv7-m\libcr_eabihelpers.a
END GROUP
                0x00080000                __top_MFlash512 = 0x80000
                0x10008000                __top_RamLoc32 = 0x10008000
                0x20084000                __top_RamAHB32 = 0x20084000

.text           0x00000000     0x7528
 FILL mask 0xff
                0x00000000                __vectors_start__ = ABSOLUTE (.)
 *(.isr_vector)
 .isr_vector    0x00000000       0xcc ./cr_startup_lpc17.o
                0x00000000                g_pfnVectors
                0x000000cc                . = ALIGN (0x4)
                0x000000cc                __section_table_start = .
                0x000000cc                __data_section_table = .
                0x000000cc        0x4 LONG 0x7528 LOADADDR (.data)
                0x000000d0        0x4 LONG 0x10000000 ADDR (.data)
                0x000000d4        0x4 LONG 0x6c SIZEOF (.data)
                0x000000d8        0x4 LONG 0x7528 LOADADDR (.data_RAM2)
                0x000000dc        0x4 LONG 0x2007c000 ADDR (.data_RAM2)
                0x000000e0        0x4 LONG 0x0 SIZEOF (.data_RAM2)
                0x000000e4                __data_section_table_end = .
                0x000000e4                __bss_section_table = .
                0x000000e4        0x4 LONG 0x10000070 ADDR (.bss)
                0x000000e8        0x4 LONG 0x2dec SIZEOF (.bss)
                0x000000ec        0x4 LONG 0x2007c000 ADDR (.bss_RAM2)
                0x000000f0        0x4 LONG 0x0 SIZEOF (.bss_RAM2)
                0x000000f4                __bss_section_table_end = .
                0x000000f4                __section_table_end = .
 *(.after_vectors*)
 *(.text*)
 .text.ResetISR
                0x000000f4       0x68 ./cr_startup_lpc17.o
                0x000000f4                ResetISR
 .text.NMI_Handler
                0x0000015c        0x8 ./cr_startup_lpc17.o
                0x0000015c                NMI_Handler
 .text.HardFault_Handler
                0x00000164        0x8 ./cr_startup_lpc17.o
                0x00000164                HardFault_Handler
 .text.MemManage_Handler
                0x0000016c        0x8 ./cr_startup_lpc17.o
                0x0000016c                MemManage_Handler
 .text.BusFault_Handler
                0x00000174        0x8 ./cr_startup_lpc17.o
                0x00000174                BusFault_Handler
 .text.UsageFault_Handler
                0x0000017c        0x8 ./cr_startup_lpc17.o
                0x0000017c                UsageFault_Handler
 .text.DebugMon_Handler
                0x00000184        0x8 ./cr_startup_lpc17.o
                0x00000184                DebugMon_Handler
 .text.IntDefaultHandler
                0x0000018c        0x8 ./cr_startup_lpc17.o
                0x0000018c                TIMER2_IRQHandler
                0x0000018c                RIT_IRQHandler
                0x0000018c                I2C0_IRQHandler
                0x0000018c                USBActivity_IRQHandler
                0x0000018c                PWM1_IRQHandler
                0x0000018c                I2C1_IRQHandler
                0x0000018c                EINT2_IRQHandler
                0x0000018c                UART1_IRQHandler
                0x0000018c                EINT3_IRQHandler
                0x0000018c                CANActivity_IRQHandler
                0x0000018c                TIMER3_IRQHandler
                0x0000018c                UART0_IRQHandler
                0x0000018c                IntDefaultHandler
                0x0000018c                PLL0_IRQHandler
                0x0000018c                CAN_IRQHandler
                0x0000018c                PLL1_IRQHandler
                0x0000018c                SSP0_IRQHandler
                0x0000018c                I2S_IRQHandler
                0x0000018c                I2C2_IRQHandler
                0x0000018c                RTC_IRQHandler
                0x0000018c                SPI_IRQHandler
                0x0000018c                EINT1_IRQHandler
                0x0000018c                TIMER1_IRQHandler
                0x0000018c                UART2_IRQHandler
                0x0000018c                ADC_IRQHandler
                0x0000018c                SSP1_IRQHandler
                0x0000018c                USB_IRQHandler
                0x0000018c                BOD_IRQHandler
                0x0000018c                WDT_IRQHandler
                0x0000018c                QEI_IRQHandler
                0x0000018c                EINT0_IRQHandler
                0x0000018c                DMA_IRQHandler
                0x0000018c                UART3_IRQHandler
                0x0000018c                MCPWM_IRQHandler
                0x0000018c                ENET_IRQHandler
 .text.DisplayOled_new
                0x00000194       0x38 ./display_oled.o
                0x00000194                DisplayOled_new
 .text.intToString
                0x000001cc       0xdc ./display_oled.o
                0x000001cc                intToString
 .text.init_ssp
                0x000002a8       0x98 ./display_oled.o
                0x000002a8                init_ssp
 .text.DisplayOled_write
                0x00000340       0x60 ./display_oled.o
                0x00000340                DisplayOled_write
 .text.main     0x000003a0       0x9c ./main.o
                0x000003a0                main
 .text.delay    0x0000043c       0x44 ./main.o
                0x0000043c                delay
 .text.vSenderTask
                0x00000480       0x54 ./main.o
 .text.vReceiverTask
                0x000004d4       0x80 ./main.o
 .text.vApplicationMallocFailedHook
                0x00000554        0x8 ./main.o
                0x00000554                vApplicationMallocFailedHook
 .text.vApplicationStackOverflowHook
                0x0000055c        0xc ./main.o
                0x0000055c                vApplicationStackOverflowHook
 .text.vApplicationIdleHook
                0x00000568        0xc ./main.o
                0x00000568                vApplicationIdleHook
 .text.vApplicationTickHook
                0x00000574        0xc ./main.o
                0x00000574                vApplicationTickHook
 .text.NVIC_DisableIRQ
                0x00000580       0x3c ./sensor.o
 .text.SensorLuz_new
                0x000005bc       0x1c ./sensor.o
                0x000005bc                SensorLuz_new
 .text.SensorLuz_read
                0x000005d8       0x24 ./sensor.o
                0x000005d8                SensorLuz_read
 .text.Sensor_init_i2c
                0x000005fc       0x5c ./sensor.o
 .text.TIMER0_IRQHandler
                0x00000658       0x44 ./sensor.o
                0x00000658                TIMER0_IRQHandler
 .text.change7Seg
                0x0000069c       0x74 ./sensor.o
 .text.SystemInit
                0x00000710      0x22c C:\Users\aluno\Desktop\Lib_CMSISv1p30_LPC17xx\Debug\libCMSISv1p30_LPC17xx.a(system_LPC17xx.o)
                0x00000710                SystemInit
 .text          0x0000093c      0x154 C:\Users\aluno\Desktop\FreeRTOS_Library\Debug\libFreeRTOS_Library.a(port.o)
                0x0000093c                pxPortInitialiseStack
                0x0000095c                vPortSVCHandler
                0x0000097c                vPortStartFirstTask
                0x0000098c                xPortStartScheduler
                0x000009dc                vPortEndScheduler
                0x000009e0                vPortYieldFromISR
                0x000009f0                vPortEnterCritical
                0x00000a0c                vPortExitCritical
                0x00000a28                xPortPendSVHandler
                0x00000a64                xPortSysTickHandler
 .text          0x00000a90       0x54 C:\Users\aluno\Desktop\FreeRTOS_Library\Debug\libFreeRTOS_Library.a(basic_io.o)
                0x00000a90                vPrintString
                0x00000ab4                vPrintStringAndNumber
 .text          0x00000ae4       0x18 C:\Users\aluno\Desktop\FreeRTOS_Library\Debug\libFreeRTOS_Library.a(consoleprint.o)
                0x00000ae4                consoleprint
 .text          0x00000afc      0x4e4 C:\Users\aluno\Desktop\FreeRTOS_Library\Debug\libFreeRTOS_Library.a(queue.o)
                0x00000c04                xQueueCreate
                0x00000c70                xQueueCreateCountingSemaphore
                0x00000c84                xQueueGenericSend
                0x00000d68                xQueueCreateMutex
                0x00000db4                xQueueGenericSendFromISR
                0x00000e18                xQueueGenericReceive
                0x00000f30                xQueueReceiveFromISR
                0x00000f98                uxQueueMessagesWaiting
                0x00000fac                uxQueueMessagesWaitingFromISR
                0x00000fb0                vQueueDelete
                0x00000fc4                xQueueIsQueueEmptyFromISR
                0x00000fd0                xQueueIsQueueFullFromISR
 .text          0x00000fe0      0xca4 C:\Users\aluno\Desktop\FreeRTOS_Library\Debug\libFreeRTOS_Library.a(tasks.o)
                0x00000fe0                xTaskGenericCreate
                0x000011e0                vTaskDelete
                0x00001260                uxTaskPriorityGet
                0x00001280                vTaskPrioritySet
                0x00001334                xTaskIsTaskSuspended
                0x00001360                vTaskResume
                0x000013dc                xTaskResumeFromISR
                0x00001458                vTaskStartScheduler
                0x000014ac                vTaskEndScheduler
                0x000014cc                vTaskSuspendAll
                0x000014e4                xTaskGetTickCount
                0x00001500                xTaskGetTickCountFromISR
                0x00001510                uxTaskGetNumberOfTasks
                0x0000151c                vTaskIncrementTick
                0x000015fc                xTaskResumeAll
                0x00001778                vTaskDelay
                0x000017d0                vTaskDelayUntil
                0x0000186c                vTaskSwitchContext
                0x00001968                vTaskSuspend
                0x000019f4                vTaskPlaceOnEventList
                0x00001a60                xTaskRemoveFromEventList
                0x00001aec                vTaskSetTimeOutState
                0x00001b04                xTaskCheckForTimeOut
                0x00001b84                vTaskMissedYield
                0x00001b98                xTaskGetCurrentTaskHandle
                0x00001ba4                vTaskPriorityInherit
                0x00001c30                vTaskPriorityDisinherit
 .text          0x00001c84      0x140 C:\Users\aluno\Desktop\FreeRTOS_Library\Debug\libFreeRTOS_Library.a(heap_2.o)
                0x00001c84                pvPortMalloc
                0x00001d70                vPortFree
                0x00001db4                xPortGetFreeHeapSize
                0x00001dc0                vPortInitialiseBlocks
 .text          0x00001dc4       0xa4 C:\Users\aluno\Desktop\FreeRTOS_Library\Debug\libFreeRTOS_Library.a(list.o)
                0x00001dc4                vListInitialise
                0x00001ddc                vListInitialiseItem
                0x00001de4                vListInsertEnd
                0x00001e04                vListInsert
                0x00001e40                vListRemove
 .text.led7seg_setChar
                0x00001e68       0x74 C:\Users\aluno\Desktop\Lib_EaBaseBoard\Debug\libLib_EaBaseBoard.a(led7seg.o)
                0x00001e68                led7seg_setChar
 .text.I2CRead  0x00001edc       0x50 C:\Users\aluno\Desktop\Lib_EaBaseBoard\Debug\libLib_EaBaseBoard.a(light.o)
 .text.I2CWrite
                0x00001f2c       0x50 C:\Users\aluno\Desktop\Lib_EaBaseBoard\Debug\libLib_EaBaseBoard.a(light.o)
 .text.readControlReg
                0x00001f7c       0x2c C:\Users\aluno\Desktop\Lib_EaBaseBoard\Debug\libLib_EaBaseBoard.a(light.o)
 .text.light_init
                0x00001fa8        0xc C:\Users\aluno\Desktop\Lib_EaBaseBoard\Debug\libLib_EaBaseBoard.a(light.o)
                0x00001fa8                light_init
 .text.light_enable
                0x00001fb4       0x3c C:\Users\aluno\Desktop\Lib_EaBaseBoard\Debug\libLib_EaBaseBoard.a(light.o)
                0x00001fb4                light_enable
 .text.light_read
                0x00001ff0       0x74 C:\Users\aluno\Desktop\Lib_EaBaseBoard\Debug\libLib_EaBaseBoard.a(light.o)
                0x00001ff0                light_read
 .text.light_setRange
                0x00002064       0x90 C:\Users\aluno\Desktop\Lib_EaBaseBoard\Debug\libLib_EaBaseBoard.a(light.o)
                0x00002064                light_setRange
 .text.writeCommand
                0x000020f4       0x48 C:\Users\aluno\Desktop\Lib_EaBaseBoard\Debug\libLib_EaBaseBoard.a(oled.o)
 .text.writeData
                0x0000213c       0x48 C:\Users\aluno\Desktop\Lib_EaBaseBoard\Debug\libLib_EaBaseBoard.a(oled.o)
 .text.writeDataLen
                0x00002184       0x78 C:\Users\aluno\Desktop\Lib_EaBaseBoard\Debug\libLib_EaBaseBoard.a(oled.o)
 .text.runInitSequence
                0x000021fc       0xd4 C:\Users\aluno\Desktop\Lib_EaBaseBoard\Debug\libLib_EaBaseBoard.a(oled.o)
 .text.hLine    0x000022d0       0x58 C:\Users\aluno\Desktop\Lib_EaBaseBoard\Debug\libLib_EaBaseBoard.a(oled.o)
 .text.vLine    0x00002328       0x58 C:\Users\aluno\Desktop\Lib_EaBaseBoard\Debug\libLib_EaBaseBoard.a(oled.o)
 .text.oled_init
                0x00002380       0x74 C:\Users\aluno\Desktop\Lib_EaBaseBoard\Debug\libLib_EaBaseBoard.a(oled.o)
                0x00002380                oled_init
 .text.oled_putPixel
                0x000023f4      0x150 C:\Users\aluno\Desktop\Lib_EaBaseBoard\Debug\libLib_EaBaseBoard.a(oled.o)
                0x000023f4                oled_putPixel
 .text.oled_fillRect
                0x00002544       0xa0 C:\Users\aluno\Desktop\Lib_EaBaseBoard\Debug\libLib_EaBaseBoard.a(oled.o)
                0x00002544                oled_fillRect
 .text.oled_clearScreen
                0x000025e4       0x64 C:\Users\aluno\Desktop\Lib_EaBaseBoard\Debug\libLib_EaBaseBoard.a(oled.o)
                0x000025e4                oled_clearScreen
 .text.oled_putChar
                0x00002648       0xd8 C:\Users\aluno\Desktop\Lib_EaBaseBoard\Debug\libLib_EaBaseBoard.a(oled.o)
                0x00002648                oled_putChar
 .text.oled_putString
                0x00002720       0x54 C:\Users\aluno\Desktop\Lib_EaBaseBoard\Debug\libLib_EaBaseBoard.a(oled.o)
                0x00002720                oled_putString
 .text.GPIO_GetPointer
                0x00002774       0x70 C:\Users\aluno\Desktop\Lib_MCU\Debug\libLib_MCU.a(lpc17xx_gpio.o)
 .text.GPIO_SetDir
                0x000027e4       0x4c C:\Users\aluno\Desktop\Lib_MCU\Debug\libLib_MCU.a(lpc17xx_gpio.o)
                0x000027e4                GPIO_SetDir
 .text.GPIO_SetValue
                0x00002830       0x2c C:\Users\aluno\Desktop\Lib_MCU\Debug\libLib_MCU.a(lpc17xx_gpio.o)
                0x00002830                GPIO_SetValue
 .text.GPIO_ClearValue
                0x0000285c       0x2c C:\Users\aluno\Desktop\Lib_MCU\Debug\libLib_MCU.a(lpc17xx_gpio.o)
                0x0000285c                GPIO_ClearValue
 .text.NVIC_EnableIRQ
                0x00002888       0x30 C:\Users\aluno\Desktop\Lib_MCU\Debug\libLib_MCU.a(lpc17xx_i2c.o)
 .text.NVIC_DisableIRQ
                0x000028b8       0x34 C:\Users\aluno\Desktop\Lib_MCU\Debug\libLib_MCU.a(lpc17xx_i2c.o)
 .text.I2C_getNum
                0x000028ec       0x48 C:\Users\aluno\Desktop\Lib_MCU\Debug\libLib_MCU.a(lpc17xx_i2c.o)
 .text.I2C_Start
                0x00002934       0x3c C:\Users\aluno\Desktop\Lib_MCU\Debug\libLib_MCU.a(lpc17xx_i2c.o)
 .text.I2C_Stop
                0x00002970       0x30 C:\Users\aluno\Desktop\Lib_MCU\Debug\libLib_MCU.a(lpc17xx_i2c.o)
 .text.I2C_SendByte
                0x000029a0       0x4c C:\Users\aluno\Desktop\Lib_MCU\Debug\libLib_MCU.a(lpc17xx_i2c.o)
 .text.I2C_GetByte
                0x000029ec       0x54 C:\Users\aluno\Desktop\Lib_MCU\Debug\libLib_MCU.a(lpc17xx_i2c.o)
 .text.I2C_IntCmd
                0x00002a40       0x88 C:\Users\aluno\Desktop\Lib_MCU\Debug\libLib_MCU.a(lpc17xx_i2c.o)
                0x00002a40                I2C_IntCmd
 .text.I2C_MasterHandler
                0x00002ac8      0x3a0 C:\Users\aluno\Desktop\Lib_MCU\Debug\libLib_MCU.a(lpc17xx_i2c.o)
                0x00002ac8                I2C_MasterHandler
 .text.I2C_SetClock
                0x00002e68       0xa4 C:\Users\aluno\Desktop\Lib_MCU\Debug\libLib_MCU.a(lpc17xx_i2c.o)
                0x00002e68                I2C_SetClock
 .text.I2C_Init
                0x00002f0c       0xa4 C:\Users\aluno\Desktop\Lib_MCU\Debug\libLib_MCU.a(lpc17xx_i2c.o)
                0x00002f0c                I2C_Init
 .text.I2C_Cmd  0x00002fb0       0x70 C:\Users\aluno\Desktop\Lib_MCU\Debug\libLib_MCU.a(lpc17xx_i2c.o)
                0x00002fb0                I2C_Cmd
 .text.I2C_MasterTransferData
                0x00003020      0x2f8 C:\Users\aluno\Desktop\Lib_MCU\Debug\libLib_MCU.a(lpc17xx_i2c.o)
                0x00003020                I2C_MasterTransferData
 .text.check_failed
                0x00003318        0xc C:\Users\aluno\Desktop\Lib_MCU\Debug\libLib_MCU.a(lpc17xx_libcfg_default.o)
                0x00003318                check_failed
 .text.PINSEL_SetPinFunc
                0x00003324       0x84 C:\Users\aluno\Desktop\Lib_MCU\Debug\libLib_MCU.a(lpc17xx_pinsel.o)
                0x00003324                PINSEL_SetPinFunc
 .text.PINSEL_SetResistorMode
                0x000033a8       0x84 C:\Users\aluno\Desktop\Lib_MCU\Debug\libLib_MCU.a(lpc17xx_pinsel.o)
                0x000033a8                PINSEL_SetResistorMode
 .text.PINSEL_SetOpenDrainMode
                0x0000342c       0x6c C:\Users\aluno\Desktop\Lib_MCU\Debug\libLib_MCU.a(lpc17xx_pinsel.o)
                0x0000342c                PINSEL_SetOpenDrainMode
 .text.PINSEL_ConfigPin
                0x00003498       0x48 C:\Users\aluno\Desktop\Lib_MCU\Debug\libLib_MCU.a(lpc17xx_pinsel.o)
                0x00003498                PINSEL_ConfigPin
 .text.SSP_getNum
                0x000034e0       0x38 C:\Users\aluno\Desktop\Lib_MCU\Debug\libLib_MCU.a(lpc17xx_ssp.o)
 .text.SSP_IntHandler
                0x00003518      0x2cc C:\Users\aluno\Desktop\Lib_MCU\Debug\libLib_MCU.a(lpc17xx_ssp.o)
                0x00003518                SSP_IntHandler
 .text.SSP_SetClock
                0x000037e4       0xc4 C:\Users\aluno\Desktop\Lib_MCU\Debug\libLib_MCU.a(lpc17xx_ssp.o)
                0x000037e4                SSP_SetClock
 .text.SSP_Init
                0x000038a8       0xd8 C:\Users\aluno\Desktop\Lib_MCU\Debug\libLib_MCU.a(lpc17xx_ssp.o)
                0x000038a8                SSP_Init
 .text.SSP_ConfigStructInit
                0x00003980       0x3c C:\Users\aluno\Desktop\Lib_MCU\Debug\libLib_MCU.a(lpc17xx_ssp.o)
                0x00003980                SSP_ConfigStructInit
 .text.SSP_Cmd  0x000039bc       0x70 C:\Users\aluno\Desktop\Lib_MCU\Debug\libLib_MCU.a(lpc17xx_ssp.o)
                0x000039bc                SSP_Cmd
 .text.SSP_SendData
                0x00003a2c       0x40 C:\Users\aluno\Desktop\Lib_MCU\Debug\libLib_MCU.a(lpc17xx_ssp.o)
                0x00003a2c                SSP_SendData
 .text.SSP_ReceiveData
                0x00003a6c       0x3c C:\Users\aluno\Desktop\Lib_MCU\Debug\libLib_MCU.a(lpc17xx_ssp.o)
                0x00003a6c                SSP_ReceiveData
 .text.SSP_ReadWrite
                0x00003aa8      0x3c0 C:\Users\aluno\Desktop\Lib_MCU\Debug\libLib_MCU.a(lpc17xx_ssp.o)
                0x00003aa8                SSP_ReadWrite
 .text.TIM_GetPClock
                0x00003e68       0x58 C:\Users\aluno\Desktop\Lib_MCU\Debug\libLib_MCU.a(lpc17xx_timer.o)
                0x00003e68                TIM_GetPClock
 .text.TIM_ConverUSecToVal
                0x00003ec0       0x58 C:\Users\aluno\Desktop\Lib_MCU\Debug\libLib_MCU.a(lpc17xx_timer.o)
                0x00003ec0                TIM_ConverUSecToVal
 .text.TIM_ConverPtrToTimeNum
                0x00003f18       0x5c C:\Users\aluno\Desktop\Lib_MCU\Debug\libLib_MCU.a(lpc17xx_timer.o)
                0x00003f18                TIM_ConverPtrToTimeNum
 .text.TIM_GetIntStatus
                0x00003f74       0x98 C:\Users\aluno\Desktop\Lib_MCU\Debug\libLib_MCU.a(lpc17xx_timer.o)
                0x00003f74                TIM_GetIntStatus
 .text.TIM_ClearIntPending
                0x0000400c       0x8c C:\Users\aluno\Desktop\Lib_MCU\Debug\libLib_MCU.a(lpc17xx_timer.o)
                0x0000400c                TIM_ClearIntPending
 .text.TIM_Init
                0x00004098      0x170 C:\Users\aluno\Desktop\Lib_MCU\Debug\libLib_MCU.a(lpc17xx_timer.o)
                0x00004098                TIM_Init
 .text.TIM_Cmd  0x00004208       0x70 C:\Users\aluno\Desktop\Lib_MCU\Debug\libLib_MCU.a(lpc17xx_timer.o)
                0x00004208                TIM_Cmd
 .text.TIM_ConfigMatch
                0x00004278      0x15c C:\Users\aluno\Desktop\Lib_MCU\Debug\libLib_MCU.a(lpc17xx_timer.o)
                0x00004278                TIM_ConfigMatch
 .text.Timer0_Wait
                0x000043d4       0x78 C:\Users\aluno\Desktop\Lib_MCU\Debug\libLib_MCU.a(lpc17xx_timer.o)
                0x000043d4                Timer0_Wait
 .text.CLKPWR_SetPCLKDiv
                0x0000444c       0x8c C:\Users\aluno\Desktop\Lib_MCU\Debug\libLib_MCU.a(lpc17xx_clkpwr.o)
                0x0000444c                CLKPWR_SetPCLKDiv
 .text.CLKPWR_GetPCLKSEL
                0x000044d8       0x48 C:\Users\aluno\Desktop\Lib_MCU\Debug\libLib_MCU.a(lpc17xx_clkpwr.o)
                0x000044d8                CLKPWR_GetPCLKSEL
 .text.CLKPWR_GetPCLK
                0x00004520       0x64 C:\Users\aluno\Desktop\Lib_MCU\Debug\libLib_MCU.a(lpc17xx_clkpwr.o)
                0x00004520                CLKPWR_GetPCLK
 .text.CLKPWR_ConfigPPWR
                0x00004584       0x58 C:\Users\aluno\Desktop\Lib_MCU\Debug\libLib_MCU.a(lpc17xx_clkpwr.o)
                0x00004584                CLKPWR_ConfigPPWR
 .text.__sys_write
                0x000045dc        0xc c:/nxp/lpcxpresso_5.2.6_2137/lpcxpresso/tools/bin/../lib/gcc/arm-none-eabi/4.6.2/../../../../arm-none-eabi/lib/armv7-m\libcr_semihost.a(__sys_write.o)
                0x000045dc                __sys_write
                0x000045dc                __write
 .text.__main   0x000045e8       0x14 c:/nxp/lpcxpresso_5.2.6_2137/lpcxpresso/tools/bin/../lib/gcc/arm-none-eabi/4.6.2/../../../../arm-none-eabi/lib/armv7-m\libcr_semihost.a(_cr__main.o)
                0x000045e8                __CR_SEMIHOST
                0x000045e8                __main
 .text.memcpy   0x000045fc        0x4 c:/nxp/lpcxpresso_5.2.6_2137/lpcxpresso/tools/bin/../lib/gcc/arm-none-eabi/4.6.2/../../../../arm-none-eabi/lib/armv7-m\libcr_c.a(memcpy.o)
                0x000045fc                memcpy
 .text.memset   0x00004600        0x4 c:/nxp/lpcxpresso_5.2.6_2137/lpcxpresso/tools/bin/../lib/gcc/arm-none-eabi/4.6.2/../../../../arm-none-eabi/lib/armv7-m\libcr_c.a(memset.o)
                0x00004600                memset
 .text.lose_trailing_zeros
                0x00004604       0x1e c:/nxp/lpcxpresso_5.2.6_2137/lpcxpresso/tools/bin/../lib/gcc/arm-none-eabi/4.6.2/../../../../arm-none-eabi/lib/armv7-m\libcr_c.a(fpprintf.o)
 .text.fp_round
                0x00004622       0x54 c:/nxp/lpcxpresso_5.2.6_2137/lpcxpresso/tools/bin/../lib/gcc/arm-none-eabi/4.6.2/../../../../arm-none-eabi/lib/armv7-m\libcr_c.a(fpprintf.o)
 .text.pr_dec.constprop.1
                0x00004676       0x22 c:/nxp/lpcxpresso_5.2.6_2137/lpcxpresso/tools/bin/../lib/gcc/arm-none-eabi/4.6.2/../../../../arm-none-eabi/lib/armv7-m\libcr_c.a(fpprintf.o)
 .text.sprintf  0x00004698       0x70 c:/nxp/lpcxpresso_5.2.6_2137/lpcxpresso/tools/bin/../lib/gcc/arm-none-eabi/4.6.2/../../../../arm-none-eabi/lib/armv7-m\libcr_c.a(fpprintf.o)
                0x00004698                sprintf
 .text.fp_display
                0x00004708      0x908 c:/nxp/lpcxpresso_5.2.6_2137/lpcxpresso/tools/bin/../lib/gcc/arm-none-eabi/4.6.2/../../../../arm-none-eabi/lib/armv7-m\libcr_c.a(fpprintf.o)
 .text._initio  0x00005010       0x9c c:/nxp/lpcxpresso_5.2.6_2137/lpcxpresso/tools/bin/../lib/gcc/arm-none-eabi/4.6.2/../../../../arm-none-eabi/lib/armv7-m\libcr_c.a(initio.o)
                0x00005010                _initio
 .text.memcmp   0x000050ac       0x38 c:/nxp/lpcxpresso_5.2.6_2137/lpcxpresso/tools/bin/../lib/gcc/arm-none-eabi/4.6.2/../../../../arm-none-eabi/lib/armv7-m\libcr_c.a(memcmp.o)
                0x000050ac                memcmp
 .text.__vfprintf
                0x000050e4      0xd54 c:/nxp/lpcxpresso_5.2.6_2137/lpcxpresso/tools/bin/../lib/gcc/arm-none-eabi/4.6.2/../../../../arm-none-eabi/lib/armv7-m\libcr_c.a(printf.o)
                0x000050e4                __vfprintf
 .text.setvbuf  0x00005e38       0x48 c:/nxp/lpcxpresso_5.2.6_2137/lpcxpresso/tools/bin/../lib/gcc/arm-none-eabi/4.6.2/../../../../arm-none-eabi/lib/armv7-m\libcr_c.a(setvbuf.o)
                0x00005e38                setvbuf
 .text.strcpy   0x00005e80       0x44 c:/nxp/lpcxpresso_5.2.6_2137/lpcxpresso/tools/bin/../lib/gcc/arm-none-eabi/4.6.2/../../../../arm-none-eabi/lib/armv7-m\libcr_c.a(strcpy.o)
                0x00005e80                strcpy
 .text.strlen   0x00005ec4       0x4c c:/nxp/lpcxpresso_5.2.6_2137/lpcxpresso/tools/bin/../lib/gcc/arm-none-eabi/4.6.2/../../../../arm-none-eabi/lib/armv7-m\libcr_c.a(strlen.o)
                0x00005ec4                strlen
 .text.strncpy  0x00005f10       0x54 c:/nxp/lpcxpresso_5.2.6_2137/lpcxpresso/tools/bin/../lib/gcc/arm-none-eabi/4.6.2/../../../../arm-none-eabi/lib/armv7-m\libcr_c.a(strncpy.o)
                0x00005f10                strncpy
 .text._deferredlazyseek
                0x00005f64       0x44 c:/nxp/lpcxpresso_5.2.6_2137/lpcxpresso/tools/bin/../lib/gcc/arm-none-eabi/4.6.2/../../../../arm-none-eabi/lib/armv7-m\libcr_c.a(_deferredlazyseek.o)
                0x00005f64                _deferredlazyseek
 .text.__flsbuf
                0x00005fa8      0x14e c:/nxp/lpcxpresso_5.2.6_2137/lpcxpresso/tools/bin/../lib/gcc/arm-none-eabi/4.6.2/../../../../arm-none-eabi/lib/armv7-m\libcr_c.a(_deferredlazyseek.o)
                0x00005fa8                __flsbuf
 .text._fdopen  0x000060f6       0x6c c:/nxp/lpcxpresso_5.2.6_2137/lpcxpresso/tools/bin/../lib/gcc/arm-none-eabi/4.6.2/../../../../arm-none-eabi/lib/armv7-m\libcr_c.a(_fdopen.o)
                0x000060f6                _fdopen
 .text._fflush  0x00006162       0x58 c:/nxp/lpcxpresso_5.2.6_2137/lpcxpresso/tools/bin/../lib/gcc/arm-none-eabi/4.6.2/../../../../arm-none-eabi/lib/armv7-m\libcr_c.a(_fflush.o)
                0x00006162                _fflush
 .text._frexpl  0x000061ba       0x60 c:/nxp/lpcxpresso_5.2.6_2137/lpcxpresso/tools/bin/../lib/gcc/arm-none-eabi/4.6.2/../../../../arm-none-eabi/lib/armv7-m\libcr_c.a(_frexpl.o)
                0x000061ba                _frexpl
 *fill*         0x0000621a        0x2 00
 .text._ldexpl  0x0000621c       0x50 c:/nxp/lpcxpresso_5.2.6_2137/lpcxpresso/tools/bin/../lib/gcc/arm-none-eabi/4.6.2/../../../../arm-none-eabi/lib/armv7-m\libcr_c.a(_ldexpl.o)
                0x0000621c                _ldexpl
 .text._Cwritebuf
                0x0000626c       0x84 c:/nxp/lpcxpresso_5.2.6_2137/lpcxpresso/tools/bin/../lib/gcc/arm-none-eabi/4.6.2/../../../../arm-none-eabi/lib/armv7-m\libcr_c.a(_writebuf.o)
                0x0000626c                _Cwritebuf
 .text.malloc   0x000062f0       0xbc c:/nxp/lpcxpresso_5.2.6_2137/lpcxpresso/tools/bin/../lib/gcc/arm-none-eabi/4.6.2/../../../../arm-none-eabi/lib/armv7-m\libcr_c.a(alloc.o)
                0x000062f0                malloc
 .text.free     0x000063ac        0xa c:/nxp/lpcxpresso_5.2.6_2137/lpcxpresso/tools/bin/../lib/gcc/arm-none-eabi/4.6.2/../../../../arm-none-eabi/lib/armv7-m\libcr_c.a(alloc.o)
                0x000063ac                free
 *fill*         0x000063b6        0x2 00
 .text._Csys_alloc
                0x000063b8       0x20 c:/nxp/lpcxpresso_5.2.6_2137/lpcxpresso/tools/bin/../lib/gcc/arm-none-eabi/4.6.2/../../../../arm-none-eabi/lib/armv7-m\libcr_c.a(alloc.o)
                0x000063b8                _Csys_alloc
 .text.fclose   0x000063d8       0x6c c:/nxp/lpcxpresso_5.2.6_2137/lpcxpresso/tools/bin/../lib/gcc/arm-none-eabi/4.6.2/../../../../arm-none-eabi/lib/armv7-m\libcr_c.a(fclose.o)
                0x000063d8                fclose
 .text.fflush   0x00006444       0x34 c:/nxp/lpcxpresso_5.2.6_2137/lpcxpresso/tools/bin/../lib/gcc/arm-none-eabi/4.6.2/../../../../arm-none-eabi/lib/armv7-m\libcr_c.a(fflush.o)
                0x00006444                fflush
 .text.fseek    0x00006478      0x104 c:/nxp/lpcxpresso_5.2.6_2137/lpcxpresso/tools/bin/../lib/gcc/arm-none-eabi/4.6.2/../../../../arm-none-eabi/lib/armv7-m\libcr_c.a(fseek.o)
                0x00006478                fseek
 .text.ftell    0x0000657c       0x4c c:/nxp/lpcxpresso_5.2.6_2137/lpcxpresso/tools/bin/../lib/gcc/arm-none-eabi/4.6.2/../../../../arm-none-eabi/lib/armv7-m\libcr_c.a(ftell.o)
                0x0000657c                ftell
 .text.remove   0x000065c8       0x14 c:/nxp/lpcxpresso_5.2.6_2137/lpcxpresso/tools/bin/../lib/gcc/arm-none-eabi/4.6.2/../../../../arm-none-eabi/lib/armv7-m\libcr_c.a(remove.o)
                0x000065c8                remove
 .text._do_fflush
                0x000065dc       0x42 c:/nxp/lpcxpresso_5.2.6_2137/lpcxpresso/tools/bin/../lib/gcc/arm-none-eabi/4.6.2/../../../../arm-none-eabi/lib/armv7-m\libcr_c.a(_do_fflush.o)
                0x000065dc                _do_fflush
 .text.__aeabi_division_uldivmod
                0x0000661e      0x174 c:/nxp/lpcxpresso_5.2.6_2137/lpcxpresso/tools/bin/../lib/gcc/arm-none-eabi/4.6.2/armv7-m\libcr_eabihelpers.a(division.o)
                0x0000661e                __aeabi_uldivmod
                0x00006622                __bhs_ldivmod1
 .text.__aeabi_division_idiv0
                0x00006792        0x2 c:/nxp/lpcxpresso_5.2.6_2137/lpcxpresso/tools/bin/../lib/gcc/arm-none-eabi/4.6.2/armv7-m\libcr_eabihelpers.a(division.o)
                0x00006792                __aeabi_idiv0
 .text.__aeabi_dmul
                0x00006794      0x138 c:/nxp/lpcxpresso_5.2.6_2137/lpcxpresso/tools/bin/../lib/gcc/arm-none-eabi/4.6.2/armv7-m\libcr_eabihelpers.a(double.o)
                0x00006794                __aeabi_dmul
 .text.__aeabi_ddiv
                0x000068cc      0x168 c:/nxp/lpcxpresso_5.2.6_2137/lpcxpresso/tools/bin/../lib/gcc/arm-none-eabi/4.6.2/armv7-m\libcr_eabihelpers.a(double.o)
                0x000068cc                __aeabi_ddiv
 .text.__aeabi_dsub
                0x00006a34      0x1f4 c:/nxp/lpcxpresso_5.2.6_2137/lpcxpresso/tools/bin/../lib/gcc/arm-none-eabi/4.6.2/armv7-m\libcr_eabihelpers.a(double.o)
                0x00006a34                __aeabi_dsub
 .text.__aeabi_dadd
                0x00006c28      0x154 c:/nxp/lpcxpresso_5.2.6_2137/lpcxpresso/tools/bin/../lib/gcc/arm-none-eabi/4.6.2/armv7-m\libcr_eabihelpers.a(double.o)
                0x00006c28                __aeabi_dadd
 .text.__aeabi_d2iz
                0x00006d7c       0x40 c:/nxp/lpcxpresso_5.2.6_2137/lpcxpresso/tools/bin/../lib/gcc/arm-none-eabi/4.6.2/armv7-m\libcr_eabihelpers.a(double.o)
                0x00006d7c                __aeabi_d2iz
 .text.__bhs_ui2d
                0x00006dbc       0x5c c:/nxp/lpcxpresso_5.2.6_2137/lpcxpresso/tools/bin/../lib/gcc/arm-none-eabi/4.6.2/armv7-m\libcr_eabihelpers.a(double.o)
                0x00006dbc                __bhs_ui2d
 .text.__aeabi_i2d
                0x00006e18       0x10 c:/nxp/lpcxpresso_5.2.6_2137/lpcxpresso/tools/bin/../lib/gcc/arm-none-eabi/4.6.2/armv7-m\libcr_eabihelpers.a(double.o)
                0x00006e18                __aeabi_i2d
 .text.__aeabi_dcmpeq
                0x00006e28       0x3c c:/nxp/lpcxpresso_5.2.6_2137/lpcxpresso/tools/bin/../lib/gcc/arm-none-eabi/4.6.2/armv7-m\libcr_eabihelpers.a(double.o)
                0x00006e28                __aeabi_dcmpeq
 .text.__aeabi_dcmplt
                0x00006e64       0x5c c:/nxp/lpcxpresso_5.2.6_2137/lpcxpresso/tools/bin/../lib/gcc/arm-none-eabi/4.6.2/armv7-m\libcr_eabihelpers.a(double.o)
                0x00006e64                __aeabi_dcmplt
 .text.__aeabi_dcmple
                0x00006ec0       0x58 c:/nxp/lpcxpresso_5.2.6_2137/lpcxpresso/tools/bin/../lib/gcc/arm-none-eabi/4.6.2/armv7-m\libcr_eabihelpers.a(double.o)
                0x00006ec0                __aeabi_dcmple
 .text.__aeabi_dcmpge
                0x00006f18       0x5c c:/nxp/lpcxpresso_5.2.6_2137/lpcxpresso/tools/bin/../lib/gcc/arm-none-eabi/4.6.2/armv7-m\libcr_eabihelpers.a(double.o)
                0x00006f18                __aeabi_dcmpge
 .text.__aeabi_memcpy
                0x00006f74       0x26 c:/nxp/lpcxpresso_5.2.6_2137/lpcxpresso/tools/bin/../lib/gcc/arm-none-eabi/4.6.2/armv7-m\libcr_eabihelpers.a(memcpy.o)
                0x00006f74                __aeabi_memcpy4
                0x00006f74                __aeabi_memcpy8
                0x00006f74                __aeabi_memcpy
 .text.__aeabi_memset_lowlevel
                0x00006f9a       0x24 c:/nxp/lpcxpresso_5.2.6_2137/lpcxpresso/tools/bin/../lib/gcc/arm-none-eabi/4.6.2/armv7-m\libcr_eabihelpers.a(memcpy.o)
                0x00006f9a                __aeabi_lowlevel_memset
 *fill*         0x00006fbe        0x2 00
 .text.__sys_appexit
                0x00006fc0        0xc c:/nxp/lpcxpresso_5.2.6_2137/lpcxpresso/tools/bin/../lib/gcc/arm-none-eabi/4.6.2/../../../../arm-none-eabi/lib/armv7-m\libcr_semihost.a(__sys_appexit.o)
                0x00006fc0                __sys_appexit
                0x00006fc0                __exit
 .text.__sys_close
                0x00006fcc        0xc c:/nxp/lpcxpresso_5.2.6_2137/lpcxpresso/tools/bin/../lib/gcc/arm-none-eabi/4.6.2/../../../../arm-none-eabi/lib/armv7-m\libcr_semihost.a(__sys_close.o)
                0x00006fcc                __sys_close
 .text.__sys_flen
                0x00006fd8        0xc c:/nxp/lpcxpresso_5.2.6_2137/lpcxpresso/tools/bin/../lib/gcc/arm-none-eabi/4.6.2/../../../../arm-none-eabi/lib/armv7-m\libcr_semihost.a(__sys_flen.o)
                0x00006fd8                __sys_flen
 .text.__sys_istty
                0x00006fe4        0xc c:/nxp/lpcxpresso_5.2.6_2137/lpcxpresso/tools/bin/../lib/gcc/arm-none-eabi/4.6.2/../../../../arm-none-eabi/lib/armv7-m\libcr_semihost.a(__sys_istty.o)
                0x00006fe4                __sys_istty
 .text.__sys_remove
                0x00006ff0        0xc c:/nxp/lpcxpresso_5.2.6_2137/lpcxpresso/tools/bin/../lib/gcc/arm-none-eabi/4.6.2/../../../../arm-none-eabi/lib/armv7-m\libcr_semihost.a(__sys_remove.o)
                0x00006ff0                __sys_remove
 .text.__sys_seek
                0x00006ffc        0xc c:/nxp/lpcxpresso_5.2.6_2137/lpcxpresso/tools/bin/../lib/gcc/arm-none-eabi/4.6.2/../../../../arm-none-eabi/lib/armv7-m\libcr_semihost.a(__sys_seek.o)
                0x00006ffc                __sys_seek
 .text.__sys_tmpnam
                0x00007008        0xc c:/nxp/lpcxpresso_5.2.6_2137/lpcxpresso/tools/bin/../lib/gcc/arm-none-eabi/4.6.2/../../../../arm-none-eabi/lib/armv7-m\libcr_semihost.a(__sys_tmpnam.o)
                0x00007008                __sys_tmpnam
 .text._sbrk    0x00007014       0x40 c:/nxp/lpcxpresso_5.2.6_2137/lpcxpresso/tools/bin/../lib/gcc/arm-none-eabi/4.6.2/../../../../arm-none-eabi/lib/armv7-m\libcr_semihost.a(_cr_sbrk.o)
                0x00007014                _sbrk
 .text.__check_heap_overflow
                0x00007054       0x2c c:/nxp/lpcxpresso_5.2.6_2137/lpcxpresso/tools/bin/../lib/gcc/arm-none-eabi/4.6.2/../../../../arm-none-eabi/lib/armv7-m\libcr_semihost.a(_cr_check_heap.o)
                0x00007054                __check_heap_overflow
 *(.rodata .rodata.*)
 .rodata        0x00007080       0x30 ./display_oled.o
 .rodata        0x000070b0       0x78 ./main.o
 .rodata.str1.4
                0x00007128        0x8 C:\Users\aluno\Desktop\FreeRTOS_Library\Debug\libFreeRTOS_Library.a(basic_io.o)
 .rodata        0x00007130       0x14 C:\Users\aluno\Desktop\FreeRTOS_Library\Debug\libFreeRTOS_Library.a(tasks.o)
 .rodata.str1.4
                0x00007144        0x8 C:\Users\aluno\Desktop\FreeRTOS_Library\Debug\libFreeRTOS_Library.a(tasks.o)
 .rodata        0x0000714c        0x8 C:\Users\aluno\Desktop\Lib_EaBaseBoard\Debug\libLib_EaBaseBoard.a(oled.o)
 .rodata        0x00007154      0x300 C:\Users\aluno\Desktop\Lib_EaBaseBoard\Debug\libLib_EaBaseBoard.a(font5x7.o)
                0x00007154                font5x7
 .rodata        0x00007454       0x15 C:\Users\aluno\Desktop\Lib_MCU\Debug\libLib_MCU.a(lpc17xx_i2c.o)
 *fill*         0x00007469        0x3 00
 .rodata        0x0000746c       0x15 C:\Users\aluno\Desktop\Lib_MCU\Debug\libLib_MCU.a(lpc17xx_ssp.o)
 *fill*         0x00007481        0x3 00
 .rodata        0x00007484       0x17 C:\Users\aluno\Desktop\Lib_MCU\Debug\libLib_MCU.a(lpc17xx_timer.o)
 .rodata.str1.1
                0x0000749b       0x34 c:/nxp/lpcxpresso_5.2.6_2137/lpcxpresso/tools/bin/../lib/gcc/arm-none-eabi/4.6.2/../../../../arm-none-eabi/lib/armv7-m\libcr_c.a(fpprintf.o)
                                 0x35 (size before relaxing)
 .rodata.str1.1
                0x000074cf        0x4 c:/nxp/lpcxpresso_5.2.6_2137/lpcxpresso/tools/bin/../lib/gcc/arm-none-eabi/4.6.2/../../../../arm-none-eabi/lib/armv7-m\libcr_c.a(initio.o)
 .rodata.str1.1
                0x000074d3       0x31 c:/nxp/lpcxpresso_5.2.6_2137/lpcxpresso/tools/bin/../lib/gcc/arm-none-eabi/4.6.2/../../../../arm-none-eabi/lib/armv7-m\libcr_c.a(printf.o)
                                 0x38 (size before relaxing)
 .rodata.str1.1
                0x00007504       0x18 c:/nxp/lpcxpresso_5.2.6_2137/lpcxpresso/tools/bin/../lib/gcc/arm-none-eabi/4.6.2/../../../../arm-none-eabi/lib/armv7-m\libcr_c.a(alloc.o)
 *fill*         0x0000751c        0x4 00
 .rodata.__huge_vall
                0x00007520        0x8 c:/nxp/lpcxpresso_5.2.6_2137/lpcxpresso/tools/bin/../lib/gcc/arm-none-eabi/4.6.2/../../../../arm-none-eabi/lib/armv7-m\libcr_c.a(_hugeval.o)
                0x00007520                __huge_vall
                0x00007528                . = ALIGN (0x4)

.glue_7         0x00007528        0x0
 .glue_7        0x00000000        0x0 linker stubs

.glue_7t        0x00007528        0x0
 .glue_7t       0x00000000        0x0 linker stubs

.vfp11_veneer   0x00007528        0x0
 .vfp11_veneer  0x00000000        0x0 linker stubs

.v4_bx          0x00007528        0x0
 .v4_bx         0x00000000        0x0 linker stubs

.ARM.extab
 *(.ARM.extab* .gnu.linkonce.armextab.*)
                0x00007528                __exidx_start = .

.ARM.exidx
 *(.ARM.exidx* .gnu.linkonce.armexidx.*)
                0x00007528                __exidx_end = .
                0x00007528                _etext = .

.data_RAM2      0x2007c000        0x0 load address 0x00007528
 FILL mask 0xff
 *(.data.$RAM2*)
 *(.data.$RamAHB32*)
                0x2007c000                . = ALIGN (0x4)

.uninit_RESERVED
                0x10000000        0x0
 *(.bss.$RESERVED*)
                0x10000000                . = ALIGN (0x4)
                0x10000000                _end_uninit_RESERVED = .

.data           0x10000000       0x6c load address 0x00007528
 FILL mask 0xff
                0x10000000                _data = .
 *(vtable)
 *(.data*)
 .data          0x10000000        0x4 ./display_oled.o
 .data          0x10000004        0x1 ./sensor.o
 *fill*         0x10000005        0x3 00
 .data          0x10000008        0x4 C:\Users\aluno\Desktop\Lib_CMSISv1p30_LPC17xx\Debug\libCMSISv1p30_LPC17xx.a(system_LPC17xx.o)
                0x10000008                SystemCoreClock
 .data          0x1000000c        0x4 C:\Users\aluno\Desktop\FreeRTOS_Library\Debug\libFreeRTOS_Library.a(port.o)
 .data          0x10000010        0x4 C:\Users\aluno\Desktop\FreeRTOS_Library\Debug\libFreeRTOS_Library.a(heap_2.o)
 .data          0x10000014       0x50 C:\Users\aluno\Desktop\Lib_EaBaseBoard\Debug\libLib_EaBaseBoard.a(led7seg.o)
 .data          0x10000064        0x8 C:\Users\aluno\Desktop\Lib_EaBaseBoard\Debug\libLib_EaBaseBoard.a(light.o)
                0x1000006c                . = ALIGN (0x4)
                0x1000006c                _edata = .

.bss_RAM2       0x2007c000        0x0
 *(.bss.$RAM2*)
 *(.bss.$RamAHB32*)
                0x2007c000                . = ALIGN (0x4)

.bss            0x10000070     0x2dec
                0x10000070                _bss = .
 *(.bss*)
 .bss           0x10000070        0xc ./display_oled.o
 .bss           0x1000007c       0x34 C:\Users\aluno\Desktop\FreeRTOS_Library\Debug\libFreeRTOS_Library.a(basic_io.o)
 .bss           0x100000b0      0x100 C:\Users\aluno\Desktop\FreeRTOS_Library\Debug\libFreeRTOS_Library.a(tasks.o)
                0x100000b4                pxCurrentTCB
 .bss           0x100001b0     0x2818 C:\Users\aluno\Desktop\FreeRTOS_Library\Debug\libFreeRTOS_Library.a(heap_2.o)
 .bss           0x100029c8      0x300 C:\Users\aluno\Desktop\Lib_EaBaseBoard\Debug\libLib_EaBaseBoard.a(oled.o)
 .bss           0x10002cc8       0x24 C:\Users\aluno\Desktop\Lib_MCU\Debug\libLib_MCU.a(lpc17xx_i2c.o)
 .bss           0x10002cec       0x18 C:\Users\aluno\Desktop\Lib_MCU\Debug\libLib_MCU.a(lpc17xx_ssp.o)
 .bss.errno     0x10002d04        0x4 c:/nxp/lpcxpresso_5.2.6_2137/lpcxpresso/tools/bin/../lib/gcc/arm-none-eabi/4.6.2/../../../../arm-none-eabi/lib/armv7-m\libcr_c.a(errno.o)
                0x10002d04                errno
 *(COMMON)
 COMMON         0x10002d08        0x4 ./main.o
                0x10002d08                xQueue
 COMMON         0x10002d0c        0x4 ./sensor.o
                0x10002d0c                ClassHandle
 COMMON         0x10002d10        0x4 c:/nxp/lpcxpresso_5.2.6_2137/lpcxpresso/tools/bin/../lib/gcc/arm-none-eabi/4.6.2/../../../../arm-none-eabi/lib/armv7-m\libcr_c.a(initio.o)
                0x10002d10                _extra
 COMMON         0x10002d14      0x140 c:/nxp/lpcxpresso_5.2.6_2137/lpcxpresso/tools/bin/../lib/gcc/arm-none-eabi/4.6.2/../../../../arm-none-eabi/lib/armv7-m\libcr_c.a(stdio.o)
                0x10002d14                __Ciob
 COMMON         0x10002e54        0x8 c:/nxp/lpcxpresso_5.2.6_2137/lpcxpresso/tools/bin/../lib/gcc/arm-none-eabi/4.6.2/../../../../arm-none-eabi/lib/armv7-m\libcr_c.a(__init_alloc.o)
                0x10002e54                __heaps
                0x10002e58                __end_of_heap
                0x10002e5c                . = ALIGN (0x4)
                0x10002e5c                _ebss = .
                0x10002e5c                PROVIDE (end, .)

.noinit_RAM2    0x2007c000        0x0
 *(.noinit.$RAM2*)
 *(.noinit.$RamAHB32*)
                0x2007c000                . = ALIGN (0x4)

.noinit         0x10002e5c        0x0
                0x10002e5c                _noinit = .
 *(.noinit*)
                0x10002e5c                . = ALIGN (0x4)
                0x10002e5c                _end_noinit = .
                0x10002e5c                PROVIDE (_pvHeapStart, .)
                0x10008000                PROVIDE (_vStackTop, (__top_RamLoc32 - 0x0))
OUTPUT(Example06.axf elf32-littlearm)

.debug_info     0x00000000     0x792a
 .debug_info    0x00000000      0x210 ./cr_startup_lpc17.o
 .debug_info    0x00000210      0x376 ./display_oled.o
 .debug_info    0x00000586      0x2a9 ./main.o
 .debug_info    0x0000082f      0x8d2 ./sensor.o
 .debug_info    0x00001101      0x357 C:\Users\aluno\Desktop\Lib_CMSISv1p30_LPC17xx\Debug\libCMSISv1p30_LPC17xx.a(system_LPC17xx.o)
 .debug_info    0x00001458      0x220 C:\Users\aluno\Desktop\FreeRTOS_Library\Debug\libFreeRTOS_Library.a(port.o)
 .debug_info    0x00001678      0x12c C:\Users\aluno\Desktop\FreeRTOS_Library\Debug\libFreeRTOS_Library.a(basic_io.o)
 .debug_info    0x000017a4       0xaa C:\Users\aluno\Desktop\FreeRTOS_Library\Debug\libFreeRTOS_Library.a(consoleprint.o)
 .debug_info    0x0000184e      0x814 C:\Users\aluno\Desktop\FreeRTOS_Library\Debug\libFreeRTOS_Library.a(queue.o)
 .debug_info    0x00002062      0xe7c C:\Users\aluno\Desktop\FreeRTOS_Library\Debug\libFreeRTOS_Library.a(tasks.o)
 .debug_info    0x00002ede      0x2ef C:\Users\aluno\Desktop\FreeRTOS_Library\Debug\libFreeRTOS_Library.a(heap_2.o)
 .debug_info    0x000031cd      0x2c5 C:\Users\aluno\Desktop\FreeRTOS_Library\Debug\libFreeRTOS_Library.a(list.o)
 .debug_info    0x00003492      0x24e C:\Users\aluno\Desktop\Lib_EaBaseBoard\Debug\libLib_EaBaseBoard.a(led7seg.o)
 .debug_info    0x000036e0      0x6fb C:\Users\aluno\Desktop\Lib_EaBaseBoard\Debug\libLib_EaBaseBoard.a(light.o)
 .debug_info    0x00003ddb      0x915 C:\Users\aluno\Desktop\Lib_EaBaseBoard\Debug\libLib_EaBaseBoard.a(oled.o)
 .debug_info    0x000046f0       0x61 C:\Users\aluno\Desktop\Lib_EaBaseBoard\Debug\libLib_EaBaseBoard.a(font5x7.o)
 .debug_info    0x00004751      0xac9 C:\Users\aluno\Desktop\Lib_MCU\Debug\libLib_MCU.a(lpc17xx_gpio.o)
 .debug_info    0x0000521a      0xc08 C:\Users\aluno\Desktop\Lib_MCU\Debug\libLib_MCU.a(lpc17xx_i2c.o)
 .debug_info    0x00005e22       0xc5 C:\Users\aluno\Desktop\Lib_MCU\Debug\libLib_MCU.a(lpc17xx_libcfg_default.o)
 .debug_info    0x00005ee7      0x44e C:\Users\aluno\Desktop\Lib_MCU\Debug\libLib_MCU.a(lpc17xx_pinsel.o)
 .debug_info    0x00006335      0x7e1 C:\Users\aluno\Desktop\Lib_MCU\Debug\libLib_MCU.a(lpc17xx_ssp.o)
 .debug_info    0x00006b16      0x86f C:\Users\aluno\Desktop\Lib_MCU\Debug\libLib_MCU.a(lpc17xx_timer.o)
 .debug_info    0x00007385      0x5a5 C:\Users\aluno\Desktop\Lib_MCU\Debug\libLib_MCU.a(lpc17xx_clkpwr.o)

.debug_abbrev   0x00000000     0x2064
 .debug_abbrev  0x00000000       0xb4 ./cr_startup_lpc17.o
 .debug_abbrev  0x000000b4      0x147 ./display_oled.o
 .debug_abbrev  0x000001fb      0x178 ./main.o
 .debug_abbrev  0x00000373      0x227 ./sensor.o
 .debug_abbrev  0x0000059a       0xce C:\Users\aluno\Desktop\Lib_CMSISv1p30_LPC17xx\Debug\libCMSISv1p30_LPC17xx.a(system_LPC17xx.o)
 .debug_abbrev  0x00000668      0x141 C:\Users\aluno\Desktop\FreeRTOS_Library\Debug\libFreeRTOS_Library.a(port.o)
 .debug_abbrev  0x000007a9       0x9b C:\Users\aluno\Desktop\FreeRTOS_Library\Debug\libFreeRTOS_Library.a(basic_io.o)
 .debug_abbrev  0x00000844       0x7b C:\Users\aluno\Desktop\FreeRTOS_Library\Debug\libFreeRTOS_Library.a(consoleprint.o)
 .debug_abbrev  0x000008bf      0x1b3 C:\Users\aluno\Desktop\FreeRTOS_Library\Debug\libFreeRTOS_Library.a(queue.o)
 .debug_abbrev  0x00000a72      0x2b1 C:\Users\aluno\Desktop\FreeRTOS_Library\Debug\libFreeRTOS_Library.a(tasks.o)
 .debug_abbrev  0x00000d23      0x19e C:\Users\aluno\Desktop\FreeRTOS_Library\Debug\libFreeRTOS_Library.a(heap_2.o)
 .debug_abbrev  0x00000ec1       0xda C:\Users\aluno\Desktop\FreeRTOS_Library\Debug\libFreeRTOS_Library.a(list.o)
 .debug_abbrev  0x00000f9b      0x15c C:\Users\aluno\Desktop\Lib_EaBaseBoard\Debug\libLib_EaBaseBoard.a(led7seg.o)
 .debug_abbrev  0x000010f7      0x1d2 C:\Users\aluno\Desktop\Lib_EaBaseBoard\Debug\libLib_EaBaseBoard.a(light.o)
 .debug_abbrev  0x000012c9      0x201 C:\Users\aluno\Desktop\Lib_EaBaseBoard\Debug\libLib_EaBaseBoard.a(oled.o)
 .debug_abbrev  0x000014ca       0x48 C:\Users\aluno\Desktop\Lib_EaBaseBoard\Debug\libLib_EaBaseBoard.a(font5x7.o)
 .debug_abbrev  0x00001512      0x193 C:\Users\aluno\Desktop\Lib_MCU\Debug\libLib_MCU.a(lpc17xx_gpio.o)
 .debug_abbrev  0x000016a5      0x28b C:\Users\aluno\Desktop\Lib_MCU\Debug\libLib_MCU.a(lpc17xx_i2c.o)
 .debug_abbrev  0x00001930       0x6c C:\Users\aluno\Desktop\Lib_MCU\Debug\libLib_MCU.a(lpc17xx_libcfg_default.o)
 .debug_abbrev  0x0000199c      0x12b C:\Users\aluno\Desktop\Lib_MCU\Debug\libLib_MCU.a(lpc17xx_pinsel.o)
 .debug_abbrev  0x00001ac7      0x1fd C:\Users\aluno\Desktop\Lib_MCU\Debug\libLib_MCU.a(lpc17xx_ssp.o)
 .debug_abbrev  0x00001cc4      0x1e2 C:\Users\aluno\Desktop\Lib_MCU\Debug\libLib_MCU.a(lpc17xx_timer.o)
 .debug_abbrev  0x00001ea6      0x1be C:\Users\aluno\Desktop\Lib_MCU\Debug\libLib_MCU.a(lpc17xx_clkpwr.o)

.debug_loc      0x00000000     0x1b45
 .debug_loc     0x00000000      0x1f0 ./cr_startup_lpc17.o
 .debug_loc     0x000001f0       0xe0 ./display_oled.o
 .debug_loc     0x000002d0      0x19c ./main.o
 .debug_loc     0x0000046c      0x190 ./sensor.o
 .debug_loc     0x000005fc       0x58 C:\Users\aluno\Desktop\Lib_CMSISv1p30_LPC17xx\Debug\libCMSISv1p30_LPC17xx.a(system_LPC17xx.o)
 .debug_loc     0x00000654       0x94 C:\Users\aluno\Desktop\FreeRTOS_Library\Debug\libFreeRTOS_Library.a(port.o)
 .debug_loc     0x000006e8       0x9a C:\Users\aluno\Desktop\FreeRTOS_Library\Debug\libFreeRTOS_Library.a(basic_io.o)
 .debug_loc     0x00000782       0x5c C:\Users\aluno\Desktop\FreeRTOS_Library\Debug\libFreeRTOS_Library.a(consoleprint.o)
 .debug_loc     0x000007de      0x68c C:\Users\aluno\Desktop\FreeRTOS_Library\Debug\libFreeRTOS_Library.a(queue.o)
 .debug_loc     0x00000e6a      0xa90 C:\Users\aluno\Desktop\FreeRTOS_Library\Debug\libFreeRTOS_Library.a(tasks.o)
 .debug_loc     0x000018fa      0x201 C:\Users\aluno\Desktop\FreeRTOS_Library\Debug\libFreeRTOS_Library.a(heap_2.o)
 .debug_loc     0x00001afb       0x4a C:\Users\aluno\Desktop\FreeRTOS_Library\Debug\libFreeRTOS_Library.a(list.o)

.debug_aranges  0x00000000      0x780
 .debug_aranges
                0x00000000       0x70 ./cr_startup_lpc17.o
 .debug_aranges
                0x00000070       0x38 ./display_oled.o
 .debug_aranges
                0x000000a8       0x58 ./main.o
 .debug_aranges
                0x00000100       0x58 ./sensor.o
 .debug_aranges
                0x00000158       0x28 C:\Users\aluno\Desktop\Lib_CMSISv1p30_LPC17xx\Debug\libCMSISv1p30_LPC17xx.a(system_LPC17xx.o)
 .debug_aranges
                0x00000180       0x20 C:\Users\aluno\Desktop\FreeRTOS_Library\Debug\libFreeRTOS_Library.a(port.o)
 .debug_aranges
                0x000001a0       0x20 C:\Users\aluno\Desktop\FreeRTOS_Library\Debug\libFreeRTOS_Library.a(basic_io.o)
 .debug_aranges
                0x000001c0       0x20 C:\Users\aluno\Desktop\FreeRTOS_Library\Debug\libFreeRTOS_Library.a(consoleprint.o)
 .debug_aranges
                0x000001e0       0x20 C:\Users\aluno\Desktop\FreeRTOS_Library\Debug\libFreeRTOS_Library.a(queue.o)
 .debug_aranges
                0x00000200       0x20 C:\Users\aluno\Desktop\FreeRTOS_Library\Debug\libFreeRTOS_Library.a(tasks.o)
 .debug_aranges
                0x00000220       0x20 C:\Users\aluno\Desktop\FreeRTOS_Library\Debug\libFreeRTOS_Library.a(heap_2.o)
 .debug_aranges
                0x00000240       0x20 C:\Users\aluno\Desktop\FreeRTOS_Library\Debug\libFreeRTOS_Library.a(list.o)
 .debug_aranges
                0x00000260       0x28 C:\Users\aluno\Desktop\Lib_EaBaseBoard\Debug\libLib_EaBaseBoard.a(led7seg.o)
 .debug_aranges
                0x00000288       0x98 C:\Users\aluno\Desktop\Lib_EaBaseBoard\Debug\libLib_EaBaseBoard.a(light.o)
 .debug_aranges
                0x00000320       0x90 C:\Users\aluno\Desktop\Lib_EaBaseBoard\Debug\libLib_EaBaseBoard.a(oled.o)
 .debug_aranges
                0x000003b0       0x18 C:\Users\aluno\Desktop\Lib_EaBaseBoard\Debug\libLib_EaBaseBoard.a(font5x7.o)
 .debug_aranges
                0x000003c8       0xc8 C:\Users\aluno\Desktop\Lib_MCU\Debug\libLib_MCU.a(lpc17xx_gpio.o)
 .debug_aranges
                0x00000490       0xd0 C:\Users\aluno\Desktop\Lib_MCU\Debug\libLib_MCU.a(lpc17xx_i2c.o)
 .debug_aranges
                0x00000560       0x20 C:\Users\aluno\Desktop\Lib_MCU\Debug\libLib_MCU.a(lpc17xx_libcfg_default.o)
 .debug_aranges
                0x00000580       0x48 C:\Users\aluno\Desktop\Lib_MCU\Debug\libLib_MCU.a(lpc17xx_pinsel.o)
 .debug_aranges
                0x000005c8       0xb8 C:\Users\aluno\Desktop\Lib_MCU\Debug\libLib_MCU.a(lpc17xx_ssp.o)
 .debug_aranges
                0x00000680       0xa0 C:\Users\aluno\Desktop\Lib_MCU\Debug\libLib_MCU.a(lpc17xx_timer.o)
 .debug_aranges
                0x00000720       0x60 C:\Users\aluno\Desktop\Lib_MCU\Debug\libLib_MCU.a(lpc17xx_clkpwr.o)

.debug_ranges   0x00000000      0x610
 .debug_ranges  0x00000000       0x60 ./cr_startup_lpc17.o
 .debug_ranges  0x00000060       0x28 ./display_oled.o
 .debug_ranges  0x00000088       0x48 ./main.o
 .debug_ranges  0x000000d0       0x48 ./sensor.o
 .debug_ranges  0x00000118       0x18 C:\Users\aluno\Desktop\Lib_CMSISv1p30_LPC17xx\Debug\libCMSISv1p30_LPC17xx.a(system_LPC17xx.o)
 .debug_ranges  0x00000130       0x78 C:\Users\aluno\Desktop\FreeRTOS_Library\Debug\libFreeRTOS_Library.a(tasks.o)
 .debug_ranges  0x000001a8       0x18 C:\Users\aluno\Desktop\Lib_EaBaseBoard\Debug\libLib_EaBaseBoard.a(led7seg.o)
 .debug_ranges  0x000001c0       0x88 C:\Users\aluno\Desktop\Lib_EaBaseBoard\Debug\libLib_EaBaseBoard.a(light.o)
 .debug_ranges  0x00000248       0x80 C:\Users\aluno\Desktop\Lib_EaBaseBoard\Debug\libLib_EaBaseBoard.a(oled.o)
 .debug_ranges  0x000002c8       0xb8 C:\Users\aluno\Desktop\Lib_MCU\Debug\libLib_MCU.a(lpc17xx_gpio.o)
 .debug_ranges  0x00000380       0xc0 C:\Users\aluno\Desktop\Lib_MCU\Debug\libLib_MCU.a(lpc17xx_i2c.o)
 .debug_ranges  0x00000440       0x10 C:\Users\aluno\Desktop\Lib_MCU\Debug\libLib_MCU.a(lpc17xx_libcfg_default.o)
 .debug_ranges  0x00000450       0x38 C:\Users\aluno\Desktop\Lib_MCU\Debug\libLib_MCU.a(lpc17xx_pinsel.o)
 .debug_ranges  0x00000488       0xa8 C:\Users\aluno\Desktop\Lib_MCU\Debug\libLib_MCU.a(lpc17xx_ssp.o)
 .debug_ranges  0x00000530       0x90 C:\Users\aluno\Desktop\Lib_MCU\Debug\libLib_MCU.a(lpc17xx_timer.o)
 .debug_ranges  0x000005c0       0x50 C:\Users\aluno\Desktop\Lib_MCU\Debug\libLib_MCU.a(lpc17xx_clkpwr.o)

.debug_line     0x00000000     0x63bf
 .debug_line    0x00000000      0x43d ./cr_startup_lpc17.o
 .debug_line    0x0000043d      0x4e8 ./display_oled.o
 .debug_line    0x00000925      0x642 ./main.o
 .debug_line    0x00000f67      0x520 ./sensor.o
 .debug_line    0x00001487      0x3f6 C:\Users\aluno\Desktop\Lib_CMSISv1p30_LPC17xx\Debug\libCMSISv1p30_LPC17xx.a(system_LPC17xx.o)
 .debug_line    0x0000187d      0x49a C:\Users\aluno\Desktop\FreeRTOS_Library\Debug\libFreeRTOS_Library.a(port.o)
 .debug_line    0x00001d17      0x49a C:\Users\aluno\Desktop\FreeRTOS_Library\Debug\libFreeRTOS_Library.a(basic_io.o)
 .debug_line    0x000021b1      0x2dc C:\Users\aluno\Desktop\FreeRTOS_Library\Debug\libFreeRTOS_Library.a(consoleprint.o)
 .debug_line    0x0000248d      0x5ae C:\Users\aluno\Desktop\FreeRTOS_Library\Debug\libFreeRTOS_Library.a(queue.o)
 .debug_line    0x00002a3b      0x7b6 C:\Users\aluno\Desktop\FreeRTOS_Library\Debug\libFreeRTOS_Library.a(tasks.o)
 .debug_line    0x000031f1      0x4d4 C:\Users\aluno\Desktop\FreeRTOS_Library\Debug\libFreeRTOS_Library.a(heap_2.o)
 .debug_line    0x000036c5      0x49a C:\Users\aluno\Desktop\FreeRTOS_Library\Debug\libFreeRTOS_Library.a(list.o)
 .debug_line    0x00003b5f      0x24f C:\Users\aluno\Desktop\Lib_EaBaseBoard\Debug\libLib_EaBaseBoard.a(led7seg.o)
 .debug_line    0x00003dae      0x388 C:\Users\aluno\Desktop\Lib_EaBaseBoard\Debug\libLib_EaBaseBoard.a(light.o)
 .debug_line    0x00004136      0x55a C:\Users\aluno\Desktop\Lib_EaBaseBoard\Debug\libLib_EaBaseBoard.a(oled.o)
 .debug_line    0x00004690       0x80 C:\Users\aluno\Desktop\Lib_EaBaseBoard\Debug\libLib_EaBaseBoard.a(font5x7.o)
 .debug_line    0x00004710      0x3f5 C:\Users\aluno\Desktop\Lib_MCU\Debug\libLib_MCU.a(lpc17xx_gpio.o)
 .debug_line    0x00004b05      0x6ca C:\Users\aluno\Desktop\Lib_MCU\Debug\libLib_MCU.a(lpc17xx_i2c.o)
 .debug_line    0x000051cf      0x174 C:\Users\aluno\Desktop\Lib_MCU\Debug\libLib_MCU.a(lpc17xx_libcfg_default.o)
 .debug_line    0x00005343      0x24f C:\Users\aluno\Desktop\Lib_MCU\Debug\libLib_MCU.a(lpc17xx_pinsel.o)
 .debug_line    0x00005592      0x5fb C:\Users\aluno\Desktop\Lib_MCU\Debug\libLib_MCU.a(lpc17xx_ssp.o)
 .debug_line    0x00005b8d      0x582 C:\Users\aluno\Desktop\Lib_MCU\Debug\libLib_MCU.a(lpc17xx_timer.o)
 .debug_line    0x0000610f      0x2b0 C:\Users\aluno\Desktop\Lib_MCU\Debug\libLib_MCU.a(lpc17xx_clkpwr.o)

.debug_macinfo  0x00000000    0x6e637
 .debug_macinfo
                0x00000000     0x3d1a ./cr_startup_lpc17.o
 .debug_macinfo
                0x00003d1a     0xb57b ./display_oled.o
 .debug_macinfo
                0x0000f295     0xce3c ./main.o
 .debug_macinfo
                0x0001c0d1     0xb586 ./sensor.o
 .debug_macinfo
                0x00027657     0x83f8 C:\Users\aluno\Desktop\Lib_CMSISv1p30_LPC17xx\Debug\libCMSISv1p30_LPC17xx.a(system_LPC17xx.o)
 .debug_macinfo
                0x0002fa4f     0x9de1 C:\Users\aluno\Desktop\FreeRTOS_Library\Debug\libFreeRTOS_Library.a(port.o)
 .debug_macinfo
                0x00039830     0x9e2d C:\Users\aluno\Desktop\FreeRTOS_Library\Debug\libFreeRTOS_Library.a(basic_io.o)
 .debug_macinfo
                0x0004365d     0x2b75 C:\Users\aluno\Desktop\FreeRTOS_Library\Debug\libFreeRTOS_Library.a(consoleprint.o)
 .debug_macinfo
                0x000461d2     0xa4c3 C:\Users\aluno\Desktop\FreeRTOS_Library\Debug\libFreeRTOS_Library.a(queue.o)
 .debug_macinfo
                0x00050695     0xa761 C:\Users\aluno\Desktop\FreeRTOS_Library\Debug\libFreeRTOS_Library.a(tasks.o)
 .debug_macinfo
                0x0005adf6     0x9f77 C:\Users\aluno\Desktop\FreeRTOS_Library\Debug\libFreeRTOS_Library.a(heap_2.o)
 .debug_macinfo
                0x00064d6d     0x98ca C:\Users\aluno\Desktop\FreeRTOS_Library\Debug\libFreeRTOS_Library.a(list.o)

.debug_str      0x00000000     0xf5ce
 .debug_str     0x00000000      0x15e ./cr_startup_lpc17.o
                                0x1ef (size before relaxing)
 .debug_str     0x0000015e      0x16d ./display_oled.o
                                0x260 (size before relaxing)
 .debug_str     0x000002cb       0xee ./main.o
                                0x249 (size before relaxing)
 .debug_str     0x000003b9      0x5a2 ./sensor.o
                                0x70d (size before relaxing)
 .debug_str     0x0000095b      0x172 C:\Users\aluno\Desktop\Lib_CMSISv1p30_LPC17xx\Debug\libCMSISv1p30_LPC17xx.a(system_LPC17xx.o)
                                0x286 (size before relaxing)
 .debug_str     0x00000acd      0x161 C:\Users\aluno\Desktop\FreeRTOS_Library\Debug\libFreeRTOS_Library.a(port.o)
                                0x25c (size before relaxing)
 .debug_str     0x00000c2e       0x54 C:\Users\aluno\Desktop\FreeRTOS_Library\Debug\libFreeRTOS_Library.a(basic_io.o)
                                0x168 (size before relaxing)
 .debug_str     0x00000c82       0x37 C:\Users\aluno\Desktop\FreeRTOS_Library\Debug\libFreeRTOS_Library.a(consoleprint.o)
                                 0xf0 (size before relaxing)
 .debug_str     0x00000cb9      0x3ca C:\Users\aluno\Desktop\FreeRTOS_Library\Debug\libFreeRTOS_Library.a(queue.o)
                                0x517 (size before relaxing)
 .debug_str     0x00001083      0x616 C:\Users\aluno\Desktop\FreeRTOS_Library\Debug\libFreeRTOS_Library.a(tasks.o)
                                0x8b0 (size before relaxing)
 .debug_str     0x00001699      0x150 C:\Users\aluno\Desktop\FreeRTOS_Library\Debug\libFreeRTOS_Library.a(heap_2.o)
                                0x283 (size before relaxing)
 .debug_str     0x000017e9       0x92 C:\Users\aluno\Desktop\FreeRTOS_Library\Debug\libFreeRTOS_Library.a(list.o)
                                0x24a (size before relaxing)
 .debug_str     0x0000187b     0x9010 C:\Users\aluno\Desktop\Lib_EaBaseBoard\Debug\libLib_EaBaseBoard.a(led7seg.o)
                               0x90e3 (size before relaxing)
 .debug_str     0x0000a88b      0xd7b C:\Users\aluno\Desktop\Lib_EaBaseBoard\Debug\libLib_EaBaseBoard.a(light.o)
                               0x8bd8 (size before relaxing)
 .debug_str     0x0000b606      0x374 C:\Users\aluno\Desktop\Lib_EaBaseBoard\Debug\libLib_EaBaseBoard.a(oled.o)
                               0x9c64 (size before relaxing)
 .debug_str     0x0000b97a      0xe21 C:\Users\aluno\Desktop\Lib_EaBaseBoard\Debug\libLib_EaBaseBoard.a(font5x7.o)
                               0x32c5 (size before relaxing)
 .debug_str     0x0000c79b      0x4d3 C:\Users\aluno\Desktop\Lib_MCU\Debug\libLib_MCU.a(lpc17xx_gpio.o)
                               0x843b (size before relaxing)
 .debug_str     0x0000cc6e     0x199e C:\Users\aluno\Desktop\Lib_MCU\Debug\libLib_MCU.a(lpc17xx_i2c.o)
                               0xa4be (size before relaxing)
 .debug_str     0x0000e60c       0x32 C:\Users\aluno\Desktop\Lib_MCU\Debug\libLib_MCU.a(lpc17xx_libcfg_default.o)
                               0x3f14 (size before relaxing)
 .debug_str     0x0000e63e      0x214 C:\Users\aluno\Desktop\Lib_MCU\Debug\libLib_MCU.a(lpc17xx_pinsel.o)
                               0x847f (size before relaxing)
 .debug_str     0x0000e852      0x211 C:\Users\aluno\Desktop\Lib_MCU\Debug\libLib_MCU.a(lpc17xx_ssp.o)
                               0xa42b (size before relaxing)
 .debug_str     0x0000ea63      0xa52 C:\Users\aluno\Desktop\Lib_MCU\Debug\libLib_MCU.a(lpc17xx_timer.o)
                               0xa1af (size before relaxing)
 .debug_str     0x0000f4b5      0x119 C:\Users\aluno\Desktop\Lib_MCU\Debug\libLib_MCU.a(lpc17xx_clkpwr.o)
                               0x91dc (size before relaxing)

.comment        0x00000000      0x14e
 .comment       0x00000000       0x70 ./cr_startup_lpc17.o
                                 0x71 (size before relaxing)
 .comment       0x00000000       0x71 ./display_oled.o
 .comment       0x00000000       0x71 ./main.o
 .comment       0x00000000       0x71 ./sensor.o
 .comment       0x00000000       0x71 C:\Users\aluno\Desktop\Lib_CMSISv1p30_LPC17xx\Debug\libCMSISv1p30_LPC17xx.a(system_LPC17xx.o)
 .comment       0x00000000       0x71 C:\Users\aluno\Desktop\FreeRTOS_Library\Debug\libFreeRTOS_Library.a(port.o)
 .comment       0x00000000       0x71 C:\Users\aluno\Desktop\FreeRTOS_Library\Debug\libFreeRTOS_Library.a(basic_io.o)
 .comment       0x00000000       0x71 C:\Users\aluno\Desktop\FreeRTOS_Library\Debug\libFreeRTOS_Library.a(consoleprint.o)
 .comment       0x00000000       0x71 C:\Users\aluno\Desktop\FreeRTOS_Library\Debug\libFreeRTOS_Library.a(queue.o)
 .comment       0x00000000       0x71 C:\Users\aluno\Desktop\FreeRTOS_Library\Debug\libFreeRTOS_Library.a(tasks.o)
 .comment       0x00000000       0x71 C:\Users\aluno\Desktop\FreeRTOS_Library\Debug\libFreeRTOS_Library.a(heap_2.o)
 .comment       0x00000000       0x71 C:\Users\aluno\Desktop\FreeRTOS_Library\Debug\libFreeRTOS_Library.a(list.o)
 .comment       0x00000070       0x6e C:\Users\aluno\Desktop\Lib_EaBaseBoard\Debug\libLib_EaBaseBoard.a(led7seg.o)
                                 0x6f (size before relaxing)
 .comment       0x00000000       0x6f C:\Users\aluno\Desktop\Lib_EaBaseBoard\Debug\libLib_EaBaseBoard.a(light.o)
 .comment       0x00000000       0x6f C:\Users\aluno\Desktop\Lib_EaBaseBoard\Debug\libLib_EaBaseBoard.a(oled.o)
 .comment       0x00000000       0x6f C:\Users\aluno\Desktop\Lib_EaBaseBoard\Debug\libLib_EaBaseBoard.a(font5x7.o)
 .comment       0x00000000       0x6f C:\Users\aluno\Desktop\Lib_MCU\Debug\libLib_MCU.a(lpc17xx_gpio.o)
 .comment       0x00000000       0x6f C:\Users\aluno\Desktop\Lib_MCU\Debug\libLib_MCU.a(lpc17xx_i2c.o)
 .comment       0x00000000       0x6f C:\Users\aluno\Desktop\Lib_MCU\Debug\libLib_MCU.a(lpc17xx_libcfg_default.o)
 .comment       0x00000000       0x6f C:\Users\aluno\Desktop\Lib_MCU\Debug\libLib_MCU.a(lpc17xx_pinsel.o)
 .comment       0x00000000       0x6f C:\Users\aluno\Desktop\Lib_MCU\Debug\libLib_MCU.a(lpc17xx_ssp.o)
 .comment       0x00000000       0x6f C:\Users\aluno\Desktop\Lib_MCU\Debug\libLib_MCU.a(lpc17xx_timer.o)
 .comment       0x00000000       0x6f C:\Users\aluno\Desktop\Lib_MCU\Debug\libLib_MCU.a(lpc17xx_clkpwr.o)
 .comment       0x000000de       0x70 c:/nxp/lpcxpresso_5.2.6_2137/lpcxpresso/tools/bin/../lib/gcc/arm-none-eabi/4.6.2/../../../../arm-none-eabi/lib/armv7-m\libcr_semihost.a(_cr__main.o)
                                 0x71 (size before relaxing)
 .comment       0x00000000       0x71 c:/nxp/lpcxpresso_5.2.6_2137/lpcxpresso/tools/bin/../lib/gcc/arm-none-eabi/4.6.2/../../../../arm-none-eabi/lib/armv7-m\libcr_c.a(memcpy.o)
 .comment       0x00000000       0x71 c:/nxp/lpcxpresso_5.2.6_2137/lpcxpresso/tools/bin/../lib/gcc/arm-none-eabi/4.6.2/../../../../arm-none-eabi/lib/armv7-m\libcr_c.a(memset.o)
 .comment       0x00000000       0x71 c:/nxp/lpcxpresso_5.2.6_2137/lpcxpresso/tools/bin/../lib/gcc/arm-none-eabi/4.6.2/../../../../arm-none-eabi/lib/armv7-m\libcr_c.a(fpprintf.o)
 .comment       0x00000000       0x71 c:/nxp/lpcxpresso_5.2.6_2137/lpcxpresso/tools/bin/../lib/gcc/arm-none-eabi/4.6.2/../../../../arm-none-eabi/lib/armv7-m\libcr_c.a(initio.o)
 .comment       0x00000000       0x71 c:/nxp/lpcxpresso_5.2.6_2137/lpcxpresso/tools/bin/../lib/gcc/arm-none-eabi/4.6.2/../../../../arm-none-eabi/lib/armv7-m\libcr_c.a(memcmp.o)
 .comment       0x00000000       0x71 c:/nxp/lpcxpresso_5.2.6_2137/lpcxpresso/tools/bin/../lib/gcc/arm-none-eabi/4.6.2/../../../../arm-none-eabi/lib/armv7-m\libcr_c.a(printf.o)
 .comment       0x00000000       0x71 c:/nxp/lpcxpresso_5.2.6_2137/lpcxpresso/tools/bin/../lib/gcc/arm-none-eabi/4.6.2/../../../../arm-none-eabi/lib/armv7-m\libcr_c.a(setvbuf.o)
 .comment       0x00000000       0x71 c:/nxp/lpcxpresso_5.2.6_2137/lpcxpresso/tools/bin/../lib/gcc/arm-none-eabi/4.6.2/../../../../arm-none-eabi/lib/armv7-m\libcr_c.a(stdio.o)
 .comment       0x00000000       0x71 c:/nxp/lpcxpresso_5.2.6_2137/lpcxpresso/tools/bin/../lib/gcc/arm-none-eabi/4.6.2/../../../../arm-none-eabi/lib/armv7-m\libcr_c.a(strcpy.o)
 .comment       0x00000000       0x71 c:/nxp/lpcxpresso_5.2.6_2137/lpcxpresso/tools/bin/../lib/gcc/arm-none-eabi/4.6.2/../../../../arm-none-eabi/lib/armv7-m\libcr_c.a(strlen.o)
 .comment       0x00000000       0x71 c:/nxp/lpcxpresso_5.2.6_2137/lpcxpresso/tools/bin/../lib/gcc/arm-none-eabi/4.6.2/../../../../arm-none-eabi/lib/armv7-m\libcr_c.a(strncpy.o)
 .comment       0x00000000       0x71 c:/nxp/lpcxpresso_5.2.6_2137/lpcxpresso/tools/bin/../lib/gcc/arm-none-eabi/4.6.2/../../../../arm-none-eabi/lib/armv7-m\libcr_c.a(__fillbuf.o)
 .comment       0x00000000       0x71 c:/nxp/lpcxpresso_5.2.6_2137/lpcxpresso/tools/bin/../lib/gcc/arm-none-eabi/4.6.2/../../../../arm-none-eabi/lib/armv7-m\libcr_c.a(_deferredlazyseek.o)
 .comment       0x00000000       0x71 c:/nxp/lpcxpresso_5.2.6_2137/lpcxpresso/tools/bin/../lib/gcc/arm-none-eabi/4.6.2/../../../../arm-none-eabi/lib/armv7-m\libcr_c.a(_fdopen.o)
 .comment       0x00000000       0x71 c:/nxp/lpcxpresso_5.2.6_2137/lpcxpresso/tools/bin/../lib/gcc/arm-none-eabi/4.6.2/../../../../arm-none-eabi/lib/armv7-m\libcr_c.a(_fflush.o)
 .comment       0x00000000       0x71 c:/nxp/lpcxpresso_5.2.6_2137/lpcxpresso/tools/bin/../lib/gcc/arm-none-eabi/4.6.2/../../../../arm-none-eabi/lib/armv7-m\libcr_c.a(_frexpl.o)
 .comment       0x00000000       0x71 c:/nxp/lpcxpresso_5.2.6_2137/lpcxpresso/tools/bin/../lib/gcc/arm-none-eabi/4.6.2/../../../../arm-none-eabi/lib/armv7-m\libcr_c.a(_ldexpl.o)
 .comment       0x00000000       0x71 c:/nxp/lpcxpresso_5.2.6_2137/lpcxpresso/tools/bin/../lib/gcc/arm-none-eabi/4.6.2/../../../../arm-none-eabi/lib/armv7-m\libcr_c.a(_writebuf.o)
 .comment       0x00000000       0x71 c:/nxp/lpcxpresso_5.2.6_2137/lpcxpresso/tools/bin/../lib/gcc/arm-none-eabi/4.6.2/../../../../arm-none-eabi/lib/armv7-m\libcr_c.a(alloc.o)
 .comment       0x00000000       0x71 c:/nxp/lpcxpresso_5.2.6_2137/lpcxpresso/tools/bin/../lib/gcc/arm-none-eabi/4.6.2/../../../../arm-none-eabi/lib/armv7-m\libcr_c.a(errno.o)
 .comment       0x00000000       0x71 c:/nxp/lpcxpresso_5.2.6_2137/lpcxpresso/tools/bin/../lib/gcc/arm-none-eabi/4.6.2/../../../../arm-none-eabi/lib/armv7-m\libcr_c.a(fclose.o)
 .comment       0x00000000       0x71 c:/nxp/lpcxpresso_5.2.6_2137/lpcxpresso/tools/bin/../lib/gcc/arm-none-eabi/4.6.2/../../../../arm-none-eabi/lib/armv7-m\libcr_c.a(fflush.o)
 .comment       0x00000000       0x71 c:/nxp/lpcxpresso_5.2.6_2137/lpcxpresso/tools/bin/../lib/gcc/arm-none-eabi/4.6.2/../../../../arm-none-eabi/lib/armv7-m\libcr_c.a(fseek.o)
 .comment       0x00000000       0x71 c:/nxp/lpcxpresso_5.2.6_2137/lpcxpresso/tools/bin/../lib/gcc/arm-none-eabi/4.6.2/../../../../arm-none-eabi/lib/armv7-m\libcr_c.a(ftell.o)
 .comment       0x00000000       0x71 c:/nxp/lpcxpresso_5.2.6_2137/lpcxpresso/tools/bin/../lib/gcc/arm-none-eabi/4.6.2/../../../../arm-none-eabi/lib/armv7-m\libcr_c.a(remove.o)
 .comment       0x00000000       0x71 c:/nxp/lpcxpresso_5.2.6_2137/lpcxpresso/tools/bin/../lib/gcc/arm-none-eabi/4.6.2/../../../../arm-none-eabi/lib/armv7-m\libcr_c.a(__init_alloc.o)
 .comment       0x00000000       0x71 c:/nxp/lpcxpresso_5.2.6_2137/lpcxpresso/tools/bin/../lib/gcc/arm-none-eabi/4.6.2/../../../../arm-none-eabi/lib/armv7-m\libcr_c.a(_do_fflush.o)
 .comment       0x00000000       0x71 c:/nxp/lpcxpresso_5.2.6_2137/lpcxpresso/tools/bin/../lib/gcc/arm-none-eabi/4.6.2/../../../../arm-none-eabi/lib/armv7-m\libcr_c.a(_hugeval.o)
 .comment       0x00000000       0x71 c:/nxp/lpcxpresso_5.2.6_2137/lpcxpresso/tools/bin/../lib/gcc/arm-none-eabi/4.6.2/armv7-m\libcr_eabihelpers.a(double.o)
 .comment       0x00000000       0x71 c:/nxp/lpcxpresso_5.2.6_2137/lpcxpresso/tools/bin/../lib/gcc/arm-none-eabi/4.6.2/../../../../arm-none-eabi/lib/armv7-m\libcr_semihost.a(_cr_sbrk.o)
 .comment       0x00000000       0x71 c:/nxp/lpcxpresso_5.2.6_2137/lpcxpresso/tools/bin/../lib/gcc/arm-none-eabi/4.6.2/../../../../arm-none-eabi/lib/armv7-m\libcr_semihost.a(_cr_check_heap.o)

.ARM.attributes
                0x00000000       0x31
 .ARM.attributes
                0x00000000       0x33 ./cr_startup_lpc17.o
 .ARM.attributes
                0x00000033       0x33 ./display_oled.o
 .ARM.attributes
                0x00000066       0x33 ./main.o
 .ARM.attributes
                0x00000099       0x33 ./sensor.o
 .ARM.attributes
                0x000000cc       0x33 C:\Users\aluno\Desktop\Lib_CMSISv1p30_LPC17xx\Debug\libCMSISv1p30_LPC17xx.a(system_LPC17xx.o)
 .ARM.attributes
                0x000000ff       0x33 C:\Users\aluno\Desktop\FreeRTOS_Library\Debug\libFreeRTOS_Library.a(port.o)
 .ARM.attributes
                0x00000132       0x33 C:\Users\aluno\Desktop\FreeRTOS_Library\Debug\libFreeRTOS_Library.a(basic_io.o)
 .ARM.attributes
                0x00000165       0x33 C:\Users\aluno\Desktop\FreeRTOS_Library\Debug\libFreeRTOS_Library.a(consoleprint.o)
 .ARM.attributes
                0x00000198       0x33 C:\Users\aluno\Desktop\FreeRTOS_Library\Debug\libFreeRTOS_Library.a(queue.o)
 .ARM.attributes
                0x000001cb       0x33 C:\Users\aluno\Desktop\FreeRTOS_Library\Debug\libFreeRTOS_Library.a(tasks.o)
 .ARM.attributes
                0x000001fe       0x33 C:\Users\aluno\Desktop\FreeRTOS_Library\Debug\libFreeRTOS_Library.a(heap_2.o)
 .ARM.attributes
                0x00000231       0x33 C:\Users\aluno\Desktop\FreeRTOS_Library\Debug\libFreeRTOS_Library.a(list.o)
 .ARM.attributes
                0x00000264       0x33 C:\Users\aluno\Desktop\Lib_EaBaseBoard\Debug\libLib_EaBaseBoard.a(led7seg.o)
 .ARM.attributes
                0x00000297       0x33 C:\Users\aluno\Desktop\Lib_EaBaseBoard\Debug\libLib_EaBaseBoard.a(light.o)
 .ARM.attributes
                0x000002ca       0x33 C:\Users\aluno\Desktop\Lib_EaBaseBoard\Debug\libLib_EaBaseBoard.a(oled.o)
 .ARM.attributes
                0x000002fd       0x33 C:\Users\aluno\Desktop\Lib_EaBaseBoard\Debug\libLib_EaBaseBoard.a(font5x7.o)
 .ARM.attributes
                0x00000330       0x33 C:\Users\aluno\Desktop\Lib_MCU\Debug\libLib_MCU.a(lpc17xx_gpio.o)
 .ARM.attributes
                0x00000363       0x33 C:\Users\aluno\Desktop\Lib_MCU\Debug\libLib_MCU.a(lpc17xx_i2c.o)
 .ARM.attributes
                0x00000396       0x33 C:\Users\aluno\Desktop\Lib_MCU\Debug\libLib_MCU.a(lpc17xx_libcfg_default.o)
 .ARM.attributes
                0x000003c9       0x33 C:\Users\aluno\Desktop\Lib_MCU\Debug\libLib_MCU.a(lpc17xx_pinsel.o)
 .ARM.attributes
                0x000003fc       0x33 C:\Users\aluno\Desktop\Lib_MCU\Debug\libLib_MCU.a(lpc17xx_ssp.o)
 .ARM.attributes
                0x0000042f       0x33 C:\Users\aluno\Desktop\Lib_MCU\Debug\libLib_MCU.a(lpc17xx_timer.o)
 .ARM.attributes
                0x00000462       0x33 C:\Users\aluno\Desktop\Lib_MCU\Debug\libLib_MCU.a(lpc17xx_clkpwr.o)
 .ARM.attributes
                0x00000495       0x21 c:/nxp/lpcxpresso_5.2.6_2137/lpcxpresso/tools/bin/../lib/gcc/arm-none-eabi/4.6.2/../../../../arm-none-eabi/lib/armv7-m\libcr_semihost.a(__sys_write.o)
 .ARM.attributes
                0x000004b6       0x33 c:/nxp/lpcxpresso_5.2.6_2137/lpcxpresso/tools/bin/../lib/gcc/arm-none-eabi/4.6.2/../../../../arm-none-eabi/lib/armv7-m\libcr_semihost.a(_cr__main.o)
 .ARM.attributes
                0x000004e9       0x33 c:/nxp/lpcxpresso_5.2.6_2137/lpcxpresso/tools/bin/../lib/gcc/arm-none-eabi/4.6.2/../../../../arm-none-eabi/lib/armv7-m\libcr_c.a(memcpy.o)
 .ARM.attributes
                0x0000051c       0x33 c:/nxp/lpcxpresso_5.2.6_2137/lpcxpresso/tools/bin/../lib/gcc/arm-none-eabi/4.6.2/../../../../arm-none-eabi/lib/armv7-m\libcr_c.a(memset.o)
 .ARM.attributes
                0x0000054f       0x33 c:/nxp/lpcxpresso_5.2.6_2137/lpcxpresso/tools/bin/../lib/gcc/arm-none-eabi/4.6.2/../../../../arm-none-eabi/lib/armv7-m\libcr_c.a(fpprintf.o)
 .ARM.attributes
                0x00000582       0x33 c:/nxp/lpcxpresso_5.2.6_2137/lpcxpresso/tools/bin/../lib/gcc/arm-none-eabi/4.6.2/../../../../arm-none-eabi/lib/armv7-m\libcr_c.a(initio.o)
 .ARM.attributes
                0x000005b5       0x33 c:/nxp/lpcxpresso_5.2.6_2137/lpcxpresso/tools/bin/../lib/gcc/arm-none-eabi/4.6.2/../../../../arm-none-eabi/lib/armv7-m\libcr_c.a(memcmp.o)
 .ARM.attributes
                0x000005e8       0x33 c:/nxp/lpcxpresso_5.2.6_2137/lpcxpresso/tools/bin/../lib/gcc/arm-none-eabi/4.6.2/../../../../arm-none-eabi/lib/armv7-m\libcr_c.a(printf.o)
 .ARM.attributes
                0x0000061b       0x33 c:/nxp/lpcxpresso_5.2.6_2137/lpcxpresso/tools/bin/../lib/gcc/arm-none-eabi/4.6.2/../../../../arm-none-eabi/lib/armv7-m\libcr_c.a(setvbuf.o)
 .ARM.attributes
                0x0000064e       0x33 c:/nxp/lpcxpresso_5.2.6_2137/lpcxpresso/tools/bin/../lib/gcc/arm-none-eabi/4.6.2/../../../../arm-none-eabi/lib/armv7-m\libcr_c.a(stdio.o)
 .ARM.attributes
                0x00000681       0x33 c:/nxp/lpcxpresso_5.2.6_2137/lpcxpresso/tools/bin/../lib/gcc/arm-none-eabi/4.6.2/../../../../arm-none-eabi/lib/armv7-m\libcr_c.a(strcpy.o)
 .ARM.attributes
                0x000006b4       0x33 c:/nxp/lpcxpresso_5.2.6_2137/lpcxpresso/tools/bin/../lib/gcc/arm-none-eabi/4.6.2/../../../../arm-none-eabi/lib/armv7-m\libcr_c.a(strlen.o)
 .ARM.attributes
                0x000006e7       0x33 c:/nxp/lpcxpresso_5.2.6_2137/lpcxpresso/tools/bin/../lib/gcc/arm-none-eabi/4.6.2/../../../../arm-none-eabi/lib/armv7-m\libcr_c.a(strncpy.o)
 .ARM.attributes
                0x0000071a       0x33 c:/nxp/lpcxpresso_5.2.6_2137/lpcxpresso/tools/bin/../lib/gcc/arm-none-eabi/4.6.2/../../../../arm-none-eabi/lib/armv7-m\libcr_c.a(__fillbuf.o)
 .ARM.attributes
                0x0000074d       0x33 c:/nxp/lpcxpresso_5.2.6_2137/lpcxpresso/tools/bin/../lib/gcc/arm-none-eabi/4.6.2/../../../../arm-none-eabi/lib/armv7-m\libcr_c.a(_deferredlazyseek.o)
 .ARM.attributes
                0x00000780       0x33 c:/nxp/lpcxpresso_5.2.6_2137/lpcxpresso/tools/bin/../lib/gcc/arm-none-eabi/4.6.2/../../../../arm-none-eabi/lib/armv7-m\libcr_c.a(_fdopen.o)
 .ARM.attributes
                0x000007b3       0x33 c:/nxp/lpcxpresso_5.2.6_2137/lpcxpresso/tools/bin/../lib/gcc/arm-none-eabi/4.6.2/../../../../arm-none-eabi/lib/armv7-m\libcr_c.a(_fflush.o)
 .ARM.attributes
                0x000007e6       0x33 c:/nxp/lpcxpresso_5.2.6_2137/lpcxpresso/tools/bin/../lib/gcc/arm-none-eabi/4.6.2/../../../../arm-none-eabi/lib/armv7-m\libcr_c.a(_frexpl.o)
 .ARM.attributes
                0x00000819       0x33 c:/nxp/lpcxpresso_5.2.6_2137/lpcxpresso/tools/bin/../lib/gcc/arm-none-eabi/4.6.2/../../../../arm-none-eabi/lib/armv7-m\libcr_c.a(_ldexpl.o)
 .ARM.attributes
                0x0000084c       0x33 c:/nxp/lpcxpresso_5.2.6_2137/lpcxpresso/tools/bin/../lib/gcc/arm-none-eabi/4.6.2/../../../../arm-none-eabi/lib/armv7-m\libcr_c.a(_writebuf.o)
 .ARM.attributes
                0x0000087f       0x33 c:/nxp/lpcxpresso_5.2.6_2137/lpcxpresso/tools/bin/../lib/gcc/arm-none-eabi/4.6.2/../../../../arm-none-eabi/lib/armv7-m\libcr_c.a(alloc.o)
 .ARM.attributes
                0x000008b2       0x33 c:/nxp/lpcxpresso_5.2.6_2137/lpcxpresso/tools/bin/../lib/gcc/arm-none-eabi/4.6.2/../../../../arm-none-eabi/lib/armv7-m\libcr_c.a(errno.o)
 .ARM.attributes
                0x000008e5       0x33 c:/nxp/lpcxpresso_5.2.6_2137/lpcxpresso/tools/bin/../lib/gcc/arm-none-eabi/4.6.2/../../../../arm-none-eabi/lib/armv7-m\libcr_c.a(fclose.o)
 .ARM.attributes
                0x00000918       0x33 c:/nxp/lpcxpresso_5.2.6_2137/lpcxpresso/tools/bin/../lib/gcc/arm-none-eabi/4.6.2/../../../../arm-none-eabi/lib/armv7-m\libcr_c.a(fflush.o)
 .ARM.attributes
                0x0000094b       0x33 c:/nxp/lpcxpresso_5.2.6_2137/lpcxpresso/tools/bin/../lib/gcc/arm-none-eabi/4.6.2/../../../../arm-none-eabi/lib/armv7-m\libcr_c.a(fseek.o)
 .ARM.attributes
                0x0000097e       0x33 c:/nxp/lpcxpresso_5.2.6_2137/lpcxpresso/tools/bin/../lib/gcc/arm-none-eabi/4.6.2/../../../../arm-none-eabi/lib/armv7-m\libcr_c.a(ftell.o)
 .ARM.attributes
                0x000009b1       0x33 c:/nxp/lpcxpresso_5.2.6_2137/lpcxpresso/tools/bin/../lib/gcc/arm-none-eabi/4.6.2/../../../../arm-none-eabi/lib/armv7-m\libcr_c.a(remove.o)
 .ARM.attributes
                0x000009e4       0x33 c:/nxp/lpcxpresso_5.2.6_2137/lpcxpresso/tools/bin/../lib/gcc/arm-none-eabi/4.6.2/../../../../arm-none-eabi/lib/armv7-m\libcr_c.a(__init_alloc.o)
 .ARM.attributes
                0x00000a17       0x33 c:/nxp/lpcxpresso_5.2.6_2137/lpcxpresso/tools/bin/../lib/gcc/arm-none-eabi/4.6.2/../../../../arm-none-eabi/lib/armv7-m\libcr_c.a(_do_fflush.o)
 .ARM.attributes
                0x00000a4a       0x33 c:/nxp/lpcxpresso_5.2.6_2137/lpcxpresso/tools/bin/../lib/gcc/arm-none-eabi/4.6.2/../../../../arm-none-eabi/lib/armv7-m\libcr_c.a(_hugeval.o)
 .ARM.attributes
                0x00000a7d       0x21 c:/nxp/lpcxpresso_5.2.6_2137/lpcxpresso/tools/bin/../lib/gcc/arm-none-eabi/4.6.2/armv7-m\libcr_eabihelpers.a(division.o)
 .ARM.attributes
                0x00000a9e       0x33 c:/nxp/lpcxpresso_5.2.6_2137/lpcxpresso/tools/bin/../lib/gcc/arm-none-eabi/4.6.2/armv7-m\libcr_eabihelpers.a(double.o)
 .ARM.attributes
                0x00000ad1       0x21 c:/nxp/lpcxpresso_5.2.6_2137/lpcxpresso/tools/bin/../lib/gcc/arm-none-eabi/4.6.2/armv7-m\libcr_eabihelpers.a(memcpy.o)
 .ARM.attributes
                0x00000af2       0x21 c:/nxp/lpcxpresso_5.2.6_2137/lpcxpresso/tools/bin/../lib/gcc/arm-none-eabi/4.6.2/../../../../arm-none-eabi/lib/armv7-m\libcr_semihost.a(__sys_appexit.o)
 .ARM.attributes
                0x00000b13       0x21 c:/nxp/lpcxpresso_5.2.6_2137/lpcxpresso/tools/bin/../lib/gcc/arm-none-eabi/4.6.2/../../../../arm-none-eabi/lib/armv7-m\libcr_semihost.a(__sys_close.o)
 .ARM.attributes
                0x00000b34       0x21 c:/nxp/lpcxpresso_5.2.6_2137/lpcxpresso/tools/bin/../lib/gcc/arm-none-eabi/4.6.2/../../../../arm-none-eabi/lib/armv7-m\libcr_semihost.a(__sys_flen.o)
 .ARM.attributes
                0x00000b55       0x21 c:/nxp/lpcxpresso_5.2.6_2137/lpcxpresso/tools/bin/../lib/gcc/arm-none-eabi/4.6.2/../../../../arm-none-eabi/lib/armv7-m\libcr_semihost.a(__sys_istty.o)
 .ARM.attributes
                0x00000b76       0x21 c:/nxp/lpcxpresso_5.2.6_2137/lpcxpresso/tools/bin/../lib/gcc/arm-none-eabi/4.6.2/../../../../arm-none-eabi/lib/armv7-m\libcr_semihost.a(__sys_read.o)
 .ARM.attributes
                0x00000b97       0x21 c:/nxp/lpcxpresso_5.2.6_2137/lpcxpresso/tools/bin/../lib/gcc/arm-none-eabi/4.6.2/../../../../arm-none-eabi/lib/armv7-m\libcr_semihost.a(__sys_readc.o)
 .ARM.attributes
                0x00000bb8       0x21 c:/nxp/lpcxpresso_5.2.6_2137/lpcxpresso/tools/bin/../lib/gcc/arm-none-eabi/4.6.2/../../../../arm-none-eabi/lib/armv7-m\libcr_semihost.a(__sys_remove.o)
 .ARM.attributes
                0x00000bd9       0x21 c:/nxp/lpcxpresso_5.2.6_2137/lpcxpresso/tools/bin/../lib/gcc/arm-none-eabi/4.6.2/../../../../arm-none-eabi/lib/armv7-m\libcr_semihost.a(__sys_rename.o)
 .ARM.attributes
                0x00000bfa       0x21 c:/nxp/lpcxpresso_5.2.6_2137/lpcxpresso/tools/bin/../lib/gcc/arm-none-eabi/4.6.2/../../../../arm-none-eabi/lib/armv7-m\libcr_semihost.a(__sys_seek.o)
 .ARM.attributes
                0x00000c1b       0x21 c:/nxp/lpcxpresso_5.2.6_2137/lpcxpresso/tools/bin/../lib/gcc/arm-none-eabi/4.6.2/../../../../arm-none-eabi/lib/armv7-m\libcr_semihost.a(__sys_tmpnam.o)
 .ARM.attributes
                0x00000c3c       0x33 c:/nxp/lpcxpresso_5.2.6_2137/lpcxpresso/tools/bin/../lib/gcc/arm-none-eabi/4.6.2/../../../../arm-none-eabi/lib/armv7-m\libcr_semihost.a(_cr_sbrk.o)
 .ARM.attributes
                0x00000c6f       0x33 c:/nxp/lpcxpresso_5.2.6_2137/lpcxpresso/tools/bin/../lib/gcc/arm-none-eabi/4.6.2/../../../../arm-none-eabi/lib/armv7-m\libcr_semihost.a(_cr_check_heap.o)

.debug_frame    0x00000000     0x1d8c
 .debug_frame   0x00000000      0x120 ./cr_startup_lpc17.o
 .debug_frame   0x00000120       0x90 ./display_oled.o
 .debug_frame   0x000001b0       0xf0 ./main.o
 .debug_frame   0x000002a0       0xf8 ./sensor.o
 .debug_frame   0x00000398       0x48 C:\Users\aluno\Desktop\Lib_CMSISv1p30_LPC17xx\Debug\libCMSISv1p30_LPC17xx.a(system_LPC17xx.o)
 .debug_frame   0x000003e0       0xc0 C:\Users\aluno\Desktop\FreeRTOS_Library\Debug\libFreeRTOS_Library.a(port.o)
 .debug_frame   0x000004a0       0x48 C:\Users\aluno\Desktop\FreeRTOS_Library\Debug\libFreeRTOS_Library.a(basic_io.o)
 .debug_frame   0x000004e8       0x28 C:\Users\aluno\Desktop\FreeRTOS_Library\Debug\libFreeRTOS_Library.a(consoleprint.o)
 .debug_frame   0x00000510      0x19c C:\Users\aluno\Desktop\FreeRTOS_Library\Debug\libFreeRTOS_Library.a(queue.o)
 .debug_frame   0x000006ac      0x2cc C:\Users\aluno\Desktop\FreeRTOS_Library\Debug\libFreeRTOS_Library.a(tasks.o)
 .debug_frame   0x00000978       0x68 C:\Users\aluno\Desktop\FreeRTOS_Library\Debug\libFreeRTOS_Library.a(heap_2.o)
 .debug_frame   0x000009e0       0x68 C:\Users\aluno\Desktop\FreeRTOS_Library\Debug\libFreeRTOS_Library.a(list.o)
 .debug_frame   0x00000a48       0x50 C:\Users\aluno\Desktop\Lib_EaBaseBoard\Debug\libLib_EaBaseBoard.a(led7seg.o)
 .debug_frame   0x00000a98      0x24c C:\Users\aluno\Desktop\Lib_EaBaseBoard\Debug\libLib_EaBaseBoard.a(light.o)
 .debug_frame   0x00000ce4      0x244 C:\Users\aluno\Desktop\Lib_EaBaseBoard\Debug\libLib_EaBaseBoard.a(oled.o)
 .debug_frame   0x00000f28      0x344 C:\Users\aluno\Desktop\Lib_MCU\Debug\libLib_MCU.a(lpc17xx_gpio.o)
 .debug_frame   0x0000126c      0x35c C:\Users\aluno\Desktop\Lib_MCU\Debug\libLib_MCU.a(lpc17xx_i2c.o)
 .debug_frame   0x000015c8       0x2c C:\Users\aluno\Desktop\Lib_MCU\Debug\libLib_MCU.a(lpc17xx_libcfg_default.o)
 .debug_frame   0x000015f4       0xfc C:\Users\aluno\Desktop\Lib_MCU\Debug\libLib_MCU.a(lpc17xx_pinsel.o)
 .debug_frame   0x000016f0      0x2e0 C:\Users\aluno\Desktop\Lib_MCU\Debug\libLib_MCU.a(lpc17xx_ssp.o)
 .debug_frame   0x000019d0      0x280 C:\Users\aluno\Desktop\Lib_MCU\Debug\libLib_MCU.a(lpc17xx_timer.o)
 .debug_frame   0x00001c50      0x13c C:\Users\aluno\Desktop\Lib_MCU\Debug\libLib_MCU.a(lpc17xx_clkpwr.o)

.debug_macro    0x00000000     0x3bdc
 .debug_macro   0x00000000       0x99 C:\Users\aluno\Desktop\Lib_EaBaseBoard\Debug\libLib_EaBaseBoard.a(led7seg.o)
 .debug_macro   0x00000099      0x880 C:\Users\aluno\Desktop\Lib_EaBaseBoard\Debug\libLib_EaBaseBoard.a(led7seg.o)
 .debug_macro   0x00000919       0x1c C:\Users\aluno\Desktop\Lib_EaBaseBoard\Debug\libLib_EaBaseBoard.a(led7seg.o)
 .debug_macro   0x00000935       0x22 C:\Users\aluno\Desktop\Lib_EaBaseBoard\Debug\libLib_EaBaseBoard.a(led7seg.o)
 .debug_macro   0x00000957       0x10 C:\Users\aluno\Desktop\Lib_EaBaseBoard\Debug\libLib_EaBaseBoard.a(led7seg.o)
 .debug_macro   0x00000967      0x12d C:\Users\aluno\Desktop\Lib_EaBaseBoard\Debug\libLib_EaBaseBoard.a(led7seg.o)
 .debug_macro   0x00000a94      0x5b2 C:\Users\aluno\Desktop\Lib_EaBaseBoard\Debug\libLib_EaBaseBoard.a(led7seg.o)
 .debug_macro   0x00001046      0x7b7 C:\Users\aluno\Desktop\Lib_EaBaseBoard\Debug\libLib_EaBaseBoard.a(led7seg.o)
 .debug_macro   0x000017fd      0x2c7 C:\Users\aluno\Desktop\Lib_EaBaseBoard\Debug\libLib_EaBaseBoard.a(led7seg.o)
 .debug_macro   0x00001ac4       0x63 C:\Users\aluno\Desktop\Lib_EaBaseBoard\Debug\libLib_EaBaseBoard.a(led7seg.o)
 .debug_macro   0x00001b27       0x40 C:\Users\aluno\Desktop\Lib_EaBaseBoard\Debug\libLib_EaBaseBoard.a(led7seg.o)
 .debug_macro   0x00001b67      0x2af C:\Users\aluno\Desktop\Lib_EaBaseBoard\Debug\libLib_EaBaseBoard.a(led7seg.o)
 .debug_macro   0x00001e16      0x126 C:\Users\aluno\Desktop\Lib_EaBaseBoard\Debug\libLib_EaBaseBoard.a(light.o)
 .debug_macro   0x00001f3c      0x18c C:\Users\aluno\Desktop\Lib_EaBaseBoard\Debug\libLib_EaBaseBoard.a(light.o)
 .debug_macro   0x000020c8       0xdd C:\Users\aluno\Desktop\Lib_EaBaseBoard\Debug\libLib_EaBaseBoard.a(oled.o)
 .debug_macro   0x000021a5       0x5d C:\Users\aluno\Desktop\Lib_EaBaseBoard\Debug\libLib_EaBaseBoard.a(oled.o)
 .debug_macro   0x00002202      0x192 C:\Users\aluno\Desktop\Lib_EaBaseBoard\Debug\libLib_EaBaseBoard.a(oled.o)
 .debug_macro   0x00002394       0x16 C:\Users\aluno\Desktop\Lib_EaBaseBoard\Debug\libLib_EaBaseBoard.a(oled.o)
 .debug_macro   0x000023aa       0x1a C:\Users\aluno\Desktop\Lib_EaBaseBoard\Debug\libLib_EaBaseBoard.a(font5x7.o)
 .debug_macro   0x000023c4      0x696 C:\Users\aluno\Desktop\Lib_EaBaseBoard\Debug\libLib_EaBaseBoard.a(font5x7.o)
 .debug_macro   0x00002a5a       0x83 C:\Users\aluno\Desktop\Lib_MCU\Debug\libLib_MCU.a(lpc17xx_gpio.o)
 .debug_macro   0x00002add       0xcb C:\Users\aluno\Desktop\Lib_MCU\Debug\libLib_MCU.a(lpc17xx_gpio.o)
 .debug_macro   0x00002ba8       0x95 C:\Users\aluno\Desktop\Lib_MCU\Debug\libLib_MCU.a(lpc17xx_i2c.o)
 .debug_macro   0x00002c3d      0x2fe C:\Users\aluno\Desktop\Lib_MCU\Debug\libLib_MCU.a(lpc17xx_i2c.o)
 .debug_macro   0x00002f3b      0x149 C:\Users\aluno\Desktop\Lib_MCU\Debug\libLib_MCU.a(lpc17xx_i2c.o)
 .debug_macro   0x00003084       0x5a C:\Users\aluno\Desktop\Lib_MCU\Debug\libLib_MCU.a(lpc17xx_libcfg_default.o)
 .debug_macro   0x000030de       0x5d C:\Users\aluno\Desktop\Lib_MCU\Debug\libLib_MCU.a(lpc17xx_libcfg_default.o)
 .debug_macro   0x0000313b       0xc5 C:\Users\aluno\Desktop\Lib_MCU\Debug\libLib_MCU.a(lpc17xx_libcfg_default.o)
 .debug_macro   0x00003200       0x7a C:\Users\aluno\Desktop\Lib_MCU\Debug\libLib_MCU.a(lpc17xx_pinsel.o)
 .debug_macro   0x0000327a      0x143 C:\Users\aluno\Desktop\Lib_MCU\Debug\libLib_MCU.a(lpc17xx_pinsel.o)
 .debug_macro   0x000033bd       0x8c C:\Users\aluno\Desktop\Lib_MCU\Debug\libLib_MCU.a(lpc17xx_ssp.o)
 .debug_macro   0x00003449      0x2a9 C:\Users\aluno\Desktop\Lib_MCU\Debug\libLib_MCU.a(lpc17xx_ssp.o)
 .debug_macro   0x000036f2       0x95 C:\Users\aluno\Desktop\Lib_MCU\Debug\libLib_MCU.a(lpc17xx_timer.o)
 .debug_macro   0x00003787       0xe3 C:\Users\aluno\Desktop\Lib_MCU\Debug\libLib_MCU.a(lpc17xx_timer.o)
 .debug_macro   0x0000386a       0x7a C:\Users\aluno\Desktop\Lib_MCU\Debug\libLib_MCU.a(lpc17xx_clkpwr.o)
 .debug_macro   0x000038e4      0x2f8 C:\Users\aluno\Desktop\Lib_MCU\Debug\libLib_MCU.a(lpc17xx_clkpwr.o)
