21:10:55 **** Clean-only build of configuration Debug for project CMSISv1p30_LPC17xx ****
make clean 
rm -rf  ./src/core_cm3.o ./src/system_LPC17xx.o  ./src/core_cm3.d ./src/system_LPC17xx.d  libCMSISv1p30_LPC17xx.a
 
21:10:56 **** Build of configuration Debug for project CMSISv1p30_LPC17xx ****
make all 
Building file: ../src/core_cm3.c
Invoking: MCU C Compiler
arm-none-eabi-gcc -DDEBUG -D__CODE_RED -D__REDLIB__ -I"C:\Users\aluno\Desktop\CMSISv1p30_LPC17xx\inc" -O0 -g3 -Wall -c -fmessage-length=0 -fno-builtin -ffunction-sections -mcpu=cortex-m3 -mthumb -MMD -MP -MF"src/core_cm3.d" -MT"src/core_cm3.d" -o "src/core_cm3.o" "../src/core_cm3.c"
Finished building: ../src/core_cm3.c
 
Building file: ../src/system_LPC17xx.c
Invoking: MCU C Compiler
arm-none-eabi-gcc -DDEBUG -D__CODE_RED -D__REDLIB__ -I"C:\Users\aluno\Desktop\CMSISv1p30_LPC17xx\inc" -O0 -g3 -Wall -c -fmessage-length=0 -fno-builtin -ffunction-sections -mcpu=cortex-m3 -mthumb -MMD -MP -MF"src/system_LPC17xx.d" -MT"src/system_LPC17xx.d" -o "src/system_LPC17xx.o" "../src/system_LPC17xx.c"
Finished building: ../src/system_LPC17xx.c
 
Building target: libCMSISv1p30_LPC17xx.a
Invoking: MCU Archiver
arm-none-eabi-ar -r  "libCMSISv1p30_LPC17xx.a"  ./src/core_cm3.o ./src/system_LPC17xx.o   
c:\nxp\LPCXpresso_5.2.6_2137\lpcxpresso\tools\bin\arm-none-eabi-ar.exe: creating libCMSISv1p30_LPC17xx.a
Finished building target: libCMSISv1p30_LPC17xx.a
 
make --no-print-directory post-build
Performing post-build steps
arm-none-eabi-size libCMSISv1p30_LPC17xx.a ; # arm-none-eabi-objdump -h -S libCMSISv1p30_LPC17xx.a >libCMSISv1p30_LPC17xx.lss
   text	   data	    bss	    dec	    hex	filename
    652	      0	      0	    652	    28c	core_cm3.o (ex libCMSISv1p30_LPC17xx.a)
   1276	      4	      0	   1280	    500	system_LPC17xx.o (ex libCMSISv1p30_LPC17xx.a)
 
21:10:58 **** Clean-only build of configuration Debug for project FreeRTOS_Library ****
make clean 
rm -rf  ./portable/heap_2.o ./portable/port.o  ./demo_code/basic_io.o ./demo_code/consoleprint.o  ./list.o ./queue.o ./tasks.o  ./portable/heap_2.d ./portable/port.d  ./demo_code/basic_io.d ./demo_code/consoleprint.d  ./list.d ./queue.d ./tasks.d  libFreeRTOS_Library.a
 
21:10:58 **** Build of configuration Debug for project FreeRTOS_Library ****
make all 
Building file: ../portable/heap_2.c
Invoking: MCU C Compiler
arm-none-eabi-gcc -D__REDLIB__ -I"C:\Users\aluno\Desktop\FreeRTOS_Library\include" -I"C:\Users\aluno\Desktop\CMSISv1p30_LPC17xx\inc" -I"C:\Users\aluno\Desktop\FreeRTOS_Library\portable" -I"C:\Users\aluno\Desktop\FreeRTOS_Library\demo_code" -O1 -g3 -Wall -c -fmessage-length=0 -mcpu=cortex-m3 -mthumb -MMD -MP -MF"portable/heap_2.d" -MT"portable/heap_2.d" -o "portable/heap_2.o" "../portable/heap_2.c"
Finished building: ../portable/heap_2.c
 
Building file: ../portable/port.c
Invoking: MCU C Compiler
arm-none-eabi-gcc -D__REDLIB__ -I"C:\Users\aluno\Desktop\FreeRTOS_Library\include" -I"C:\Users\aluno\Desktop\CMSISv1p30_LPC17xx\inc" -I"C:\Users\aluno\Desktop\FreeRTOS_Library\portable" -I"C:\Users\aluno\Desktop\FreeRTOS_Library\demo_code" -O1 -g3 -Wall -c -fmessage-length=0 -mcpu=cortex-m3 -mthumb -MMD -MP -MF"portable/port.d" -MT"portable/port.d" -o "portable/port.o" "../portable/port.c"
Finished building: ../portable/port.c
 
Building file: ../demo_code/basic_io.c
Invoking: MCU C Compiler
arm-none-eabi-gcc -D__REDLIB__ -I"C:\Users\aluno\Desktop\FreeRTOS_Library\include" -I"C:\Users\aluno\Desktop\CMSISv1p30_LPC17xx\inc" -I"C:\Users\aluno\Desktop\FreeRTOS_Library\portable" -I"C:\Users\aluno\Desktop\FreeRTOS_Library\demo_code" -O1 -g3 -Wall -c -fmessage-length=0 -mcpu=cortex-m3 -mthumb -MMD -MP -MF"demo_code/basic_io.d" -MT"demo_code/basic_io.d" -o "demo_code/basic_io.o" "../demo_code/basic_io.c"
Finished building: ../demo_code/basic_io.c
 
Building file: ../demo_code/consoleprint.c
Invoking: MCU C Compiler
arm-none-eabi-gcc -D__REDLIB__ -I"C:\Users\aluno\Desktop\FreeRTOS_Library\include" -I"C:\Users\aluno\Desktop\CMSISv1p30_LPC17xx\inc" -I"C:\Users\aluno\Desktop\FreeRTOS_Library\portable" -I"C:\Users\aluno\Desktop\FreeRTOS_Library\demo_code" -O1 -g3 -Wall -c -fmessage-length=0 -mcpu=cortex-m3 -mthumb -MMD -MP -MF"demo_code/consoleprint.d" -MT"demo_code/consoleprint.d" -o "demo_code/consoleprint.o" "../demo_code/consoleprint.c"
Finished building: ../demo_code/consoleprint.c
 
Building file: ../list.c
Invoking: MCU C Compiler
arm-none-eabi-gcc -D__REDLIB__ -I"C:\Users\aluno\Desktop\FreeRTOS_Library\include" -I"C:\Users\aluno\Desktop\CMSISv1p30_LPC17xx\inc" -I"C:\Users\aluno\Desktop\FreeRTOS_Library\portable" -I"C:\Users\aluno\Desktop\FreeRTOS_Library\demo_code" -O1 -g3 -Wall -c -fmessage-length=0 -mcpu=cortex-m3 -mthumb -MMD -MP -MF"list.d" -MT"list.d" -o "list.o" "../list.c"
Finished building: ../list.c
 
Building file: ../queue.c
Invoking: MCU C Compiler
arm-none-eabi-gcc -D__REDLIB__ -I"C:\Users\aluno\Desktop\FreeRTOS_Library\include" -I"C:\Users\aluno\Desktop\CMSISv1p30_LPC17xx\inc" -I"C:\Users\aluno\Desktop\FreeRTOS_Library\portable" -I"C:\Users\aluno\Desktop\FreeRTOS_Library\demo_code" -O1 -g3 -Wall -c -fmessage-length=0 -mcpu=cortex-m3 -mthumb -MMD -MP -MF"queue.d" -MT"queue.d" -o "queue.o" "../queue.c"
Finished building: ../queue.c
 
Building file: ../tasks.c
Invoking: MCU C Compiler
arm-none-eabi-gcc -D__REDLIB__ -I"C:\Users\aluno\Desktop\FreeRTOS_Library\include" -I"C:\Users\aluno\Desktop\CMSISv1p30_LPC17xx\inc" -I"C:\Users\aluno\Desktop\FreeRTOS_Library\portable" -I"C:\Users\aluno\Desktop\FreeRTOS_Library\demo_code" -O1 -g3 -Wall -c -fmessage-length=0 -mcpu=cortex-m3 -mthumb -MMD -MP -MF"tasks.d" -MT"tasks.d" -o "tasks.o" "../tasks.c"
Finished building: ../tasks.c
 
Building target: libFreeRTOS_Library.a
Invoking: MCU Archiver
arm-none-eabi-ar -r  "libFreeRTOS_Library.a"  ./portable/heap_2.o ./portable/port.o  ./demo_code/basic_io.o ./demo_code/consoleprint.o  ./list.o ./queue.o ./tasks.o   
c:\nxp\LPCXpresso_5.2.6_2137\lpcxpresso\tools\bin\arm-none-eabi-ar.exe: creating libFreeRTOS_Library.a
Finished building target: libFreeRTOS_Library.a
 
make --no-print-directory post-build
Performing post-build steps
arm-none-eabi-size libFreeRTOS_Library.a ; # arm-none-eabi-objdump -h -S libFreeRTOS_Library.a >libFreeRTOS_Library.lss
   text	   data	    bss	    dec	    hex	filename
    320	      4	  10264	  10588	   295c	heap_2.o (ex libFreeRTOS_Library.a)
    344	      4	      0	    348	    15c	port.o (ex libFreeRTOS_Library.a)
     92	      0	     52	    144	     90	basic_io.o (ex libFreeRTOS_Library.a)
     24	      0	      0	     24	     18	consoleprint.o (ex libFreeRTOS_Library.a)
    164	      0	      0	    164	     a4	list.o (ex libFreeRTOS_Library.a)
   1252	      0	      0	   1252	    4e4	queue.o (ex libFreeRTOS_Library.a)
   3264	      0	    256	   3520	    dc0	tasks.o (ex libFreeRTOS_Library.a)
 
21:11:02 **** Clean-only build of configuration Debug for project Example06 ****
make clean 
rm -rf  ./cr_startup_lpc17.o ./main.o ./sensor.o  ./cr_startup_lpc17.d ./main.d ./sensor.d  Example06.axf
 
21:11:02 **** Build of configuration Debug for project Example06 ****
make all 
Building file: ../cr_startup_lpc17.c
Invoking: MCU C Compiler
arm-none-eabi-gcc -DDEBUG -D__USE_CMSIS=CMSISv1p30_LPC17xx -D__CODE_RED -D__REDLIB__ -I"C:\Users\aluno\Desktop\FreeRTOS_Library\demo_code" -I"C:\Users\aluno\Desktop\CMSISv1p30_LPC17xx\inc" -I"C:\Users\aluno\Desktop\FreeRTOS_Library\include" -I"C:\Users\aluno\Desktop\FreeRTOS_Library\portable" -I"C:\Users\aluno\Desktop\Lib_CMSISv1p30_LPC17xx\inc" -I"C:\Users\aluno\Desktop\Lib_EaBaseBoard\inc" -I"C:\Users\aluno\Desktop\Lib_MCU\inc" -O0 -g3 -fsigned-char -c -fmessage-length=0 -fno-builtin -ffunction-sections -mcpu=cortex-m3 -mthumb -MMD -MP -MF"cr_startup_lpc17.d" -MT"cr_startup_lpc17.d" -o "cr_startup_lpc17.o" "../cr_startup_lpc17.c"
Finished building: ../cr_startup_lpc17.c
 
Building file: ../main.c
Invoking: MCU C Compiler
arm-none-eabi-gcc -DDEBUG -D__USE_CMSIS=CMSISv1p30_LPC17xx -D__CODE_RED -D__REDLIB__ -I"C:\Users\aluno\Desktop\FreeRTOS_Library\demo_code" -I"C:\Users\aluno\Desktop\CMSISv1p30_LPC17xx\inc" -I"C:\Users\aluno\Desktop\FreeRTOS_Library\include" -I"C:\Users\aluno\Desktop\FreeRTOS_Library\portable" -I"C:\Users\aluno\Desktop\Lib_CMSISv1p30_LPC17xx\inc" -I"C:\Users\aluno\Desktop\Lib_EaBaseBoard\inc" -I"C:\Users\aluno\Desktop\Lib_MCU\inc" -O0 -g3 -fsigned-char -c -fmessage-length=0 -fno-builtin -ffunction-sections -mcpu=cortex-m3 -mthumb -MMD -MP -MF"main.d" -MT"main.d" -o "main.o" "../main.c"
Finished building: ../main.c
 
Building file: ../sensor.c
Invoking: MCU C Compiler
arm-none-eabi-gcc -DDEBUG -D__USE_CMSIS=CMSISv1p30_LPC17xx -D__CODE_RED -D__REDLIB__ -I"C:\Users\aluno\Desktop\FreeRTOS_Library\demo_code" -I"C:\Users\aluno\Desktop\CMSISv1p30_LPC17xx\inc" -I"C:\Users\aluno\Desktop\FreeRTOS_Library\include" -I"C:\Users\aluno\Desktop\FreeRTOS_Library\portable" -I"C:\Users\aluno\Desktop\Lib_CMSISv1p30_LPC17xx\inc" -I"C:\Users\aluno\Desktop\Lib_EaBaseBoard\inc" -I"C:\Users\aluno\Desktop\Lib_MCU\inc" -O0 -g3 -fsigned-char -c -fmessage-length=0 -fno-builtin -ffunction-sections -mcpu=cortex-m3 -mthumb -MMD -MP -MF"sensor.d" -MT"sensor.d" -o "sensor.o" "../sensor.c"
Finished building: ../sensor.c
 
Building target: Example06.axf
Invoking: MCU Linker
arm-none-eabi-gcc -nostdlib -L"C:\Users\aluno\Desktop\CMSISv1p30_LPC17xx\Debug" -L"C:\Users\aluno\Desktop\FreeRTOS_Library\Debug" -L"C:\Users\aluno\Desktop\Lib_CMSISv1p30_LPC17xx\Debug" -L"C:\Users\aluno\Desktop\Lib_EaBaseBoard\Debug" -L"C:\Users\aluno\Desktop\Lib_MCU\Debug" -Xlinker --gc-sections -Xlinker -Map=Example06.map -mcpu=cortex-m3 -mthumb -T "Example06_Debug.ld" -o "Example06.axf"  ./cr_startup_lpc17.o ./main.o ./sensor.o   -lCMSISv1p30_LPC17xx -lFreeRTOS_Library -lLib_CMSISv1p30_LPC17xx -lLib_EaBaseBoard -lLib_MCU
c:/nxp/lpcxpresso_5.2.6_2137/lpcxpresso/tools/bin/../lib/gcc/arm-none-eabi/4.6.2/../../../../arm-none-eabi/bin/ld.exe: cannot find -lLib_CMSISv1p30_LPC17xx
collect2: ld returned 1 exit status
make: *** [Example06.axf] Error 1
21:11:07 **** Incremental Build of configuration Debug for project CMSISv1p30_LPC17xx ****
make all 
make: Nothing to be done for `all'.
21:11:08 **** Incremental Build of configuration Debug for project FreeRTOS_Library ****
make all 
make: Nothing to be done for `all'.
21:11:08 **** Incremental Build of configuration Debug for project Example06 ****
make all 
Building target: Example06.axf
Invoking: MCU Linker
arm-none-eabi-gcc -nostdlib -L"C:\Users\aluno\Desktop\CMSISv1p30_LPC17xx\Debug" -L"C:\Users\aluno\Desktop\FreeRTOS_Library\Debug" -L"C:\Users\aluno\Desktop\Lib_CMSISv1p30_LPC17xx\Debug" -L"C:\Users\aluno\Desktop\Lib_EaBaseBoard\Debug" -L"C:\Users\aluno\Desktop\Lib_MCU\Debug" -Xlinker --gc-sections -Xlinker -Map=Example06.map -mcpu=cortex-m3 -mthumb -T "Example06_Debug.ld" -o "Example06.axf"  ./cr_startup_lpc17.o ./main.o ./sensor.o   -lCMSISv1p30_LPC17xx -lFreeRTOS_Library -lLib_CMSISv1p30_LPC17xx -lLib_EaBaseBoard -lLib_MCU
c:/nxp/lpcxpresso_5.2.6_2137/lpcxpresso/tools/bin/../lib/gcc/arm-none-eabi/4.6.2/../../../../arm-none-eabi/bin/ld.exe: cannot find -lLib_CMSISv1p30_LPC17xx
collect2: ld returned 1 exit status
make: *** [Example06.axf] Error 1
21:11:19 **** Incremental Build of configuration Debug for project CMSISv1p30_LPC17xx ****
make all 
make: Nothing to be done for `all'.
21:11:19 **** Incremental Build of configuration Debug for project FreeRTOS_Library ****
make all 
make: Nothing to be done for `all'.
21:11:20 **** Incremental Build of configuration Debug for project Example06 ****
make all 
Building target: Example06.axf
Invoking: MCU Linker
arm-none-eabi-gcc -nostdlib -L"C:\Users\aluno\Desktop\CMSISv1p30_LPC17xx\Debug" -L"C:\Users\aluno\Desktop\FreeRTOS_Library\Debug" -L"C:\Users\aluno\Desktop\Lib_CMSISv1p30_LPC17xx\Debug" -L"C:\Users\aluno\Desktop\Lib_EaBaseBoard\Debug" -L"C:\Users\aluno\Desktop\Lib_MCU\Debug" -Xlinker --gc-sections -Xlinker -Map=Example06.map -mcpu=cortex-m3 -mthumb -T "Example06_Debug.ld" -o "Example06.axf"  ./cr_startup_lpc17.o ./main.o ./sensor.o   -lCMSISv1p30_LPC17xx -lFreeRTOS_Library -lLib_CMSISv1p30_LPC17xx -lLib_EaBaseBoard -lLib_MCU
c:/nxp/lpcxpresso_5.2.6_2137/lpcxpresso/tools/bin/../lib/gcc/arm-none-eabi/4.6.2/../../../../arm-none-eabi/bin/ld.exe: cannot find -lLib_CMSISv1p30_LPC17xx
collect2: ld returned 1 exit status
make: *** [Example06.axf] Error 1
21:13:05 **** Incremental Build of configuration Debug for project CMSISv1p30_LPC17xx ****
make all 
make: Nothing to be done for `all'.
21:13:06 **** Incremental Build of configuration Debug for project FreeRTOS_Library ****
make all 
make: Nothing to be done for `all'.
21:13:07 **** Incremental Build of configuration Debug for project Example06 ****
make all 
Building target: Example06.axf
Invoking: MCU Linker
arm-none-eabi-gcc -nostdlib -L"C:\Users\aluno\Desktop\CMSISv1p30_LPC17xx\Debug" -L"C:\Users\aluno\Desktop\FreeRTOS_Library\Debug" -L"C:\Users\aluno\Desktop\Lib_CMSISv1p30_LPC17xx\Debug" -L"C:\Users\aluno\Desktop\Lib_EaBaseBoard\Debug" -L"C:\Users\aluno\Desktop\Lib_MCU\Debug" -Xlinker --gc-sections -Xlinker -Map=Example06.map -mcpu=cortex-m3 -mthumb -T "Example06_Debug.ld" -o "Example06.axf"  ./cr_startup_lpc17.o ./main.o ./sensor.o   -lCMSISv1p30_LPC17xx -lFreeRTOS_Library -lLib_CMSISv1p30_LPC17xx -lLib_EaBaseBoard -lLib_MCU
c:/nxp/lpcxpresso_5.2.6_2137/lpcxpresso/tools/bin/../lib/gcc/arm-none-eabi/4.6.2/../../../../arm-none-eabi/bin/ld.exe: cannot find -lLib_CMSISv1p30_LPC17xx
collect2: ld returned 1 exit status
make: *** [Example06.axf] Error 1
21:15:02 **** Incremental Build of configuration Debug for project CMSISv1p30_LPC17xx ****
make all 
make: Nothing to be done for `all'.
21:15:03 **** Incremental Build of configuration Debug for project FreeRTOS_Library ****
make all 
make: Nothing to be done for `all'.
21:15:03 **** Clean-only build of configuration Debug for project Lib_CMSISv1p30_LPC17xx ****
make clean 
rm -rf  ./src/core_cm3.o ./src/system_LPC17xx.o  ./src/core_cm3.d ./src/system_LPC17xx.d  libCMSISv1p30_LPC17xx.a
 
21:15:04 **** Build of configuration Debug for project Lib_CMSISv1p30_LPC17xx ****
make all 
Building file: ../src/core_cm3.c
Invoking: MCU C Compiler
arm-none-eabi-gcc -DDEBUG -D__CODE_RED -D__REDLIB__ -I"C:\Users\aluno\Desktop\Lib_CMSISv1p30_LPC17xx\inc" -O0 -g3 -Wall -c -fmessage-length=0 -fno-builtin -ffunction-sections -mcpu=cortex-m3 -mthumb -MMD -MP -MF"src/core_cm3.d" -MT"src/core_cm3.d" -o "src/core_cm3.o" "../src/core_cm3.c"
Finished building: ../src/core_cm3.c
 
Building file: ../src/system_LPC17xx.c
Invoking: MCU C Compiler
arm-none-eabi-gcc -DDEBUG -D__CODE_RED -D__REDLIB__ -I"C:\Users\aluno\Desktop\Lib_CMSISv1p30_LPC17xx\inc" -O0 -g3 -Wall -c -fmessage-length=0 -fno-builtin -ffunction-sections -mcpu=cortex-m3 -mthumb -MMD -MP -MF"src/system_LPC17xx.d" -MT"src/system_LPC17xx.d" -o "src/system_LPC17xx.o" "../src/system_LPC17xx.c"
Finished building: ../src/system_LPC17xx.c
 
Building target: libCMSISv1p30_LPC17xx.a
Invoking: MCU Archiver
arm-none-eabi-ar -r  "libCMSISv1p30_LPC17xx.a"  ./src/core_cm3.o ./src/system_LPC17xx.o   
c:\nxp\LPCXpresso_5.2.6_2137\lpcxpresso\tools\bin\arm-none-eabi-ar.exe: creating libCMSISv1p30_LPC17xx.a
Finished building target: libCMSISv1p30_LPC17xx.a
 
make --no-print-directory post-build
Performing post-build steps
arm-none-eabi-size libCMSISv1p30_LPC17xx.a ; # arm-none-eabi-objdump -h -S libCMSISv1p30_LPC17xx.a >libCMSISv1p30_LPC17xx.lss
   text	   data	    bss	    dec	    hex	filename
    652	      0	      0	    652	    28c	core_cm3.o (ex libCMSISv1p30_LPC17xx.a)
   1276	      4	      0	   1280	    500	system_LPC17xx.o (ex libCMSISv1p30_LPC17xx.a)
 
21:15:05 **** Incremental Build of configuration Debug for project Example06 ****
make all 
Building target: Example06.axf
Invoking: MCU Linker
arm-none-eabi-gcc -nostdlib -L"C:\Users\aluno\Desktop\CMSISv1p30_LPC17xx\Debug" -L"C:\Users\aluno\Desktop\FreeRTOS_Library\Debug" -L"C:\Users\aluno\Desktop\Lib_CMSISv1p30_LPC17xx\Debug" -L"C:\Users\aluno\Desktop\Lib_EaBaseBoard\Debug" -L"C:\Users\aluno\Desktop\Lib_MCU\Debug" -Xlinker --gc-sections -Xlinker -Map=Example06.map -mcpu=cortex-m3 -mthumb -T "Example06_Debug.ld" -o "Example06.axf"  ./cr_startup_lpc17.o ./main.o ./sensor.o   -lCMSISv1p30_LPC17xx -lFreeRTOS_Library -lLib_CMSISv1p30_LPC17xx -lLib_EaBaseBoard -lLib_MCU
c:/nxp/lpcxpresso_5.2.6_2137/lpcxpresso/tools/bin/../lib/gcc/arm-none-eabi/4.6.2/../../../../arm-none-eabi/bin/ld.exe: cannot find -lLib_CMSISv1p30_LPC17xx
collect2: ld returned 1 exit status
make: *** [Example06.axf] Error 1
21:15:43 **** Incremental Build of configuration Debug for project CMSISv1p30_LPC17xx ****
make all 
make: Nothing to be done for `all'.
21:15:43 **** Incremental Build of configuration Debug for project FreeRTOS_Library ****
make all 
make: Nothing to be done for `all'.
21:15:44 **** Incremental Build of configuration Debug for project Lib_CMSISv1p30_LPC17xx ****
make all 
make: Nothing to be done for `all'.
21:15:44 **** Incremental Build of configuration Debug for project Example06 ****
make all 
Building target: Example06.axf
Invoking: MCU Linker
arm-none-eabi-gcc -nostdlib -L"C:\Users\aluno\Desktop\CMSISv1p30_LPC17xx\Debug" -L"C:\Users\aluno\Desktop\FreeRTOS_Library\Debug" -L"C:\Users\aluno\Desktop\Lib_CMSISv1p30_LPC17xx\Debug" -L"C:\Users\aluno\Desktop\Lib_EaBaseBoard\Debug" -L"C:\Users\aluno\Desktop\Lib_MCU\Debug" -Xlinker --gc-sections -Xlinker -Map=Example06.map -mcpu=cortex-m3 -mthumb -T "Example06_Debug.ld" -o "Example06.axf"  ./cr_startup_lpc17.o ./main.o ./sensor.o   -lCMSISv1p30_LPC17xx -lFreeRTOS_Library -lLib_CMSISv1p30_LPC17xx -lLib_EaBaseBoard -lLib_MCU
c:/nxp/lpcxpresso_5.2.6_2137/lpcxpresso/tools/bin/../lib/gcc/arm-none-eabi/4.6.2/../../../../arm-none-eabi/bin/ld.exe: cannot find -lLib_CMSISv1p30_LPC17xx
collect2: ld returned 1 exit status
make: *** [Example06.axf] Error 1
21:18:10 **** Incremental Build of configuration Debug for project CMSISv1p30_LPC17xx ****
make all 
make: Nothing to be done for `all'.
21:18:11 **** Incremental Build of configuration Debug for project FreeRTOS_Library ****
make all 
make: Nothing to be done for `all'.
21:18:12 **** Incremental Build of configuration Debug for project Lib_CMSISv1p30_LPC17xx ****
make all 
make: Nothing to be done for `all'.
21:18:12 **** Incremental Build of configuration Debug for project Example06 ****
make all 
Building target: Example06.axf
Invoking: MCU Linker
arm-none-eabi-gcc -nostdlib -L"C:\Users\aluno\Desktop\CMSISv1p30_LPC17xx\Debug" -L"C:\Users\aluno\Desktop\FreeRTOS_Library\Debug" -L"C:\Users\aluno\Desktop\Lib_CMSISv1p30_LPC17xx\Debug" -L"C:\Users\aluno\Desktop\Lib_EaBaseBoard\Debug" -L"C:\Users\aluno\Desktop\Lib_MCU\Debug" -Xlinker --gc-sections -Xlinker -Map=Example06.map -mcpu=cortex-m3 -mthumb -T "Example06_Debug.ld" -o "Example06.axf"  ./cr_startup_lpc17.o ./main.o ./sensor.o   -lCMSISv1p30_LPC17xx -lFreeRTOS_Library -lLib_CMSISv1p30_LPC17xx -lLib_EaBaseBoard -lLib_MCU
c:/nxp/lpcxpresso_5.2.6_2137/lpcxpresso/tools/bin/../lib/gcc/arm-none-eabi/4.6.2/../../../../arm-none-eabi/bin/ld.exe: cannot find -lLib_CMSISv1p30_LPC17xx
collect2: ld returned 1 exit status
make: *** [Example06.axf] Error 1
08:02:46 **** Incremental Build of configuration Debug for project CMSISv1p30_LPC17xx ****
make all 
Building file: ../src/core_cm3.c
Invoking: MCU C Compiler
arm-none-eabi-gcc -DDEBUG -D__CODE_RED -D__REDLIB__ -I"C:\Users\aluno\Desktop\CMSISv1p30_LPC17xx\inc" -O0 -g3 -Wall -c -fmessage-length=0 -fno-builtin -ffunction-sections -mcpu=cortex-m3 -mthumb -MMD -MP -MF"src/core_cm3.d" -MT"src/core_cm3.d" -o "src/core_cm3.o" "../src/core_cm3.c"
Finished building: ../src/core_cm3.c
 
Building file: ../src/system_LPC17xx.c
Invoking: MCU C Compiler
arm-none-eabi-gcc -DDEBUG -D__CODE_RED -D__REDLIB__ -I"C:\Users\aluno\Desktop\CMSISv1p30_LPC17xx\inc" -O0 -g3 -Wall -c -fmessage-length=0 -fno-builtin -ffunction-sections -mcpu=cortex-m3 -mthumb -MMD -MP -MF"src/system_LPC17xx.d" -MT"src/system_LPC17xx.d" -o "src/system_LPC17xx.o" "../src/system_LPC17xx.c"
Finished building: ../src/system_LPC17xx.c
 
Building target: libCMSISv1p30_LPC17xx.a
Invoking: MCU Archiver
arm-none-eabi-ar -r  "libCMSISv1p30_LPC17xx.a"  ./src/core_cm3.o ./src/system_LPC17xx.o   
c:\nxp\LPCXpresso_5.2.6_2137\lpcxpresso\tools\bin\arm-none-eabi-ar.exe: creating libCMSISv1p30_LPC17xx.a
Finished building target: libCMSISv1p30_LPC17xx.a
 
make --no-print-directory post-build
Performing post-build steps
arm-none-eabi-size libCMSISv1p30_LPC17xx.a ; # arm-none-eabi-objdump -h -S libCMSISv1p30_LPC17xx.a >libCMSISv1p30_LPC17xx.lss
   text	   data	    bss	    dec	    hex	filename
    652	      0	      0	    652	    28c	core_cm3.o (ex libCMSISv1p30_LPC17xx.a)
   1276	      4	      0	   1280	    500	system_LPC17xx.o (ex libCMSISv1p30_LPC17xx.a)
 
08:02:50 **** Incremental Build of configuration Debug for project FreeRTOS_Library ****
make all 
make: Nothing to be done for `all'.
08:02:51 **** Incremental Build of configuration Debug for project Lib_CMSISv1p30_LPC17xx ****
make all 
make: Nothing to be done for `all'.
08:02:52 **** Incremental Build of configuration Debug for project Example06 ****
make all 
Building target: Example06.axf
Invoking: MCU Linker
arm-none-eabi-gcc -nostdlib -L"C:\Users\aluno\Desktop\CMSISv1p30_LPC17xx\Debug" -L"C:\Users\aluno\Desktop\FreeRTOS_Library\Debug" -L"C:\Users\aluno\Desktop\Lib_CMSISv1p30_LPC17xx\Debug" -L"C:\Users\aluno\Desktop\Lib_EaBaseBoard\Debug" -L"C:\Users\aluno\Desktop\Lib_MCU\Debug" -Xlinker --gc-sections -Xlinker -Map=Example06.map -mcpu=cortex-m3 -mthumb -T "Example06_Debug.ld" -o "Example06.axf"  ./cr_startup_lpc17.o ./main.o ./sensor.o   -lCMSISv1p30_LPC17xx -lFreeRTOS_Library -lLib_CMSISv1p30_LPC17xx -lLib_EaBaseBoard -lLib_MCU
c:/nxp/lpcxpresso_5.2.6_2137/lpcxpresso/tools/bin/../lib/gcc/arm-none-eabi/4.6.2/../../../../arm-none-eabi/bin/ld.exe: cannot find -lLib_CMSISv1p30_LPC17xx
collect2: ld returned 1 exit status
make: *** [Example06.axf] Error 1
08:05:04 **** Incremental Build of configuration Debug for project CMSISv1p30_LPC17xx ****
make all 
make: Nothing to be done for `all'.
08:05:05 **** Incremental Build of configuration Debug for project FreeRTOS_Library ****
make all 
make: Nothing to be done for `all'.
08:05:06 **** Incremental Build of configuration Debug for project Lib_CMSISv1p30_LPC17xx ****
make all 
make: Nothing to be done for `all'.
08:05:06 **** Incremental Build of configuration Debug for project Example06 ****
make all 
Building target: Example06.axf
Invoking: MCU Linker
arm-none-eabi-gcc -nostdlib -L"C:\Users\aluno\Desktop\Lib_CMSISv1p30_LPC17xx\Debug" -L"C:\Users\aluno\Desktop\FreeRTOS_Library\Debug" -L"C:\Users\aluno\Desktop\Lib_EaBaseBoard\Debug" -L"C:\Users\aluno\Desktop\Lib_MCU\Debug" -Xlinker --gc-sections -Xlinker -Map=Example06.map -mcpu=cortex-m3 -mthumb -T "Example06_Debug.ld" -o "Example06.axf"  ./cr_startup_lpc17.o ./main.o ./sensor.o   -lCMSISv1p30_LPC17xx -lFreeRTOS_Library -lLib_EaBaseBoard -lLib_MCU
Finished building target: Example06.axf
 
make --no-print-directory post-build
Performing post-build steps
arm-none-eabi-size Example06.axf; # arm-none-eabi-objcopy -O ihex Example06.axf Example06.hex ;
   text	   data	    bss	    dec	    hex	filename
  29992	    108	  11756	  41856	   a380	Example06.axf
 
08:05:14 **** Incremental Build of configuration Debug for project CMSISv1p30_LPC17xx ****
make all 
make: Nothing to be done for `all'.
08:05:15 **** Incremental Build of configuration Debug for project FreeRTOS_Library ****
make all 
make: Nothing to be done for `all'.
08:05:15 **** Incremental Build of configuration Debug for project Lib_CMSISv1p30_LPC17xx ****
make all 
make: Nothing to be done for `all'.
08:05:16 **** Incremental Build of configuration Debug for project Example06 ****
make all 
make: Nothing to be done for `all'.
08:09:34 **** Incremental Build of configuration Debug for project CMSISv1p30_LPC17xx ****
make all 
make: Nothing to be done for `all'.
08:09:35 **** Incremental Build of configuration Debug for project FreeRTOS_Library ****
make all 
make: Nothing to be done for `all'.
08:09:36 **** Incremental Build of configuration Debug for project Lib_CMSISv1p30_LPC17xx ****
make all 
make: Nothing to be done for `all'.
08:09:36 **** Incremental Build of configuration Debug for project Example06 ****
make all 
Building file: ../main.c
Invoking: MCU C Compiler
arm-none-eabi-gcc -DDEBUG -D__USE_CMSIS=CMSISv1p30_LPC17xx -D__CODE_RED -D__REDLIB__ -I"C:\Users\aluno\Desktop\FreeRTOS_Library\demo_code" -I"C:\Users\aluno\Desktop\CMSISv1p30_LPC17xx\inc" -I"C:\Users\aluno\Desktop\FreeRTOS_Library\include" -I"C:\Users\aluno\Desktop\FreeRTOS_Library\portable" -I"C:\Users\aluno\Desktop\Lib_CMSISv1p30_LPC17xx\inc" -I"C:\Users\aluno\Desktop\Lib_EaBaseBoard\inc" -I"C:\Users\aluno\Desktop\Lib_MCU\inc" -O0 -g3 -fsigned-char -c -fmessage-length=0 -fno-builtin -ffunction-sections -mcpu=cortex-m3 -mthumb -MMD -MP -MF"main.d" -MT"main.d" -o "main.o" "../main.c"
../main.c: In function 'delay':
../main.c:218:2: error: 'for' loop initial declarations are only allowed in C99 mode
../main.c:218:2: note: use option -std=c99 or -std=gnu99 to compile your code
../main.c:219:3: error: 'for' loop initial declarations are only allowed in C99 mode
make: *** [main.o] Error 1
08:15:49 **** Incremental Build of configuration Debug for project CMSISv1p30_LPC17xx ****
make all 
make: Nothing to be done for `all'.
08:15:50 **** Incremental Build of configuration Debug for project FreeRTOS_Library ****
make all 
make: Nothing to be done for `all'.
08:15:50 **** Incremental Build of configuration Debug for project Lib_CMSISv1p30_LPC17xx ****
make all 
make: Nothing to be done for `all'.
08:15:51 **** Incremental Build of configuration Debug for project Example06 ****
make all 
Building file: ../main.c
Invoking: MCU C Compiler
arm-none-eabi-gcc -DDEBUG -D__USE_CMSIS=CMSISv1p30_LPC17xx -D__CODE_RED -D__REDLIB__ -I"C:\Users\aluno\Desktop\FreeRTOS_Library\demo_code" -I"C:\Users\aluno\Desktop\CMSISv1p30_LPC17xx\inc" -I"C:\Users\aluno\Desktop\FreeRTOS_Library\include" -I"C:\Users\aluno\Desktop\FreeRTOS_Library\portable" -I"C:\Users\aluno\Desktop\Lib_CMSISv1p30_LPC17xx\inc" -I"C:\Users\aluno\Desktop\Lib_EaBaseBoard\inc" -I"C:\Users\aluno\Desktop\Lib_MCU\inc" -O0 -g3 -fsigned-char -c -fmessage-length=0 -fno-builtin -ffunction-sections -mcpu=cortex-m3 -mthumb -MMD -MP -MF"main.d" -MT"main.d" -o "main.o" "../main.c"
Finished building: ../main.c
 
Building target: Example06.axf
Invoking: MCU Linker
arm-none-eabi-gcc -nostdlib -L"C:\Users\aluno\Desktop\Lib_CMSISv1p30_LPC17xx\Debug" -L"C:\Users\aluno\Desktop\FreeRTOS_Library\Debug" -L"C:\Users\aluno\Desktop\Lib_EaBaseBoard\Debug" -L"C:\Users\aluno\Desktop\Lib_MCU\Debug" -Xlinker --gc-sections -Xlinker -Map=Example06.map -mcpu=cortex-m3 -mthumb -T "Example06_Debug.ld" -o "Example06.axf"  ./cr_startup_lpc17.o ./main.o ./sensor.o   -lCMSISv1p30_LPC17xx -lFreeRTOS_Library -lLib_EaBaseBoard -lLib_MCU
Finished building target: Example06.axf
 
make --no-print-directory post-build
Performing post-build steps
arm-none-eabi-size Example06.axf; # arm-none-eabi-objcopy -O ihex Example06.axf Example06.hex ;
   text	   data	    bss	    dec	    hex	filename
  29992	    108	  11756	  41856	   a380	Example06.axf
 
08:15:58 **** Incremental Build of configuration Debug for project CMSISv1p30_LPC17xx ****
make all 
make: Nothing to be done for `all'.
08:15:58 **** Incremental Build of configuration Debug for project FreeRTOS_Library ****
make all 
make: Nothing to be done for `all'.
08:15:59 **** Incremental Build of configuration Debug for project Lib_CMSISv1p30_LPC17xx ****
make all 
make: Nothing to be done for `all'.
08:15:59 **** Incremental Build of configuration Debug for project Example06 ****
make all 
make: Nothing to be done for `all'.
08:17:01 **** Incremental Build of configuration Debug for project CMSISv1p30_LPC17xx ****
make all 
make: Nothing to be done for `all'.
08:17:01 **** Incremental Build of configuration Debug for project FreeRTOS_Library ****
make all 
make: Nothing to be done for `all'.
08:17:02 **** Incremental Build of configuration Debug for project Lib_CMSISv1p30_LPC17xx ****
make all 
make: Nothing to be done for `all'.
08:17:02 **** Incremental Build of configuration Debug for project Example06 ****
make all 
Building file: ../main.c
Invoking: MCU C Compiler
arm-none-eabi-gcc -DDEBUG -D__USE_CMSIS=CMSISv1p30_LPC17xx -D__CODE_RED -D__REDLIB__ -I"C:\Users\aluno\Desktop\FreeRTOS_Library\demo_code" -I"C:\Users\aluno\Desktop\CMSISv1p30_LPC17xx\inc" -I"C:\Users\aluno\Desktop\FreeRTOS_Library\include" -I"C:\Users\aluno\Desktop\FreeRTOS_Library\portable" -I"C:\Users\aluno\Desktop\Lib_CMSISv1p30_LPC17xx\inc" -I"C:\Users\aluno\Desktop\Lib_EaBaseBoard\inc" -I"C:\Users\aluno\Desktop\Lib_MCU\inc" -O0 -g3 -fsigned-char -c -fmessage-length=0 -fno-builtin -ffunction-sections -mcpu=cortex-m3 -mthumb -MMD -MP -MF"main.d" -MT"main.d" -o "main.o" "../main.c"
../main.c: In function 'delay':
../main.c:220:7: error: 'j' undeclared (first use in this function)
../main.c:220:7: note: each undeclared identifier is reported only once for each function it appears in
make: *** [main.o] Error 1
08:17:10 **** Incremental Build of configuration Debug for project CMSISv1p30_LPC17xx ****
make all 
make: Nothing to be done for `all'.
08:17:10 **** Incremental Build of configuration Debug for project FreeRTOS_Library ****
make all 
make: Nothing to be done for `all'.
08:17:11 **** Incremental Build of configuration Debug for project Lib_CMSISv1p30_LPC17xx ****
make all 
make: Nothing to be done for `all'.
08:17:11 **** Incremental Build of configuration Debug for project Example06 ****
make all 
Building file: ../main.c
Invoking: MCU C Compiler
arm-none-eabi-gcc -DDEBUG -D__USE_CMSIS=CMSISv1p30_LPC17xx -D__CODE_RED -D__REDLIB__ -I"C:\Users\aluno\Desktop\FreeRTOS_Library\demo_code" -I"C:\Users\aluno\Desktop\CMSISv1p30_LPC17xx\inc" -I"C:\Users\aluno\Desktop\FreeRTOS_Library\include" -I"C:\Users\aluno\Desktop\FreeRTOS_Library\portable" -I"C:\Users\aluno\Desktop\Lib_CMSISv1p30_LPC17xx\inc" -I"C:\Users\aluno\Desktop\Lib_EaBaseBoard\inc" -I"C:\Users\aluno\Desktop\Lib_MCU\inc" -O0 -g3 -fsigned-char -c -fmessage-length=0 -fno-builtin -ffunction-sections -mcpu=cortex-m3 -mthumb -MMD -MP -MF"main.d" -MT"main.d" -o "main.o" "../main.c"
Finished building: ../main.c
 
Building target: Example06.axf
Invoking: MCU Linker
arm-none-eabi-gcc -nostdlib -L"C:\Users\aluno\Desktop\Lib_CMSISv1p30_LPC17xx\Debug" -L"C:\Users\aluno\Desktop\FreeRTOS_Library\Debug" -L"C:\Users\aluno\Desktop\Lib_EaBaseBoard\Debug" -L"C:\Users\aluno\Desktop\Lib_MCU\Debug" -Xlinker --gc-sections -Xlinker -Map=Example06.map -mcpu=cortex-m3 -mthumb -T "Example06_Debug.ld" -o "Example06.axf"  ./cr_startup_lpc17.o ./main.o ./sensor.o   -lCMSISv1p30_LPC17xx -lFreeRTOS_Library -lLib_EaBaseBoard -lLib_MCU
Finished building target: Example06.axf
 
make --no-print-directory post-build
Performing post-build steps
arm-none-eabi-size Example06.axf; # arm-none-eabi-objcopy -O ihex Example06.axf Example06.hex ;
   text	   data	    bss	    dec	    hex	filename
  29992	    108	  11756	  41856	   a380	Example06.axf
 
08:17:22 **** Incremental Build of configuration Debug for project CMSISv1p30_LPC17xx ****
make all 
make: Nothing to be done for `all'.
08:17:22 **** Incremental Build of configuration Debug for project FreeRTOS_Library ****
make all 
make: Nothing to be done for `all'.
08:17:23 **** Incremental Build of configuration Debug for project Lib_CMSISv1p30_LPC17xx ****
make all 
make: Nothing to be done for `all'.
08:17:24 **** Incremental Build of configuration Debug for project Example06 ****
make all 
make: Nothing to be done for `all'.
08:18:08 **** Incremental Build of configuration Debug for project CMSISv1p30_LPC17xx ****
make all 
make: Nothing to be done for `all'.
08:18:09 **** Incremental Build of configuration Debug for project FreeRTOS_Library ****
make all 
make: Nothing to be done for `all'.
08:18:09 **** Incremental Build of configuration Debug for project Lib_CMSISv1p30_LPC17xx ****
make all 
make: Nothing to be done for `all'.
08:18:10 **** Incremental Build of configuration Debug for project Example06 ****
make all 
Building file: ../main.c
Invoking: MCU C Compiler
arm-none-eabi-gcc -DDEBUG -D__USE_CMSIS=CMSISv1p30_LPC17xx -D__CODE_RED -D__REDLIB__ -I"C:\Users\aluno\Desktop\FreeRTOS_Library\demo_code" -I"C:\Users\aluno\Desktop\CMSISv1p30_LPC17xx\inc" -I"C:\Users\aluno\Desktop\FreeRTOS_Library\include" -I"C:\Users\aluno\Desktop\FreeRTOS_Library\portable" -I"C:\Users\aluno\Desktop\Lib_CMSISv1p30_LPC17xx\inc" -I"C:\Users\aluno\Desktop\Lib_EaBaseBoard\inc" -I"C:\Users\aluno\Desktop\Lib_MCU\inc" -O0 -g3 -fsigned-char -c -fmessage-length=0 -fno-builtin -ffunction-sections -mcpu=cortex-m3 -mthumb -MMD -MP -MF"main.d" -MT"main.d" -o "main.o" "../main.c"
Finished building: ../main.c
 
Building target: Example06.axf
Invoking: MCU Linker
arm-none-eabi-gcc -nostdlib -L"C:\Users\aluno\Desktop\Lib_CMSISv1p30_LPC17xx\Debug" -L"C:\Users\aluno\Desktop\FreeRTOS_Library\Debug" -L"C:\Users\aluno\Desktop\Lib_EaBaseBoard\Debug" -L"C:\Users\aluno\Desktop\Lib_MCU\Debug" -Xlinker --gc-sections -Xlinker -Map=Example06.map -mcpu=cortex-m3 -mthumb -T "Example06_Debug.ld" -o "Example06.axf"  ./cr_startup_lpc17.o ./main.o ./sensor.o   -lCMSISv1p30_LPC17xx -lFreeRTOS_Library -lLib_EaBaseBoard -lLib_MCU
Finished building target: Example06.axf
 
make --no-print-directory post-build
Performing post-build steps
arm-none-eabi-size Example06.axf; # arm-none-eabi-objcopy -O ihex Example06.axf Example06.hex ;
   text	   data	    bss	    dec	    hex	filename
  29992	    108	  11756	  41856	   a380	Example06.axf
 
08:18:13 **** Incremental Build of configuration Debug for project CMSISv1p30_LPC17xx ****
make all 
make: Nothing to be done for `all'.
08:18:14 **** Incremental Build of configuration Debug for project FreeRTOS_Library ****
make all 
make: Nothing to be done for `all'.
08:18:15 **** Incremental Build of configuration Debug for project Lib_CMSISv1p30_LPC17xx ****
make all 
make: Nothing to be done for `all'.
08:18:15 **** Incremental Build of configuration Debug for project Example06 ****
make all 
make: Nothing to be done for `all'.
08:18:44 **** Incremental Build of configuration Debug for project CMSISv1p30_LPC17xx ****
make all 
make: Nothing to be done for `all'.
08:18:45 **** Incremental Build of configuration Debug for project FreeRTOS_Library ****
make all 
make: Nothing to be done for `all'.
08:18:46 **** Incremental Build of configuration Debug for project Lib_CMSISv1p30_LPC17xx ****
make all 
make: Nothing to be done for `all'.
08:18:46 **** Incremental Build of configuration Debug for project Example06 ****
make all 
Building file: ../main.c
Invoking: MCU C Compiler
arm-none-eabi-gcc -DDEBUG -D__USE_CMSIS=CMSISv1p30_LPC17xx -D__CODE_RED -D__REDLIB__ -I"C:\Users\aluno\Desktop\FreeRTOS_Library\demo_code" -I"C:\Users\aluno\Desktop\CMSISv1p30_LPC17xx\inc" -I"C:\Users\aluno\Desktop\FreeRTOS_Library\include" -I"C:\Users\aluno\Desktop\FreeRTOS_Library\portable" -I"C:\Users\aluno\Desktop\Lib_CMSISv1p30_LPC17xx\inc" -I"C:\Users\aluno\Desktop\Lib_EaBaseBoard\inc" -I"C:\Users\aluno\Desktop\Lib_MCU\inc" -O0 -g3 -fsigned-char -c -fmessage-length=0 -fno-builtin -ffunction-sections -mcpu=cortex-m3 -mthumb -MMD -MP -MF"main.d" -MT"main.d" -o "main.o" "../main.c"
../main.c: In function 'vSenderTask':
../main.c:208:3: error: 'delay' undeclared (first use in this function)
../main.c:208:3: note: each undeclared identifier is reported only once for each function it appears in
make: *** [main.o] Error 1
08:19:07 **** Incremental Build of configuration Debug for project CMSISv1p30_LPC17xx ****
make all 
make: Nothing to be done for `all'.
08:19:07 **** Incremental Build of configuration Debug for project FreeRTOS_Library ****
make all 
make: Nothing to be done for `all'.
08:19:08 **** Incremental Build of configuration Debug for project Lib_CMSISv1p30_LPC17xx ****
make all 
make: Nothing to be done for `all'.
08:19:09 **** Incremental Build of configuration Debug for project Example06 ****
make all 
Building file: ../main.c
Invoking: MCU C Compiler
arm-none-eabi-gcc -DDEBUG -D__USE_CMSIS=CMSISv1p30_LPC17xx -D__CODE_RED -D__REDLIB__ -I"C:\Users\aluno\Desktop\FreeRTOS_Library\demo_code" -I"C:\Users\aluno\Desktop\CMSISv1p30_LPC17xx\inc" -I"C:\Users\aluno\Desktop\FreeRTOS_Library\include" -I"C:\Users\aluno\Desktop\FreeRTOS_Library\portable" -I"C:\Users\aluno\Desktop\Lib_CMSISv1p30_LPC17xx\inc" -I"C:\Users\aluno\Desktop\Lib_EaBaseBoard\inc" -I"C:\Users\aluno\Desktop\Lib_MCU\inc" -O0 -g3 -fsigned-char -c -fmessage-length=0 -fno-builtin -ffunction-sections -mcpu=cortex-m3 -mthumb -MMD -MP -MF"main.d" -MT"main.d" -o "main.o" "../main.c"
Finished building: ../main.c
 
Building target: Example06.axf
Invoking: MCU Linker
arm-none-eabi-gcc -nostdlib -L"C:\Users\aluno\Desktop\Lib_CMSISv1p30_LPC17xx\Debug" -L"C:\Users\aluno\Desktop\FreeRTOS_Library\Debug" -L"C:\Users\aluno\Desktop\Lib_EaBaseBoard\Debug" -L"C:\Users\aluno\Desktop\Lib_MCU\Debug" -Xlinker --gc-sections -Xlinker -Map=Example06.map -mcpu=cortex-m3 -mthumb -T "Example06_Debug.ld" -o "Example06.axf"  ./cr_startup_lpc17.o ./main.o ./sensor.o   -lCMSISv1p30_LPC17xx -lFreeRTOS_Library -lLib_EaBaseBoard -lLib_MCU
Finished building target: Example06.axf
 
make --no-print-directory post-build
Performing post-build steps
arm-none-eabi-size Example06.axf; # arm-none-eabi-objcopy -O ihex Example06.axf Example06.hex ;
   text	   data	    bss	    dec	    hex	filename
  30064	    108	  11756	  41928	   a3c8	Example06.axf
 
08:19:12 **** Incremental Build of configuration Debug for project CMSISv1p30_LPC17xx ****
make all 
make: Nothing to be done for `all'.
08:19:12 **** Incremental Build of configuration Debug for project FreeRTOS_Library ****
make all 
make: Nothing to be done for `all'.
08:19:13 **** Incremental Build of configuration Debug for project Lib_CMSISv1p30_LPC17xx ****
make all 
make: Nothing to be done for `all'.
08:19:13 **** Incremental Build of configuration Debug for project Example06 ****
make all 
make: Nothing to be done for `all'.
08:19:30 **** Incremental Build of configuration Debug for project CMSISv1p30_LPC17xx ****
make all 
make: Nothing to be done for `all'.
08:19:31 **** Incremental Build of configuration Debug for project FreeRTOS_Library ****
make all 
make: Nothing to be done for `all'.
08:19:31 **** Incremental Build of configuration Debug for project Lib_CMSISv1p30_LPC17xx ****
make all 
make: Nothing to be done for `all'.
08:19:32 **** Incremental Build of configuration Debug for project Example06 ****
make all 
make: Nothing to be done for `all'.
08:20:07 **** Incremental Build of configuration Debug for project CMSISv1p30_LPC17xx ****
make all 
make: Nothing to be done for `all'.
08:20:08 **** Incremental Build of configuration Debug for project FreeRTOS_Library ****
make all 
make: Nothing to be done for `all'.
08:20:08 **** Incremental Build of configuration Debug for project Lib_CMSISv1p30_LPC17xx ****
make all 
make: Nothing to be done for `all'.
08:20:09 **** Incremental Build of configuration Debug for project Example06 ****
make all 
Building file: ../main.c
Invoking: MCU C Compiler
arm-none-eabi-gcc -DDEBUG -D__USE_CMSIS=CMSISv1p30_LPC17xx -D__CODE_RED -D__REDLIB__ -I"C:\Users\aluno\Desktop\FreeRTOS_Library\demo_code" -I"C:\Users\aluno\Desktop\CMSISv1p30_LPC17xx\inc" -I"C:\Users\aluno\Desktop\FreeRTOS_Library\include" -I"C:\Users\aluno\Desktop\FreeRTOS_Library\portable" -I"C:\Users\aluno\Desktop\Lib_CMSISv1p30_LPC17xx\inc" -I"C:\Users\aluno\Desktop\Lib_EaBaseBoard\inc" -I"C:\Users\aluno\Desktop\Lib_MCU\inc" -O0 -g3 -fsigned-char -c -fmessage-length=0 -fno-builtin -ffunction-sections -mcpu=cortex-m3 -mthumb -MMD -MP -MF"main.d" -MT"main.d" -o "main.o" "../main.c"
Finished building: ../main.c
 
Building target: Example06.axf
Invoking: MCU Linker
arm-none-eabi-gcc -nostdlib -L"C:\Users\aluno\Desktop\Lib_CMSISv1p30_LPC17xx\Debug" -L"C:\Users\aluno\Desktop\FreeRTOS_Library\Debug" -L"C:\Users\aluno\Desktop\Lib_EaBaseBoard\Debug" -L"C:\Users\aluno\Desktop\Lib_MCU\Debug" -Xlinker --gc-sections -Xlinker -Map=Example06.map -mcpu=cortex-m3 -mthumb -T "Example06_Debug.ld" -o "Example06.axf"  ./cr_startup_lpc17.o ./main.o ./sensor.o   -lCMSISv1p30_LPC17xx -lFreeRTOS_Library -lLib_EaBaseBoard -lLib_MCU
Finished building target: Example06.axf
 
make --no-print-directory post-build
Performing post-build steps
arm-none-eabi-size Example06.axf; # arm-none-eabi-objcopy -O ihex Example06.axf Example06.hex ;
   text	   data	    bss	    dec	    hex	filename
  30040	    108	  11756	  41904	   a3b0	Example06.axf
 
08:20:14 **** Incremental Build of configuration Debug for project CMSISv1p30_LPC17xx ****
make all 
make: Nothing to be done for `all'.
08:20:14 **** Incremental Build of configuration Debug for project FreeRTOS_Library ****
make all 
make: Nothing to be done for `all'.
08:20:15 **** Incremental Build of configuration Debug for project Lib_CMSISv1p30_LPC17xx ****
make all 
make: Nothing to be done for `all'.
08:20:15 **** Incremental Build of configuration Debug for project Example06 ****
make all 
make: Nothing to be done for `all'.
08:21:12 **** Incremental Build of configuration Debug for project CMSISv1p30_LPC17xx ****
make all 
make: Nothing to be done for `all'.
08:21:12 **** Incremental Build of configuration Debug for project FreeRTOS_Library ****
make all 
make: Nothing to be done for `all'.
08:21:13 **** Incremental Build of configuration Debug for project Lib_CMSISv1p30_LPC17xx ****
make all 
make: Nothing to be done for `all'.
08:21:13 **** Incremental Build of configuration Debug for project Example06 ****
make all 
Building file: ../main.c
Invoking: MCU C Compiler
arm-none-eabi-gcc -DDEBUG -D__USE_CMSIS=CMSISv1p30_LPC17xx -D__CODE_RED -D__REDLIB__ -I"C:\Users\aluno\Desktop\FreeRTOS_Library\demo_code" -I"C:\Users\aluno\Desktop\CMSISv1p30_LPC17xx\inc" -I"C:\Users\aluno\Desktop\FreeRTOS_Library\include" -I"C:\Users\aluno\Desktop\FreeRTOS_Library\portable" -I"C:\Users\aluno\Desktop\Lib_CMSISv1p30_LPC17xx\inc" -I"C:\Users\aluno\Desktop\Lib_EaBaseBoard\inc" -I"C:\Users\aluno\Desktop\Lib_MCU\inc" -O0 -g3 -fsigned-char -c -fmessage-length=0 -fno-builtin -ffunction-sections -mcpu=cortex-m3 -mthumb -MMD -MP -MF"main.d" -MT"main.d" -o "main.o" "../main.c"
Finished building: ../main.c
 
Building target: Example06.axf
Invoking: MCU Linker
arm-none-eabi-gcc -nostdlib -L"C:\Users\aluno\Desktop\Lib_CMSISv1p30_LPC17xx\Debug" -L"C:\Users\aluno\Desktop\FreeRTOS_Library\Debug" -L"C:\Users\aluno\Desktop\Lib_EaBaseBoard\Debug" -L"C:\Users\aluno\Desktop\Lib_MCU\Debug" -Xlinker --gc-sections -Xlinker -Map=Example06.map -mcpu=cortex-m3 -mthumb -T "Example06_Debug.ld" -o "Example06.axf"  ./cr_startup_lpc17.o ./main.o ./sensor.o   -lCMSISv1p30_LPC17xx -lFreeRTOS_Library -lLib_EaBaseBoard -lLib_MCU
Finished building target: Example06.axf
 
make --no-print-directory post-build
Performing post-build steps
arm-none-eabi-size Example06.axf; # arm-none-eabi-objcopy -O ihex Example06.axf Example06.hex ;
   text	   data	    bss	    dec	    hex	filename
  30064	    108	  11756	  41928	   a3c8	Example06.axf
 
08:21:18 **** Incremental Build of configuration Debug for project CMSISv1p30_LPC17xx ****
make all 
make: Nothing to be done for `all'.
08:21:18 **** Incremental Build of configuration Debug for project FreeRTOS_Library ****
make all 
make: Nothing to be done for `all'.
08:21:19 **** Incremental Build of configuration Debug for project Lib_CMSISv1p30_LPC17xx ****
make all 
make: Nothing to be done for `all'.
08:21:19 **** Incremental Build of configuration Debug for project Example06 ****
make all 
make: Nothing to be done for `all'.
08:22:05 **** Incremental Build of configuration Debug for project CMSISv1p30_LPC17xx ****
make all 
make: Nothing to be done for `all'.
08:22:06 **** Incremental Build of configuration Debug for project FreeRTOS_Library ****
make all 
make: Nothing to be done for `all'.
08:22:06 **** Incremental Build of configuration Debug for project Lib_CMSISv1p30_LPC17xx ****
make all 
make: Nothing to be done for `all'.
08:22:07 **** Incremental Build of configuration Debug for project Example06 ****
make all 
Building file: ../main.c
Command canceled
08:22:08 **** Incremental Build of configuration Debug for project CMSISv1p30_LPC17xx ****
make all 
make: Nothing to be done for `all'.
08:22:09 **** Incremental Build of configuration Debug for project FreeRTOS_Library ****
make all 
make: Nothing to be done for `all'.
08:22:09 **** Incremental Build of configuration Debug for project Lib_CMSISv1p30_LPC17xx ****
make all 
make: Nothing to be done for `all'.
08:22:10 **** Build of configuration Debug for project Example06 ****
make all 
Building file: ../main.c
Invoking: MCU C Compiler
arm-none-eabi-gcc -DDEBUG -D__USE_CMSIS=CMSISv1p30_LPC17xx -D__CODE_RED -D__REDLIB__ -I"C:\Users\aluno\Desktop\FreeRTOS_Library\demo_code" -I"C:\Users\aluno\Desktop\CMSISv1p30_LPC17xx\inc" -I"C:\Users\aluno\Desktop\FreeRTOS_Library\include" -I"C:\Users\aluno\Desktop\FreeRTOS_Library\portable" -I"C:\Users\aluno\Desktop\Lib_CMSISv1p30_LPC17xx\inc" -I"C:\Users\aluno\Desktop\Lib_EaBaseBoard\inc" -I"C:\Users\aluno\Desktop\Lib_MCU\inc" -O0 -g3 -fsigned-char -c -fmessage-length=0 -fno-builtin -ffunction-sections -mcpu=cortex-m3 -mthumb -MMD -MP -MF"main.d" -MT"main.d" -o "main.o" "../main.c"
Finished building: ../main.c
 
Building target: Example06.axf
Invoking: MCU Linker
arm-none-eabi-gcc -nostdlib -L"C:\Users\aluno\Desktop\Lib_CMSISv1p30_LPC17xx\Debug" -L"C:\Users\aluno\Desktop\FreeRTOS_Library\Debug" -L"C:\Users\aluno\Desktop\Lib_EaBaseBoard\Debug" -L"C:\Users\aluno\Desktop\Lib_MCU\Debug" -Xlinker --gc-sections -Xlinker -Map=Example06.map -mcpu=cortex-m3 -mthumb -T "Example06_Debug.ld" -o "Example06.axf"  ./cr_startup_lpc17.o ./main.o ./sensor.o   -lCMSISv1p30_LPC17xx -lFreeRTOS_Library -lLib_EaBaseBoard -lLib_MCU
Finished building target: Example06.axf
 
make --no-print-directory post-build
Performing post-build steps
arm-none-eabi-size Example06.axf; # arm-none-eabi-objcopy -O ihex Example06.axf Example06.hex ;
   text	   data	    bss	    dec	    hex	filename
  30064	    108	  11756	  41928	   a3c8	Example06.axf
 
08:22:12 **** Incremental Build of configuration Debug for project CMSISv1p30_LPC17xx ****
make all 
make: Nothing to be done for `all'.
08:22:13 **** Incremental Build of configuration Debug for project FreeRTOS_Library ****
make all 
make: Nothing to be done for `all'.
08:22:14 **** Incremental Build of configuration Debug for project Lib_CMSISv1p30_LPC17xx ****
make all 
make: Nothing to be done for `all'.
08:22:14 **** Incremental Build of configuration Debug for project Example06 ****
make all 
make: Nothing to be done for `all'.
08:23:12 **** Incremental Build of configuration Debug for project CMSISv1p30_LPC17xx ****
make all 
make: Nothing to be done for `all'.
08:23:12 **** Incremental Build of configuration Debug for project FreeRTOS_Library ****
make all 
make: Nothing to be done for `all'.
08:23:13 **** Incremental Build of configuration Debug for project Lib_CMSISv1p30_LPC17xx ****
make all 
make: Nothing to be done for `all'.
08:23:14 **** Incremental Build of configuration Debug for project Example06 ****
make all 
make: Nothing to be done for `all'.
08:23:51 **** Incremental Build of configuration Debug for project CMSISv1p30_LPC17xx ****
make all 
make: Nothing to be done for `all'.
08:23:52 **** Incremental Build of configuration Debug for project FreeRTOS_Library ****
make all 
make: Nothing to be done for `all'.
08:23:52 **** Incremental Build of configuration Debug for project Lib_CMSISv1p30_LPC17xx ****
make all 
make: Nothing to be done for `all'.
08:23:53 **** Incremental Build of configuration Debug for project Example06 ****
make all 
Building file: ../main.c
Invoking: MCU C Compiler
arm-none-eabi-gcc -DDEBUG -D__USE_CMSIS=CMSISv1p30_LPC17xx -D__CODE_RED -D__REDLIB__ -I"C:\Users\aluno\Desktop\FreeRTOS_Library\demo_code" -I"C:\Users\aluno\Desktop\CMSISv1p30_LPC17xx\inc" -I"C:\Users\aluno\Desktop\FreeRTOS_Library\include" -I"C:\Users\aluno\Desktop\FreeRTOS_Library\portable" -I"C:\Users\aluno\Desktop\Lib_CMSISv1p30_LPC17xx\inc" -I"C:\Users\aluno\Desktop\Lib_EaBaseBoard\inc" -I"C:\Users\aluno\Desktop\Lib_MCU\inc" -O0 -g3 -fsigned-char -c -fmessage-length=0 -fno-builtin -ffunction-sections -mcpu=cortex-m3 -mthumb -MMD -MP -MF"main.d" -MT"main.d" -o "main.o" "../main.c"
Finished building: ../main.c
 
Building target: Example06.axf
Invoking: MCU Linker
arm-none-eabi-gcc -nostdlib -L"C:\Users\aluno\Desktop\Lib_CMSISv1p30_LPC17xx\Debug" -L"C:\Users\aluno\Desktop\FreeRTOS_Library\Debug" -L"C:\Users\aluno\Desktop\Lib_EaBaseBoard\Debug" -L"C:\Users\aluno\Desktop\Lib_MCU\Debug" -Xlinker --gc-sections -Xlinker -Map=Example06.map -mcpu=cortex-m3 -mthumb -T "Example06_Debug.ld" -o "Example06.axf"  ./cr_startup_lpc17.o ./main.o ./sensor.o   -lCMSISv1p30_LPC17xx -lFreeRTOS_Library -lLib_EaBaseBoard -lLib_MCU
Finished building target: Example06.axf
 
make --no-print-directory post-build
Performing post-build steps
arm-none-eabi-size Example06.axf; # arm-none-eabi-objcopy -O ihex Example06.axf Example06.hex ;
   text	   data	    bss	    dec	    hex	filename
  30064	    108	  11756	  41928	   a3c8	Example06.axf
 
08:23:58 **** Incremental Build of configuration Debug for project CMSISv1p30_LPC17xx ****
make all 
make: Nothing to be done for `all'.
08:23:59 **** Incremental Build of configuration Debug for project FreeRTOS_Library ****
make all 
make: Nothing to be done for `all'.
08:23:59 **** Incremental Build of configuration Debug for project Lib_CMSISv1p30_LPC17xx ****
make all 
make: Nothing to be done for `all'.
08:24:00 **** Incremental Build of configuration Debug for project Example06 ****
make all 
make: Nothing to be done for `all'.
08:26:30 **** Incremental Build of configuration Debug for project CMSISv1p30_LPC17xx ****
make all 
make: Nothing to be done for `all'.
08:26:32 **** Incremental Build of configuration Debug for project FreeRTOS_Library ****
make all 
make: Nothing to be done for `all'.
08:26:35 **** Incremental Build of configuration Debug for project Lib_CMSISv1p30_LPC17xx ****
make all 
make: Nothing to be done for `all'.
08:26:37 **** Incremental Build of configuration Debug for project Example06 ****
make all 
Building file: ../main.c
Invoking: MCU C Compiler
arm-none-eabi-gcc -DDEBUG -D__USE_CMSIS=CMSISv1p30_LPC17xx -D__CODE_RED -D__REDLIB__ -I"C:\Users\aluno\Desktop\FreeRTOS_Library\demo_code" -I"C:\Users\aluno\Desktop\CMSISv1p30_LPC17xx\inc" -I"C:\Users\aluno\Desktop\FreeRTOS_Library\include" -I"C:\Users\aluno\Desktop\FreeRTOS_Library\portable" -I"C:\Users\aluno\Desktop\Lib_CMSISv1p30_LPC17xx\inc" -I"C:\Users\aluno\Desktop\Lib_EaBaseBoard\inc" -I"C:\Users\aluno\Desktop\Lib_MCU\inc" -O0 -g3 -fsigned-char -c -fmessage-length=0 -fno-builtin -ffunction-sections -mcpu=cortex-m3 -mthumb -MMD -MP -MF"main.d" -MT"main.d" -o "main.o" "../main.c"
Finished building: ../main.c
 
Building target: Example06.axf
Invoking: MCU Linker
arm-none-eabi-gcc -nostdlib -L"C:\Users\aluno\Desktop\Lib_CMSISv1p30_LPC17xx\Debug" -L"C:\Users\aluno\Desktop\FreeRTOS_Library\Debug" -L"C:\Users\aluno\Desktop\Lib_EaBaseBoard\Debug" -L"C:\Users\aluno\Desktop\Lib_MCU\Debug" -Xlinker --gc-sections -Xlinker -Map=Example06.map -mcpu=cortex-m3 -mthumb -T "Example06_Debug.ld" -o "Example06.axf"  ./cr_startup_lpc17.o ./main.o ./sensor.o   -lCMSISv1p30_LPC17xx -lFreeRTOS_Library -lLib_EaBaseBoard -lLib_MCU
Finished building target: Example06.axf
 
make --no-print-directory post-build
Performing post-build steps
arm-none-eabi-size Example06.axf; # arm-none-eabi-objcopy -O ihex Example06.axf Example06.hex ;
   text	   data	    bss	    dec	    hex	filename
  30064	    108	  11756	  41928	   a3c8	Example06.axf
 
08:26:43 **** Incremental Build of configuration Debug for project CMSISv1p30_LPC17xx ****
make all 
make: Nothing to be done for `all'.
08:26:46 **** Incremental Build of configuration Debug for project FreeRTOS_Library ****
make all 
make: Nothing to be done for `all'.
08:26:48 **** Incremental Build of configuration Debug for project Lib_CMSISv1p30_LPC17xx ****
make all 
make: Nothing to be done for `all'.
08:26:51 **** Incremental Build of configuration Debug for project Example06 ****
make all 
make: Nothing to be done for `all'.
08:27:34 **** Incremental Build of configuration Debug for project CMSISv1p30_LPC17xx ****
make all 
make: Nothing to be done for `all'.
08:27:34 **** Incremental Build of configuration Debug for project FreeRTOS_Library ****
make all 
make: Nothing to be done for `all'.
08:27:35 **** Incremental Build of configuration Debug for project Lib_CMSISv1p30_LPC17xx ****
make all 
make: Nothing to be done for `all'.
08:27:35 **** Incremental Build of configuration Debug for project Example06 ****
make all 
Building file: ../main.c
Invoking: MCU C Compiler
arm-none-eabi-gcc -DDEBUG -D__USE_CMSIS=CMSISv1p30_LPC17xx -D__CODE_RED -D__REDLIB__ -I"C:\Users\aluno\Desktop\FreeRTOS_Library\demo_code" -I"C:\Users\aluno\Desktop\CMSISv1p30_LPC17xx\inc" -I"C:\Users\aluno\Desktop\FreeRTOS_Library\include" -I"C:\Users\aluno\Desktop\FreeRTOS_Library\portable" -I"C:\Users\aluno\Desktop\Lib_CMSISv1p30_LPC17xx\inc" -I"C:\Users\aluno\Desktop\Lib_EaBaseBoard\inc" -I"C:\Users\aluno\Desktop\Lib_MCU\inc" -O0 -g3 -fsigned-char -c -fmessage-length=0 -fno-builtin -ffunction-sections -mcpu=cortex-m3 -mthumb -MMD -MP -MF"main.d" -MT"main.d" -o "main.o" "../main.c"
Finished building: ../main.c
 
Building target: Example06.axf
Invoking: MCU Linker
arm-none-eabi-gcc -nostdlib -L"C:\Users\aluno\Desktop\Lib_CMSISv1p30_LPC17xx\Debug" -L"C:\Users\aluno\Desktop\FreeRTOS_Library\Debug" -L"C:\Users\aluno\Desktop\Lib_EaBaseBoard\Debug" -L"C:\Users\aluno\Desktop\Lib_MCU\Debug" -Xlinker --gc-sections -Xlinker -Map=Example06.map -mcpu=cortex-m3 -mthumb -T "Example06_Debug.ld" -o "Example06.axf"  ./cr_startup_lpc17.o ./main.o ./sensor.o   -lCMSISv1p30_LPC17xx -lFreeRTOS_Library -lLib_EaBaseBoard -lLib_MCU
Finished building target: Example06.axf
 
make --no-print-directory post-build
Performing post-build steps
arm-none-eabi-size Example06.axf; # arm-none-eabi-objcopy -O ihex Example06.axf Example06.hex ;
   text	   data	    bss	    dec	    hex	filename
  30064	    108	  11756	  41928	   a3c8	Example06.axf
 
08:27:57 **** Incremental Build of configuration Debug for project CMSISv1p30_LPC17xx ****
make all 
make: Nothing to be done for `all'.
08:27:58 **** Incremental Build of configuration Debug for project FreeRTOS_Library ****
make all 
make: Nothing to be done for `all'.
08:27:58 **** Incremental Build of configuration Debug for project Lib_CMSISv1p30_LPC17xx ****
make all 
make: Nothing to be done for `all'.
08:27:59 **** Incremental Build of configuration Debug for project Example06 ****
make all 
make: Nothing to be done for `all'.
08:28:16 **** Incremental Build of configuration Debug for project CMSISv1p30_LPC17xx ****
make all 
make: Nothing to be done for `all'.
08:28:16 **** Incremental Build of configuration Debug for project FreeRTOS_Library ****
make all 
make: Nothing to be done for `all'.
08:28:17 **** Incremental Build of configuration Debug for project Lib_CMSISv1p30_LPC17xx ****
make all 
make: Nothing to be done for `all'.
08:28:17 **** Incremental Build of configuration Debug for project Example06 ****
make all 
make: Nothing to be done for `all'.
08:30:18 **** Incremental Build of configuration Debug for project CMSISv1p30_LPC17xx ****
make all 
make: Nothing to be done for `all'.
08:30:18 **** Incremental Build of configuration Debug for project FreeRTOS_Library ****
make all 
make: Nothing to be done for `all'.
08:30:19 **** Incremental Build of configuration Debug for project Lib_CMSISv1p30_LPC17xx ****
make all 
make: Nothing to be done for `all'.
08:30:19 **** Incremental Build of configuration Debug for project Example06 ****
make all 
Building file: ../main.c
Invoking: MCU C Compiler
arm-none-eabi-gcc -DDEBUG -D__USE_CMSIS=CMSISv1p30_LPC17xx -D__CODE_RED -D__REDLIB__ -I"C:\Users\aluno\Desktop\FreeRTOS_Library\demo_code" -I"C:\Users\aluno\Desktop\CMSISv1p30_LPC17xx\inc" -I"C:\Users\aluno\Desktop\FreeRTOS_Library\include" -I"C:\Users\aluno\Desktop\FreeRTOS_Library\portable" -I"C:\Users\aluno\Desktop\Lib_CMSISv1p30_LPC17xx\inc" -I"C:\Users\aluno\Desktop\Lib_EaBaseBoard\inc" -I"C:\Users\aluno\Desktop\Lib_MCU\inc" -O0 -g3 -fsigned-char -c -fmessage-length=0 -fno-builtin -ffunction-sections -mcpu=cortex-m3 -mthumb -MMD -MP -MF"main.d" -MT"main.d" -o "main.o" "../main.c"
Finished building: ../main.c
 
Building target: Example06.axf
Invoking: MCU Linker
arm-none-eabi-gcc -nostdlib -L"C:\Users\aluno\Desktop\Lib_CMSISv1p30_LPC17xx\Debug" -L"C:\Users\aluno\Desktop\FreeRTOS_Library\Debug" -L"C:\Users\aluno\Desktop\Lib_EaBaseBoard\Debug" -L"C:\Users\aluno\Desktop\Lib_MCU\Debug" -Xlinker --gc-sections -Xlinker -Map=Example06.map -mcpu=cortex-m3 -mthumb -T "Example06_Debug.ld" -o "Example06.axf"  ./cr_startup_lpc17.o ./main.o ./sensor.o   -lCMSISv1p30_LPC17xx -lFreeRTOS_Library -lLib_EaBaseBoard -lLib_MCU
Finished building target: Example06.axf
 
make --no-print-directory post-build
Performing post-build steps
arm-none-eabi-size Example06.axf; # arm-none-eabi-objcopy -O ihex Example06.axf Example06.hex ;
   text	   data	    bss	    dec	    hex	filename
  30064	    108	  11756	  41928	   a3c8	Example06.axf
 
08:30:24 **** Incremental Build of configuration Debug for project CMSISv1p30_LPC17xx ****
make all 
make: Nothing to be done for `all'.
08:30:25 **** Incremental Build of configuration Debug for project FreeRTOS_Library ****
make all 
make: Nothing to be done for `all'.
08:30:25 **** Incremental Build of configuration Debug for project Lib_CMSISv1p30_LPC17xx ****
make all 
make: Nothing to be done for `all'.
08:30:26 **** Incremental Build of configuration Debug for project Example06 ****
make all 
make: Nothing to be done for `all'.
08:54:51 **** Incremental Build of configuration Debug for project CMSISv1p30_LPC17xx ****
make all 
make: Nothing to be done for `all'.
08:54:51 **** Incremental Build of configuration Debug for project FreeRTOS_Library ****
make all 
make: Nothing to be done for `all'.
08:54:52 **** Incremental Build of configuration Debug for project Lib_CMSISv1p30_LPC17xx ****
make all 
make: Nothing to be done for `all'.
08:54:53 **** Incremental Build of configuration Debug for project Example06 ****
make all 
Building file: ../main.c
Invoking: MCU C Compiler
arm-none-eabi-gcc -DDEBUG -D__USE_CMSIS=CMSISv1p30_LPC17xx -D__CODE_RED -D__REDLIB__ -I"C:\Users\aluno\Desktop\FreeRTOS_Library\demo_code" -I"C:\Users\aluno\Desktop\CMSISv1p30_LPC17xx\inc" -I"C:\Users\aluno\Desktop\FreeRTOS_Library\include" -I"C:\Users\aluno\Desktop\FreeRTOS_Library\portable" -I"C:\Users\aluno\Desktop\Lib_CMSISv1p30_LPC17xx\inc" -I"C:\Users\aluno\Desktop\Lib_EaBaseBoard\inc" -I"C:\Users\aluno\Desktop\Lib_MCU\inc" -O0 -g3 -fsigned-char -c -fmessage-length=0 -fno-builtin -ffunction-sections -mcpu=cortex-m3 -mthumb -MMD -MP -MF"main.d" -MT"main.d" -o "main.o" "../main.c"
Finished building: ../main.c
 
Building file: ../sensor.c
Invoking: MCU C Compiler
arm-none-eabi-gcc -DDEBUG -D__USE_CMSIS=CMSISv1p30_LPC17xx -D__CODE_RED -D__REDLIB__ -I"C:\Users\aluno\Desktop\FreeRTOS_Library\demo_code" -I"C:\Users\aluno\Desktop\CMSISv1p30_LPC17xx\inc" -I"C:\Users\aluno\Desktop\FreeRTOS_Library\include" -I"C:\Users\aluno\Desktop\FreeRTOS_Library\portable" -I"C:\Users\aluno\Desktop\Lib_CMSISv1p30_LPC17xx\inc" -I"C:\Users\aluno\Desktop\Lib_EaBaseBoard\inc" -I"C:\Users\aluno\Desktop\Lib_MCU\inc" -O0 -g3 -fsigned-char -c -fmessage-length=0 -fno-builtin -ffunction-sections -mcpu=cortex-m3 -mthumb -MMD -MP -MF"sensor.d" -MT"sensor.d" -o "sensor.o" "../sensor.c"
Finished building: ../sensor.c
 
Building target: Example06.axf
Invoking: MCU Linker
arm-none-eabi-gcc -nostdlib -L"C:\Users\aluno\Desktop\Lib_CMSISv1p30_LPC17xx\Debug" -L"C:\Users\aluno\Desktop\FreeRTOS_Library\Debug" -L"C:\Users\aluno\Desktop\Lib_EaBaseBoard\Debug" -L"C:\Users\aluno\Desktop\Lib_MCU\Debug" -Xlinker --gc-sections -Xlinker -Map=Example06.map -mcpu=cortex-m3 -mthumb -T "Example06_Debug.ld" -o "Example06.axf"  ./cr_startup_lpc17.o ./main.o ./sensor.o   -lCMSISv1p30_LPC17xx -lFreeRTOS_Library -lLib_EaBaseBoard -lLib_MCU
Finished building target: Example06.axf
 
make --no-print-directory post-build
Performing post-build steps
arm-none-eabi-size Example06.axf; # arm-none-eabi-objcopy -O ihex Example06.axf Example06.hex ;
   text	   data	    bss	    dec	    hex	filename
  30064	    108	  11756	  41928	   a3c8	Example06.axf
 
08:55:00 **** Incremental Build of configuration Debug for project CMSISv1p30_LPC17xx ****
make all 
make: Nothing to be done for `all'.
08:55:00 **** Incremental Build of configuration Debug for project FreeRTOS_Library ****
make all 
make: Nothing to be done for `all'.
08:55:01 **** Incremental Build of configuration Debug for project Lib_CMSISv1p30_LPC17xx ****
make all 
make: Nothing to be done for `all'.
08:55:02 **** Incremental Build of configuration Debug for project Example06 ****
make all 
make: Nothing to be done for `all'.
08:58:22 **** Incremental Build of configuration Debug for project CMSISv1p30_LPC17xx ****
make all 
make: Nothing to be done for `all'.
08:58:23 **** Incremental Build of configuration Debug for project FreeRTOS_Library ****
make all 
make: Nothing to be done for `all'.
08:58:23 **** Incremental Build of configuration Debug for project Lib_CMSISv1p30_LPC17xx ****
make all 
make: Nothing to be done for `all'.
08:58:24 **** Incremental Build of configuration Debug for project Example06 ****
make all 
Building file: ../display_oled.c
Invoking: MCU C Compiler
arm-none-eabi-gcc -DDEBUG -D__USE_CMSIS=CMSISv1p30_LPC17xx -D__CODE_RED -D__REDLIB__ -I"C:\Users\aluno\Desktop\FreeRTOS_Library\demo_code" -I"C:\Users\aluno\Desktop\CMSISv1p30_LPC17xx\inc" -I"C:\Users\aluno\Desktop\FreeRTOS_Library\include" -I"C:\Users\aluno\Desktop\FreeRTOS_Library\portable" -I"C:\Users\aluno\Desktop\Lib_CMSISv1p30_LPC17xx\inc" -I"C:\Users\aluno\Desktop\Lib_EaBaseBoard\inc" -I"C:\Users\aluno\Desktop\Lib_MCU\inc" -O0 -g3 -fsigned-char -c -fmessage-length=0 -fno-builtin -ffunction-sections -mcpu=cortex-m3 -mthumb -MMD -MP -MF"display_oled.d" -MT"display_oled.d" -o "display_oled.o" "../display_oled.c"
In file included from ../display_oled.c:7:0:
C:\Users\aluno\Desktop\Lib_EaBaseBoard\inc/oled.h:23:20: error: unknown type name 'uint8_t'
C:\Users\aluno\Desktop\Lib_EaBaseBoard\inc/oled.h:23:31: error: unknown type name 'uint8_t'
C:\Users\aluno\Desktop\Lib_EaBaseBoard\inc/oled.h:24:16: error: unknown type name 'uint8_t'
C:\Users\aluno\Desktop\Lib_EaBaseBoard\inc/oled.h:24:28: error: unknown type name 'uint8_t'
C:\Users\aluno\Desktop\Lib_EaBaseBoard\inc/oled.h:24:40: error: unknown type name 'uint8_t'
C:\Users\aluno\Desktop\Lib_EaBaseBoard\inc/oled.h:24:52: error: unknown type name 'uint8_t'
C:\Users\aluno\Desktop\Lib_EaBaseBoard\inc/oled.h:25:18: error: unknown type name 'uint8_t'
C:\Users\aluno\Desktop\Lib_EaBaseBoard\inc/oled.h:25:30: error: unknown type name 'uint8_t'
C:\Users\aluno\Desktop\Lib_EaBaseBoard\inc/oled.h:25:42: error: unknown type name 'uint8_t'
C:\Users\aluno\Desktop\Lib_EaBaseBoard\inc/oled.h:26:16: error: unknown type name 'uint8_t'
C:\Users\aluno\Desktop\Lib_EaBaseBoard\inc/oled.h:26:28: error: unknown type name 'uint8_t'
C:\Users\aluno\Desktop\Lib_EaBaseBoard\inc/oled.h:26:40: error: unknown type name 'uint8_t'
C:\Users\aluno\Desktop\Lib_EaBaseBoard\inc/oled.h:26:52: error: unknown type name 'uint8_t'
C:\Users\aluno\Desktop\Lib_EaBaseBoard\inc/oled.h:27:20: error: unknown type name 'uint8_t'
C:\Users\aluno\Desktop\Lib_EaBaseBoard\inc/oled.h:27:32: error: unknown type name 'uint8_t'
C:\Users\aluno\Desktop\Lib_EaBaseBoard\inc/oled.h:27:44: error: unknown type name 'uint8_t'
C:\Users\aluno\Desktop\Lib_EaBaseBoard\inc/oled.h:27:56: error: unknown type name 'uint8_t'
C:\Users\aluno\Desktop\Lib_EaBaseBoard\inc/oled.h:29:21: error: unknown type name 'uint8_t'
C:\Users\aluno\Desktop\Lib_EaBaseBoard\inc/oled.h:29:32: error: unknown type name 'uint8_t'
C:\Users\aluno\Desktop\Lib_EaBaseBoard\inc/oled.h:29:43: error: unknown type name 'uint8_t'
C:\Users\aluno\Desktop\Lib_EaBaseBoard\inc/oled.h:31:1: error: unknown type name 'uint8_t'
C:\Users\aluno\Desktop\Lib_EaBaseBoard\inc/oled.h:31:22: error: unknown type name 'uint8_t'
C:\Users\aluno\Desktop\Lib_EaBaseBoard\inc/oled.h:31:33: error: unknown type name 'uint8_t'
C:\Users\aluno\Desktop\Lib_EaBaseBoard\inc/oled.h:31:44: error: unknown type name 'uint8_t'
make: *** [display_oled.o] Error 1
08:59:00 **** Incremental Build of configuration Debug for project CMSISv1p30_LPC17xx ****
make all 
make: Nothing to be done for `all'.
08:59:01 **** Incremental Build of configuration Debug for project FreeRTOS_Library ****
make all 
make: Nothing to be done for `all'.
08:59:01 **** Incremental Build of configuration Debug for project Lib_CMSISv1p30_LPC17xx ****
make all 
make: Nothing to be done for `all'.
08:59:02 **** Incremental Build of configuration Debug for project Example06 ****
make all 
Building file: ../main.c
Invoking: MCU C Compiler
arm-none-eabi-gcc -DDEBUG -D__USE_CMSIS=CMSISv1p30_LPC17xx -D__CODE_RED -D__REDLIB__ -I"C:\Users\aluno\Desktop\FreeRTOS_Library\demo_code" -I"C:\Users\aluno\Desktop\CMSISv1p30_LPC17xx\inc" -I"C:\Users\aluno\Desktop\FreeRTOS_Library\include" -I"C:\Users\aluno\Desktop\FreeRTOS_Library\portable" -I"C:\Users\aluno\Desktop\Lib_CMSISv1p30_LPC17xx\inc" -I"C:\Users\aluno\Desktop\Lib_EaBaseBoard\inc" -I"C:\Users\aluno\Desktop\Lib_MCU\inc" -O0 -g3 -fsigned-char -c -fmessage-length=0 -fno-builtin -ffunction-sections -mcpu=cortex-m3 -mthumb -MMD -MP -MF"main.d" -MT"main.d" -o "main.o" "../main.c"
Finished building: ../main.c
 
Building file: ../sensor.c
Invoking: MCU C Compiler
arm-none-eabi-gcc -DDEBUG -D__USE_CMSIS=CMSISv1p30_LPC17xx -D__CODE_RED -D__REDLIB__ -I"C:\Users\aluno\Desktop\FreeRTOS_Library\demo_code" -I"C:\Users\aluno\Desktop\CMSISv1p30_LPC17xx\inc" -I"C:\Users\aluno\Desktop\FreeRTOS_Library\include" -I"C:\Users\aluno\Desktop\FreeRTOS_Library\portable" -I"C:\Users\aluno\Desktop\Lib_CMSISv1p30_LPC17xx\inc" -I"C:\Users\aluno\Desktop\Lib_EaBaseBoard\inc" -I"C:\Users\aluno\Desktop\Lib_MCU\inc" -O0 -g3 -fsigned-char -c -fmessage-length=0 -fno-builtin -ffunction-sections -mcpu=cortex-m3 -mthumb -MMD -MP -MF"sensor.d" -MT"sensor.d" -o "sensor.o" "../sensor.c"
../sensor.c: In function 'change7Seg':
../sensor.c:112:17: error: 'RGB_GREEN' undeclared (first use in this function)
../sensor.c:112:17: note: each undeclared identifier is reported only once for each function it appears in
make: *** [sensor.o] Error 1
08:59:47 **** Incremental Build of configuration Debug for project CMSISv1p30_LPC17xx ****
make all 
make: Nothing to be done for `all'.
08:59:48 **** Incremental Build of configuration Debug for project FreeRTOS_Library ****
make all 
make: Nothing to be done for `all'.
08:59:48 **** Incremental Build of configuration Debug for project Lib_CMSISv1p30_LPC17xx ****
make all 
make: Nothing to be done for `all'.
08:59:49 **** Incremental Build of configuration Debug for project Example06 ****
make all 
Building file: ../sensor.c
Invoking: MCU C Compiler
arm-none-eabi-gcc -DDEBUG -D__USE_CMSIS=CMSISv1p30_LPC17xx -D__CODE_RED -D__REDLIB__ -I"C:\Users\aluno\Desktop\FreeRTOS_Library\demo_code" -I"C:\Users\aluno\Desktop\CMSISv1p30_LPC17xx\inc" -I"C:\Users\aluno\Desktop\FreeRTOS_Library\include" -I"C:\Users\aluno\Desktop\FreeRTOS_Library\portable" -I"C:\Users\aluno\Desktop\Lib_CMSISv1p30_LPC17xx\inc" -I"C:\Users\aluno\Desktop\Lib_EaBaseBoard\inc" -I"C:\Users\aluno\Desktop\Lib_MCU\inc" -O0 -g3 -fsigned-char -c -fmessage-length=0 -fno-builtin -ffunction-sections -mcpu=cortex-m3 -mthumb -MMD -MP -MF"sensor.d" -MT"sensor.d" -o "sensor.o" "../sensor.c"
Finished building: ../sensor.c
 
Building target: Example06.axf
Invoking: MCU Linker
arm-none-eabi-gcc -nostdlib -L"C:\Users\aluno\Desktop\Lib_CMSISv1p30_LPC17xx\Debug" -L"C:\Users\aluno\Desktop\FreeRTOS_Library\Debug" -L"C:\Users\aluno\Desktop\Lib_EaBaseBoard\Debug" -L"C:\Users\aluno\Desktop\Lib_MCU\Debug" -Xlinker --gc-sections -Xlinker -Map=Example06.map -mcpu=cortex-m3 -mthumb -T "Example06_Debug.ld" -o "Example06.axf"  ./cr_startup_lpc17.o ./main.o ./sensor.o   -lCMSISv1p30_LPC17xx -lFreeRTOS_Library -lLib_EaBaseBoard -lLib_MCU
Finished building target: Example06.axf
 
make --no-print-directory post-build
Performing post-build steps
arm-none-eabi-size Example06.axf; # arm-none-eabi-objcopy -O ihex Example06.axf Example06.hex ;
   text	   data	    bss	    dec	    hex	filename
  29952	    108	  11756	  41816	   a358	Example06.axf
 
08:59:52 **** Incremental Build of configuration Debug for project CMSISv1p30_LPC17xx ****
make all 
make: Nothing to be done for `all'.
08:59:52 **** Incremental Build of configuration Debug for project FreeRTOS_Library ****
make all 
make: Nothing to be done for `all'.
08:59:53 **** Incremental Build of configuration Debug for project Lib_CMSISv1p30_LPC17xx ****
make all 
make: Nothing to be done for `all'.
08:59:53 **** Incremental Build of configuration Debug for project Example06 ****
make all 
make: Nothing to be done for `all'.
09:00:28 **** Incremental Build of configuration Debug for project CMSISv1p30_LPC17xx ****
make all 
make: Nothing to be done for `all'.
09:00:29 **** Incremental Build of configuration Debug for project FreeRTOS_Library ****
make all 
make: Nothing to be done for `all'.
09:00:29 **** Incremental Build of configuration Debug for project Lib_CMSISv1p30_LPC17xx ****
make all 
make: Nothing to be done for `all'.
09:00:30 **** Incremental Build of configuration Debug for project Example06 ****
make all 
make: Nothing to be done for `all'.
09:10:55 **** Incremental Build of configuration Debug for project CMSISv1p30_LPC17xx ****
make all 
make: Nothing to be done for `all'.
09:10:55 **** Incremental Build of configuration Debug for project FreeRTOS_Library ****
make all 
make: Nothing to be done for `all'.
09:10:56 **** Incremental Build of configuration Debug for project Lib_CMSISv1p30_LPC17xx ****
make all 
make: Nothing to be done for `all'.
09:11:04 **** Incremental Build of configuration Debug for project CMSISv1p30_LPC17xx ****
make all 
make: Nothing to be done for `all'.
09:11:04 **** Incremental Build of configuration Debug for project FreeRTOS_Library ****
make all 
make: Nothing to be done for `all'.
09:11:05 **** Incremental Build of configuration Debug for project Lib_CMSISv1p30_LPC17xx ****
make all 
make: Nothing to be done for `all'.
09:11:05 **** Incremental Build of configuration Debug for project Example06 ****
make all 
Building file: ../display_oled.c
Invoking: MCU C Compiler
arm-none-eabi-gcc -DDEBUG -D__USE_CMSIS=CMSISv1p30_LPC17xx -D__CODE_RED -D__REDLIB__ -I"C:\Users\aluno\Desktop\FreeRTOS_Library\demo_code" -I"C:\Users\aluno\Desktop\CMSISv1p30_LPC17xx\inc" -I"C:\Users\aluno\Desktop\FreeRTOS_Library\include" -I"C:\Users\aluno\Desktop\FreeRTOS_Library\portable" -I"C:\Users\aluno\Desktop\Lib_CMSISv1p30_LPC17xx\inc" -I"C:\Users\aluno\Desktop\Lib_EaBaseBoard\inc" -I"C:\Users\aluno\Desktop\Lib_MCU\inc" -O0 -g3 -fsigned-char -c -fmessage-length=0 -fno-builtin -ffunction-sections -mcpu=cortex-m3 -mthumb -MMD -MP -MF"display_oled.d" -MT"display_oled.d" -o "display_oled.o" "../display_oled.c"
../display_oled.c:17:13: error: static declaration of 'intToString' follows non-static declaration
../display_oled.h:13:6: note: previous declaration of 'intToString' was here
../display_oled.c: In function 'DisplayOled_write':
../display_oled.c:27:30: error: 'buf' undeclared (first use in this function)
../display_oled.c:27:30: note: each undeclared identifier is reported only once for each function it appears in
make: *** [display_oled.o] Error 1
09:11:25 **** Incremental Build of configuration Debug for project CMSISv1p30_LPC17xx ****
make all 
make: Nothing to be done for `all'.
09:11:25 **** Incremental Build of configuration Debug for project FreeRTOS_Library ****
make all 
make: Nothing to be done for `all'.
09:11:26 **** Incremental Build of configuration Debug for project Lib_CMSISv1p30_LPC17xx ****
make all 
make: Nothing to be done for `all'.
09:11:26 **** Incremental Build of configuration Debug for project Example06 ****
make all 
Building file: ../display_oled.c
Invoking: MCU C Compiler
arm-none-eabi-gcc -DDEBUG -D__USE_CMSIS=CMSISv1p30_LPC17xx -D__CODE_RED -D__REDLIB__ -I"C:\Users\aluno\Desktop\FreeRTOS_Library\demo_code" -I"C:\Users\aluno\Desktop\CMSISv1p30_LPC17xx\inc" -I"C:\Users\aluno\Desktop\FreeRTOS_Library\include" -I"C:\Users\aluno\Desktop\FreeRTOS_Library\portable" -I"C:\Users\aluno\Desktop\Lib_CMSISv1p30_LPC17xx\inc" -I"C:\Users\aluno\Desktop\Lib_EaBaseBoard\inc" -I"C:\Users\aluno\Desktop\Lib_MCU\inc" -O0 -g3 -fsigned-char -c -fmessage-length=0 -fno-builtin -ffunction-sections -mcpu=cortex-m3 -mthumb -MMD -MP -MF"display_oled.d" -MT"display_oled.d" -o "display_oled.o" "../display_oled.c"
../display_oled.c:17:13: error: static declaration of 'intToString' follows non-static declaration
../display_oled.h:13:6: note: previous declaration of 'intToString' was here
../display_oled.c: In function 'DisplayOled_write':
../display_oled.c:82:30: error: 'buf' undeclared (first use in this function)
../display_oled.c:82:30: note: each undeclared identifier is reported only once for each function it appears in
make: *** [display_oled.o] Error 1
09:12:15 **** Incremental Build of configuration Debug for project CMSISv1p30_LPC17xx ****
make all 
make: Nothing to be done for `all'.
09:12:16 **** Incremental Build of configuration Debug for project FreeRTOS_Library ****
make all 
make: Nothing to be done for `all'.
09:12:17 **** Incremental Build of configuration Debug for project Lib_CMSISv1p30_LPC17xx ****
make all 
make: Nothing to be done for `all'.
09:12:17 **** Incremental Build of configuration Debug for project Example06 ****
make all 
Building file: ../display_oled.c
Invoking: MCU C Compiler
arm-none-eabi-gcc -DDEBUG -D__USE_CMSIS=CMSISv1p30_LPC17xx -D__CODE_RED -D__REDLIB__ -I"C:\Users\aluno\Desktop\FreeRTOS_Library\demo_code" -I"C:\Users\aluno\Desktop\CMSISv1p30_LPC17xx\inc" -I"C:\Users\aluno\Desktop\FreeRTOS_Library\include" -I"C:\Users\aluno\Desktop\FreeRTOS_Library\portable" -I"C:\Users\aluno\Desktop\Lib_CMSISv1p30_LPC17xx\inc" -I"C:\Users\aluno\Desktop\Lib_EaBaseBoard\inc" -I"C:\Users\aluno\Desktop\Lib_MCU\inc" -O0 -g3 -fsigned-char -c -fmessage-length=0 -fno-builtin -ffunction-sections -mcpu=cortex-m3 -mthumb -MMD -MP -MF"display_oled.d" -MT"display_oled.d" -o "display_oled.o" "../display_oled.c"
../display_oled.c:18:13: error: static declaration of 'intToString' follows non-static declaration
../display_oled.h:13:6: note: previous declaration of 'intToString' was here
make: *** [display_oled.o] Error 1
09:12:27 **** Incremental Build of configuration Debug for project CMSISv1p30_LPC17xx ****
make all 
make: Nothing to be done for `all'.
09:12:28 **** Incremental Build of configuration Debug for project FreeRTOS_Library ****
make all 
make: Nothing to be done for `all'.
09:12:28 **** Incremental Build of configuration Debug for project Lib_CMSISv1p30_LPC17xx ****
make all 
make: Nothing to be done for `all'.
09:12:29 **** Incremental Build of configuration Debug for project Example06 ****
make all 
Building file: ../display_oled.c
Invoking: MCU C Compiler
arm-none-eabi-gcc -DDEBUG -D__USE_CMSIS=CMSISv1p30_LPC17xx -D__CODE_RED -D__REDLIB__ -I"C:\Users\aluno\Desktop\FreeRTOS_Library\demo_code" -I"C:\Users\aluno\Desktop\CMSISv1p30_LPC17xx\inc" -I"C:\Users\aluno\Desktop\FreeRTOS_Library\include" -I"C:\Users\aluno\Desktop\FreeRTOS_Library\portable" -I"C:\Users\aluno\Desktop\Lib_CMSISv1p30_LPC17xx\inc" -I"C:\Users\aluno\Desktop\Lib_EaBaseBoard\inc" -I"C:\Users\aluno\Desktop\Lib_MCU\inc" -O0 -g3 -fsigned-char -c -fmessage-length=0 -fno-builtin -ffunction-sections -mcpu=cortex-m3 -mthumb -MMD -MP -MF"display_oled.d" -MT"display_oled.d" -o "display_oled.o" "../display_oled.c"
../display_oled.c:29:13: error: static declaration of 'intToString' follows non-static declaration
../display_oled.c:18:6: note: previous declaration of 'intToString' was here
make: *** [display_oled.o] Error 1
09:12:37 **** Incremental Build of configuration Debug for project CMSISv1p30_LPC17xx ****
make all 
make: Nothing to be done for `all'.
09:12:37 **** Incremental Build of configuration Debug for project FreeRTOS_Library ****
make all 
make: Nothing to be done for `all'.
09:12:38 **** Incremental Build of configuration Debug for project Lib_CMSISv1p30_LPC17xx ****
make all 
make: Nothing to be done for `all'.
09:12:38 **** Incremental Build of configuration Debug for project Example06 ****
make all 
Building file: ../display_oled.c
Invoking: MCU C Compiler
arm-none-eabi-gcc -DDEBUG -D__USE_CMSIS=CMSISv1p30_LPC17xx -D__CODE_RED -D__REDLIB__ -I"C:\Users\aluno\Desktop\FreeRTOS_Library\demo_code" -I"C:\Users\aluno\Desktop\CMSISv1p30_LPC17xx\inc" -I"C:\Users\aluno\Desktop\FreeRTOS_Library\include" -I"C:\Users\aluno\Desktop\FreeRTOS_Library\portable" -I"C:\Users\aluno\Desktop\Lib_CMSISv1p30_LPC17xx\inc" -I"C:\Users\aluno\Desktop\Lib_EaBaseBoard\inc" -I"C:\Users\aluno\Desktop\Lib_MCU\inc" -O0 -g3 -fsigned-char -c -fmessage-length=0 -fno-builtin -ffunction-sections -mcpu=cortex-m3 -mthumb -MMD -MP -MF"display_oled.d" -MT"display_oled.d" -o "display_oled.o" "../display_oled.c"
Finished building: ../display_oled.c
 
Building file: ../main.c
Invoking: MCU C Compiler
arm-none-eabi-gcc -DDEBUG -D__USE_CMSIS=CMSISv1p30_LPC17xx -D__CODE_RED -D__REDLIB__ -I"C:\Users\aluno\Desktop\FreeRTOS_Library\demo_code" -I"C:\Users\aluno\Desktop\CMSISv1p30_LPC17xx\inc" -I"C:\Users\aluno\Desktop\FreeRTOS_Library\include" -I"C:\Users\aluno\Desktop\FreeRTOS_Library\portable" -I"C:\Users\aluno\Desktop\Lib_CMSISv1p30_LPC17xx\inc" -I"C:\Users\aluno\Desktop\Lib_EaBaseBoard\inc" -I"C:\Users\aluno\Desktop\Lib_MCU\inc" -O0 -g3 -fsigned-char -c -fmessage-length=0 -fno-builtin -ffunction-sections -mcpu=cortex-m3 -mthumb -MMD -MP -MF"main.d" -MT"main.d" -o "main.o" "../main.c"
Finished building: ../main.c
 
Building target: Example06.axf
Invoking: MCU Linker
arm-none-eabi-gcc -nostdlib -L"C:\Users\aluno\Desktop\Lib_CMSISv1p30_LPC17xx\Debug" -L"C:\Users\aluno\Desktop\FreeRTOS_Library\Debug" -L"C:\Users\aluno\Desktop\Lib_EaBaseBoard\Debug" -L"C:\Users\aluno\Desktop\Lib_MCU\Debug" -Xlinker --gc-sections -Xlinker -Map=Example06.map -mcpu=cortex-m3 -mthumb -T "Example06_Debug.ld" -o "Example06.axf"  ./cr_startup_lpc17.o ./display_oled.o ./main.o ./sensor.o   -lCMSISv1p30_LPC17xx -lFreeRTOS_Library -lLib_EaBaseBoard -lLib_MCU
./display_oled.o: In function `DisplayOled_new':
C:\Users\aluno\Desktop\Example06\Debug/../display_oled.c:21: undefined reference to `init_ssp'
collect2: ld returned 1 exit status
make: *** [Example06.axf] Error 1
09:13:55 **** Incremental Build of configuration Debug for project CMSISv1p30_LPC17xx ****
make all 
make: Nothing to be done for `all'.
09:13:56 **** Incremental Build of configuration Debug for project FreeRTOS_Library ****
make all 
make: Nothing to be done for `all'.
09:13:57 **** Incremental Build of configuration Debug for project Lib_CMSISv1p30_LPC17xx ****
make all 
make: Nothing to be done for `all'.
09:13:57 **** Incremental Build of configuration Debug for project Example06 ****
make all 
Building file: ../display_oled.c
Invoking: MCU C Compiler
arm-none-eabi-gcc -DDEBUG -D__USE_CMSIS=CMSISv1p30_LPC17xx -D__CODE_RED -D__REDLIB__ -I"C:\Users\aluno\Desktop\FreeRTOS_Library\demo_code" -I"C:\Users\aluno\Desktop\CMSISv1p30_LPC17xx\inc" -I"C:\Users\aluno\Desktop\FreeRTOS_Library\include" -I"C:\Users\aluno\Desktop\FreeRTOS_Library\portable" -I"C:\Users\aluno\Desktop\Lib_CMSISv1p30_LPC17xx\inc" -I"C:\Users\aluno\Desktop\Lib_EaBaseBoard\inc" -I"C:\Users\aluno\Desktop\Lib_MCU\inc" -O0 -g3 -fsigned-char -c -fmessage-length=0 -fno-builtin -ffunction-sections -mcpu=cortex-m3 -mthumb -MMD -MP -MF"display_oled.d" -MT"display_oled.d" -o "display_oled.o" "../display_oled.c"
Finished building: ../display_oled.c
 
Building file: ../main.c
Invoking: MCU C Compiler
arm-none-eabi-gcc -DDEBUG -D__USE_CMSIS=CMSISv1p30_LPC17xx -D__CODE_RED -D__REDLIB__ -I"C:\Users\aluno\Desktop\FreeRTOS_Library\demo_code" -I"C:\Users\aluno\Desktop\CMSISv1p30_LPC17xx\inc" -I"C:\Users\aluno\Desktop\FreeRTOS_Library\include" -I"C:\Users\aluno\Desktop\FreeRTOS_Library\portable" -I"C:\Users\aluno\Desktop\Lib_CMSISv1p30_LPC17xx\inc" -I"C:\Users\aluno\Desktop\Lib_EaBaseBoard\inc" -I"C:\Users\aluno\Desktop\Lib_MCU\inc" -O0 -g3 -fsigned-char -c -fmessage-length=0 -fno-builtin -ffunction-sections -mcpu=cortex-m3 -mthumb -MMD -MP -MF"main.d" -MT"main.d" -o "main.o" "../main.c"
Finished building: ../main.c
 
Building target: Example06.axf
Invoking: MCU Linker
arm-none-eabi-gcc -nostdlib -L"C:\Users\aluno\Desktop\Lib_CMSISv1p30_LPC17xx\Debug" -L"C:\Users\aluno\Desktop\FreeRTOS_Library\Debug" -L"C:\Users\aluno\Desktop\Lib_EaBaseBoard\Debug" -L"C:\Users\aluno\Desktop\Lib_MCU\Debug" -Xlinker --gc-sections -Xlinker -Map=Example06.map -mcpu=cortex-m3 -mthumb -T "Example06_Debug.ld" -o "Example06.axf"  ./cr_startup_lpc17.o ./display_oled.o ./main.o ./sensor.o   -lCMSISv1p30_LPC17xx -lFreeRTOS_Library -lLib_EaBaseBoard -lLib_MCU
Finished building target: Example06.axf
 
make --no-print-directory post-build
Performing post-build steps
arm-none-eabi-size Example06.axf; # arm-none-eabi-objcopy -O ihex Example06.axf Example06.hex ;
   text	   data	    bss	    dec	    hex	filename
  29992	    108	  11756	  41856	   a380	Example06.axf
 
09:14:03 **** Incremental Build of configuration Debug for project CMSISv1p30_LPC17xx ****
make all 
make: Nothing to be done for `all'.
09:14:03 **** Incremental Build of configuration Debug for project FreeRTOS_Library ****
make all 
make: Nothing to be done for `all'.
09:14:04 **** Incremental Build of configuration Debug for project Lib_CMSISv1p30_LPC17xx ****
make all 
make: Nothing to be done for `all'.
09:14:04 **** Incremental Build of configuration Debug for project Example06 ****
make all 
make: Nothing to be done for `all'.
09:14:18 **** Incremental Build of configuration Debug for project CMSISv1p30_LPC17xx ****
make all 
make: Nothing to be done for `all'.
09:14:18 **** Incremental Build of configuration Debug for project FreeRTOS_Library ****
make all 
make: Nothing to be done for `all'.
09:14:19 **** Incremental Build of configuration Debug for project Lib_CMSISv1p30_LPC17xx ****
make all 
make: Nothing to be done for `all'.
09:14:20 **** Incremental Build of configuration Debug for project Example06 ****
make all 
make: Nothing to be done for `all'.
